ARM GAS  C:\Users\ccheney\AppData\Local\Temp\ccZYXczd.s 			page 1


   1              		.syntax unified
   2              		.cpu cortex-m0
   3              		.fpu softvfp
   4              		.eabi_attribute 20, 1
   5              		.eabi_attribute 21, 1
   6              		.eabi_attribute 23, 3
   7              		.eabi_attribute 24, 1
   8              		.eabi_attribute 25, 1
   9              		.eabi_attribute 26, 1
  10              		.eabi_attribute 30, 1
  11              		.eabi_attribute 34, 0
  12              		.eabi_attribute 18, 4
  13              		.thumb
  14              		.syntax unified
  15              		.file	"cyfitter_cfg.c"
  16              		.text
  17              	.Ltext0:
  18              		.cfi_sections	.debug_frame
  19              		.section	.text.AnalogSetDefault,"ax",%progbits
  20              		.align	2
  21              		.code	16
  22              		.thumb_func
  23              		.type	AnalogSetDefault, %function
  24              	AnalogSetDefault:
  25              	.LFB6:
  26              		.file 1 "Generated_Source\\PSoC4\\cyfitter_cfg.c"
   1:Generated_Source\PSoC4/cyfitter_cfg.c **** 
   2:Generated_Source\PSoC4/cyfitter_cfg.c **** /*******************************************************************************
   3:Generated_Source\PSoC4/cyfitter_cfg.c **** * File Name: cyfitter_cfg.c
   4:Generated_Source\PSoC4/cyfitter_cfg.c **** * 
   5:Generated_Source\PSoC4/cyfitter_cfg.c **** * PSoC Creator  4.2
   6:Generated_Source\PSoC4/cyfitter_cfg.c **** *
   7:Generated_Source\PSoC4/cyfitter_cfg.c **** * Description:
   8:Generated_Source\PSoC4/cyfitter_cfg.c **** * This file contains device initialization code.
   9:Generated_Source\PSoC4/cyfitter_cfg.c **** * Except for the user defined sections in CyClockStartupError(), this file should not be modified.
  10:Generated_Source\PSoC4/cyfitter_cfg.c **** * This file is automatically generated by PSoC Creator.
  11:Generated_Source\PSoC4/cyfitter_cfg.c **** *
  12:Generated_Source\PSoC4/cyfitter_cfg.c **** ********************************************************************************
  13:Generated_Source\PSoC4/cyfitter_cfg.c **** * Copyright (c) 2007-2018 Cypress Semiconductor.  All rights reserved.
  14:Generated_Source\PSoC4/cyfitter_cfg.c **** * You may use this file only in accordance with the license, terms, conditions, 
  15:Generated_Source\PSoC4/cyfitter_cfg.c **** * disclaimers, and limitations in the end user license agreement accompanying 
  16:Generated_Source\PSoC4/cyfitter_cfg.c **** * the software package with which this file was provided.
  17:Generated_Source\PSoC4/cyfitter_cfg.c **** ********************************************************************************/
  18:Generated_Source\PSoC4/cyfitter_cfg.c **** 
  19:Generated_Source\PSoC4/cyfitter_cfg.c **** #include <string.h>
  20:Generated_Source\PSoC4/cyfitter_cfg.c **** #include "cytypes.h"
  21:Generated_Source\PSoC4/cyfitter_cfg.c **** #include "cydevice_trm.h"
  22:Generated_Source\PSoC4/cyfitter_cfg.c **** #include "cyfitter.h"
  23:Generated_Source\PSoC4/cyfitter_cfg.c **** #include "CyLib.h"
  24:Generated_Source\PSoC4/cyfitter_cfg.c **** #include "CyLFClk.h"
  25:Generated_Source\PSoC4/cyfitter_cfg.c **** #include "cyfitter_cfg.h"
  26:Generated_Source\PSoC4/cyfitter_cfg.c **** #include "cyapicallbacks.h"
  27:Generated_Source\PSoC4/cyfitter_cfg.c **** 
  28:Generated_Source\PSoC4/cyfitter_cfg.c **** 
  29:Generated_Source\PSoC4/cyfitter_cfg.c **** #if defined(__GNUC__) || defined(__ARMCC_VERSION)
  30:Generated_Source\PSoC4/cyfitter_cfg.c ****     #define CYPACKED 
  31:Generated_Source\PSoC4/cyfitter_cfg.c ****     #define CYPACKED_ATTR __attribute__ ((packed))
ARM GAS  C:\Users\ccheney\AppData\Local\Temp\ccZYXczd.s 			page 2


  32:Generated_Source\PSoC4/cyfitter_cfg.c ****     #define CYALIGNED __attribute__ ((aligned))
  33:Generated_Source\PSoC4/cyfitter_cfg.c ****     #define CY_CFG_UNUSED __attribute__ ((unused))
  34:Generated_Source\PSoC4/cyfitter_cfg.c ****     #ifndef CY_CFG_SECTION
  35:Generated_Source\PSoC4/cyfitter_cfg.c ****         #define CY_CFG_SECTION __attribute__ ((section(".psocinit")))
  36:Generated_Source\PSoC4/cyfitter_cfg.c ****     #endif
  37:Generated_Source\PSoC4/cyfitter_cfg.c ****     
  38:Generated_Source\PSoC4/cyfitter_cfg.c ****     #if defined(__ARMCC_VERSION)
  39:Generated_Source\PSoC4/cyfitter_cfg.c ****         #define CY_CFG_MEMORY_BARRIER() __memory_changed()
  40:Generated_Source\PSoC4/cyfitter_cfg.c ****     #else
  41:Generated_Source\PSoC4/cyfitter_cfg.c ****         #define CY_CFG_MEMORY_BARRIER() __sync_synchronize()
  42:Generated_Source\PSoC4/cyfitter_cfg.c ****     #endif
  43:Generated_Source\PSoC4/cyfitter_cfg.c ****     
  44:Generated_Source\PSoC4/cyfitter_cfg.c **** #elif defined(__ICCARM__)
  45:Generated_Source\PSoC4/cyfitter_cfg.c ****     #include <intrinsics.h>
  46:Generated_Source\PSoC4/cyfitter_cfg.c **** 
  47:Generated_Source\PSoC4/cyfitter_cfg.c ****     #define CYPACKED __packed
  48:Generated_Source\PSoC4/cyfitter_cfg.c ****     #define CYPACKED_ATTR 
  49:Generated_Source\PSoC4/cyfitter_cfg.c ****     #define CYALIGNED _Pragma("data_alignment=4")
  50:Generated_Source\PSoC4/cyfitter_cfg.c ****     #define CY_CFG_UNUSED _Pragma("diag_suppress=Pe177")
  51:Generated_Source\PSoC4/cyfitter_cfg.c ****     #define CY_CFG_SECTION _Pragma("location=\".psocinit\"")
  52:Generated_Source\PSoC4/cyfitter_cfg.c ****     
  53:Generated_Source\PSoC4/cyfitter_cfg.c ****     #define CY_CFG_MEMORY_BARRIER() __DMB()
  54:Generated_Source\PSoC4/cyfitter_cfg.c ****     
  55:Generated_Source\PSoC4/cyfitter_cfg.c **** #else
  56:Generated_Source\PSoC4/cyfitter_cfg.c ****     #error Unsupported toolchain
  57:Generated_Source\PSoC4/cyfitter_cfg.c **** #endif
  58:Generated_Source\PSoC4/cyfitter_cfg.c **** 
  59:Generated_Source\PSoC4/cyfitter_cfg.c **** #ifndef CYCODE
  60:Generated_Source\PSoC4/cyfitter_cfg.c ****     #define CYCODE
  61:Generated_Source\PSoC4/cyfitter_cfg.c **** #endif
  62:Generated_Source\PSoC4/cyfitter_cfg.c **** #ifndef CYDATA
  63:Generated_Source\PSoC4/cyfitter_cfg.c ****     #define CYDATA
  64:Generated_Source\PSoC4/cyfitter_cfg.c **** #endif
  65:Generated_Source\PSoC4/cyfitter_cfg.c **** #ifndef CYFAR
  66:Generated_Source\PSoC4/cyfitter_cfg.c ****     #define CYFAR
  67:Generated_Source\PSoC4/cyfitter_cfg.c **** #endif
  68:Generated_Source\PSoC4/cyfitter_cfg.c **** #ifndef CYXDATA
  69:Generated_Source\PSoC4/cyfitter_cfg.c ****     #define CYXDATA
  70:Generated_Source\PSoC4/cyfitter_cfg.c **** #endif
  71:Generated_Source\PSoC4/cyfitter_cfg.c **** 
  72:Generated_Source\PSoC4/cyfitter_cfg.c **** 
  73:Generated_Source\PSoC4/cyfitter_cfg.c **** CY_CFG_UNUSED
  74:Generated_Source\PSoC4/cyfitter_cfg.c **** static void CYMEMZERO(void *s, size_t n);
  75:Generated_Source\PSoC4/cyfitter_cfg.c **** CY_CFG_UNUSED
  76:Generated_Source\PSoC4/cyfitter_cfg.c **** static void CYMEMZERO(void *s, size_t n)
  77:Generated_Source\PSoC4/cyfitter_cfg.c **** {
  78:Generated_Source\PSoC4/cyfitter_cfg.c **** 	(void)memset(s, 0, n);
  79:Generated_Source\PSoC4/cyfitter_cfg.c **** }
  80:Generated_Source\PSoC4/cyfitter_cfg.c **** CY_CFG_UNUSED
  81:Generated_Source\PSoC4/cyfitter_cfg.c **** static void CYCONFIGCPY(void *dest, const void *src, size_t n);
  82:Generated_Source\PSoC4/cyfitter_cfg.c **** CY_CFG_UNUSED
  83:Generated_Source\PSoC4/cyfitter_cfg.c **** static void CYCONFIGCPY(void *dest, const void *src, size_t n)
  84:Generated_Source\PSoC4/cyfitter_cfg.c **** {
  85:Generated_Source\PSoC4/cyfitter_cfg.c **** 	(void)memcpy(dest, src, n);
  86:Generated_Source\PSoC4/cyfitter_cfg.c **** }
  87:Generated_Source\PSoC4/cyfitter_cfg.c **** CY_CFG_UNUSED
  88:Generated_Source\PSoC4/cyfitter_cfg.c **** static void CYCONFIGCPYCODE(void *dest, const void *src, size_t n);
ARM GAS  C:\Users\ccheney\AppData\Local\Temp\ccZYXczd.s 			page 3


  89:Generated_Source\PSoC4/cyfitter_cfg.c **** CY_CFG_UNUSED
  90:Generated_Source\PSoC4/cyfitter_cfg.c **** static void CYCONFIGCPYCODE(void *dest, const void *src, size_t n)
  91:Generated_Source\PSoC4/cyfitter_cfg.c **** {
  92:Generated_Source\PSoC4/cyfitter_cfg.c **** 	(void)memcpy(dest, src, n);
  93:Generated_Source\PSoC4/cyfitter_cfg.c **** }
  94:Generated_Source\PSoC4/cyfitter_cfg.c **** 
  95:Generated_Source\PSoC4/cyfitter_cfg.c **** 
  96:Generated_Source\PSoC4/cyfitter_cfg.c **** 
  97:Generated_Source\PSoC4/cyfitter_cfg.c **** 
  98:Generated_Source\PSoC4/cyfitter_cfg.c **** /* Clock startup error codes                                                   */
  99:Generated_Source\PSoC4/cyfitter_cfg.c **** #define CYCLOCKSTART_NO_ERROR    0u
 100:Generated_Source\PSoC4/cyfitter_cfg.c **** #define CYCLOCKSTART_XTAL_ERROR  1u
 101:Generated_Source\PSoC4/cyfitter_cfg.c **** #define CYCLOCKSTART_32KHZ_ERROR 2u
 102:Generated_Source\PSoC4/cyfitter_cfg.c **** #define CYCLOCKSTART_PLL_ERROR   3u
 103:Generated_Source\PSoC4/cyfitter_cfg.c **** #define CYCLOCKSTART_FLL_ERROR   4u
 104:Generated_Source\PSoC4/cyfitter_cfg.c **** #define CYCLOCKSTART_WCO_ERROR   5u
 105:Generated_Source\PSoC4/cyfitter_cfg.c **** 
 106:Generated_Source\PSoC4/cyfitter_cfg.c **** 
 107:Generated_Source\PSoC4/cyfitter_cfg.c **** #ifdef CY_NEED_CYCLOCKSTARTUPERROR
 108:Generated_Source\PSoC4/cyfitter_cfg.c **** /*******************************************************************************
 109:Generated_Source\PSoC4/cyfitter_cfg.c **** * Function Name: CyClockStartupError
 110:Generated_Source\PSoC4/cyfitter_cfg.c **** ********************************************************************************
 111:Generated_Source\PSoC4/cyfitter_cfg.c **** * Summary:
 112:Generated_Source\PSoC4/cyfitter_cfg.c **** *  If an error is encountered during clock configuration (crystal startup error,
 113:Generated_Source\PSoC4/cyfitter_cfg.c **** *  PLL lock error, etc.), the system will end up here.  Unless reimplemented by
 114:Generated_Source\PSoC4/cyfitter_cfg.c **** *  the customer, this function will stop in an infinite loop.
 115:Generated_Source\PSoC4/cyfitter_cfg.c **** *
 116:Generated_Source\PSoC4/cyfitter_cfg.c **** * Parameters:
 117:Generated_Source\PSoC4/cyfitter_cfg.c **** *   void
 118:Generated_Source\PSoC4/cyfitter_cfg.c **** *
 119:Generated_Source\PSoC4/cyfitter_cfg.c **** * Return:
 120:Generated_Source\PSoC4/cyfitter_cfg.c **** *   void
 121:Generated_Source\PSoC4/cyfitter_cfg.c **** *
 122:Generated_Source\PSoC4/cyfitter_cfg.c **** *******************************************************************************/
 123:Generated_Source\PSoC4/cyfitter_cfg.c **** CY_CFG_UNUSED
 124:Generated_Source\PSoC4/cyfitter_cfg.c **** static void CyClockStartupError(uint8 errorCode);
 125:Generated_Source\PSoC4/cyfitter_cfg.c **** CY_CFG_UNUSED
 126:Generated_Source\PSoC4/cyfitter_cfg.c **** static void CyClockStartupError(uint8 errorCode)
 127:Generated_Source\PSoC4/cyfitter_cfg.c **** {
 128:Generated_Source\PSoC4/cyfitter_cfg.c ****     /* To remove the compiler warning if errorCode not used.                */
 129:Generated_Source\PSoC4/cyfitter_cfg.c ****     errorCode = errorCode;
 130:Generated_Source\PSoC4/cyfitter_cfg.c **** 
 131:Generated_Source\PSoC4/cyfitter_cfg.c ****     /* If we have a clock startup error (bad MHz crystal, PLL lock, etc.),  */
 132:Generated_Source\PSoC4/cyfitter_cfg.c ****     /* we will end up here to allow the customer to implement something to  */
 133:Generated_Source\PSoC4/cyfitter_cfg.c ****     /* deal with the clock condition.                                       */
 134:Generated_Source\PSoC4/cyfitter_cfg.c **** 
 135:Generated_Source\PSoC4/cyfitter_cfg.c **** #ifdef CY_CFG_CLOCK_STARTUP_ERROR_CALLBACK
 136:Generated_Source\PSoC4/cyfitter_cfg.c ****     CY_CFG_Clock_Startup_ErrorCallback();
 137:Generated_Source\PSoC4/cyfitter_cfg.c **** #else
 138:Generated_Source\PSoC4/cyfitter_cfg.c ****     /*  If not using CY_CFG_CLOCK_STARTUP_ERROR_CALLBACK, place your clock startup code here. */
 139:Generated_Source\PSoC4/cyfitter_cfg.c ****     /* `#START CyClockStartupError` */
 140:Generated_Source\PSoC4/cyfitter_cfg.c **** 
 141:Generated_Source\PSoC4/cyfitter_cfg.c **** 
 142:Generated_Source\PSoC4/cyfitter_cfg.c **** 
 143:Generated_Source\PSoC4/cyfitter_cfg.c ****     /* `#END` */
 144:Generated_Source\PSoC4/cyfitter_cfg.c **** 
 145:Generated_Source\PSoC4/cyfitter_cfg.c ****     while(1) {}
ARM GAS  C:\Users\ccheney\AppData\Local\Temp\ccZYXczd.s 			page 4


 146:Generated_Source\PSoC4/cyfitter_cfg.c **** #endif /* CY_CFG_CLOCK_STARTUP_ERROR_CALLBACK */
 147:Generated_Source\PSoC4/cyfitter_cfg.c **** }
 148:Generated_Source\PSoC4/cyfitter_cfg.c **** #endif
 149:Generated_Source\PSoC4/cyfitter_cfg.c **** 
 150:Generated_Source\PSoC4/cyfitter_cfg.c **** 
 151:Generated_Source\PSoC4/cyfitter_cfg.c **** 
 152:Generated_Source\PSoC4/cyfitter_cfg.c **** /*******************************************************************************
 153:Generated_Source\PSoC4/cyfitter_cfg.c **** * Function Name: ClockSetup
 154:Generated_Source\PSoC4/cyfitter_cfg.c **** ********************************************************************************
 155:Generated_Source\PSoC4/cyfitter_cfg.c **** *
 156:Generated_Source\PSoC4/cyfitter_cfg.c **** * Summary:
 157:Generated_Source\PSoC4/cyfitter_cfg.c **** *   Performs the initialization of all of the clocks in the device based on the
 158:Generated_Source\PSoC4/cyfitter_cfg.c **** *   settings in the Clock tab of the DWR.  This includes enabling the requested
 159:Generated_Source\PSoC4/cyfitter_cfg.c **** *   clocks and setting the necessary dividers to produce the desired frequency. 
 160:Generated_Source\PSoC4/cyfitter_cfg.c **** *
 161:Generated_Source\PSoC4/cyfitter_cfg.c **** * Parameters:
 162:Generated_Source\PSoC4/cyfitter_cfg.c **** *   void
 163:Generated_Source\PSoC4/cyfitter_cfg.c **** *
 164:Generated_Source\PSoC4/cyfitter_cfg.c **** * Return:
 165:Generated_Source\PSoC4/cyfitter_cfg.c **** *   void
 166:Generated_Source\PSoC4/cyfitter_cfg.c **** *
 167:Generated_Source\PSoC4/cyfitter_cfg.c **** *******************************************************************************/
 168:Generated_Source\PSoC4/cyfitter_cfg.c **** static void ClockSetup(void);
 169:Generated_Source\PSoC4/cyfitter_cfg.c **** CY_CFG_SECTION
 170:Generated_Source\PSoC4/cyfitter_cfg.c **** static void ClockSetup(void)
 171:Generated_Source\PSoC4/cyfitter_cfg.c **** {
 172:Generated_Source\PSoC4/cyfitter_cfg.c **** 
 173:Generated_Source\PSoC4/cyfitter_cfg.c **** 	/* Set Flash Cycles based on max possible frequency in case a glitch occurs during ClockSetup(). *
 174:Generated_Source\PSoC4/cyfitter_cfg.c **** 	CY_SET_REG32((void CYXDATA *)(CYREG_CPUSS_FLASH_CTL), (0x0012u));
 175:Generated_Source\PSoC4/cyfitter_cfg.c **** 
 176:Generated_Source\PSoC4/cyfitter_cfg.c **** 	/* Start the WCO */
 177:Generated_Source\PSoC4/cyfitter_cfg.c **** 	CySysClkWcoStart();
 178:Generated_Source\PSoC4/cyfitter_cfg.c **** 	CyDelayCycles(12000000u); /* WCO may take up to 500ms to start */
 179:Generated_Source\PSoC4/cyfitter_cfg.c **** 	(void)CySysClkWcoSetPowerMode(CY_SYS_CLK_WCO_LPM);    /* Switch to the low power mode */
 180:Generated_Source\PSoC4/cyfitter_cfg.c **** 
 181:Generated_Source\PSoC4/cyfitter_cfg.c **** 	/* Setup and trim IMO based on desired frequency. */
 182:Generated_Source\PSoC4/cyfitter_cfg.c **** 	CySysClkWriteImoFreq(48u);
 183:Generated_Source\PSoC4/cyfitter_cfg.c **** 	/* CYDEV_CLK_ILO_CONFIG Starting address: CYDEV_CLK_ILO_CONFIG */
 184:Generated_Source\PSoC4/cyfitter_cfg.c **** 	CY_SET_REG32((void *)(CYREG_CLK_ILO_CONFIG), 0x80000006u);
 185:Generated_Source\PSoC4/cyfitter_cfg.c **** 
 186:Generated_Source\PSoC4/cyfitter_cfg.c **** 	/* CYDEV_WDT_CONFIG Starting address: CYDEV_WDT_CONFIG */
 187:Generated_Source\PSoC4/cyfitter_cfg.c **** 	CY_SET_REG32((void *)(CYREG_WDT_CONFIG), 0x40000000u);
 188:Generated_Source\PSoC4/cyfitter_cfg.c **** 
 189:Generated_Source\PSoC4/cyfitter_cfg.c **** 
 190:Generated_Source\PSoC4/cyfitter_cfg.c **** 	/* Enable fast start mode for XO */
 191:Generated_Source\PSoC4/cyfitter_cfg.c **** 	CY_SET_REG32((void*)CYREG_BLE_BLERD_BB_XO, CY_GET_REG32((void*)CYREG_BLE_BLERD_BB_XO) | (uint32)0x
 192:Generated_Source\PSoC4/cyfitter_cfg.c **** 	CY_SET_REG32((void *)(CYREG_BLE_BLERD_BB_XO_CAPTRIM), 0x00006666u);
 193:Generated_Source\PSoC4/cyfitter_cfg.c **** 	/*Set XTAL(ECO) divider*/
 194:Generated_Source\PSoC4/cyfitter_cfg.c **** 	CY_SET_REG32((void *)(CYREG_BLE_BLESS_XTAL_CLK_DIV_CONFIG), 0x00000000u);
 195:Generated_Source\PSoC4/cyfitter_cfg.c **** 	/* Disable Crystal Stable Interrupt before enabling ECO */
 196:Generated_Source\PSoC4/cyfitter_cfg.c **** 	CY_SET_REG32((void*)CYREG_BLE_BLESS_LL_DSM_CTRL, CY_GET_REG32((void*)CYREG_BLE_BLESS_LL_DSM_CTRL) 
 197:Generated_Source\PSoC4/cyfitter_cfg.c **** 	/* Start the ECO and do not check status since it is not needed for HFCLK */
 198:Generated_Source\PSoC4/cyfitter_cfg.c **** 	(void)CySysClkEcoStart(2000u);
 199:Generated_Source\PSoC4/cyfitter_cfg.c **** 	CyDelayUs(1500u); /* Wait to stabilize */
 200:Generated_Source\PSoC4/cyfitter_cfg.c **** 
 201:Generated_Source\PSoC4/cyfitter_cfg.c **** 	/* Setup phase aligned clocks */
 202:Generated_Source\PSoC4/cyfitter_cfg.c **** 
ARM GAS  C:\Users\ccheney\AppData\Local\Temp\ccZYXczd.s 			page 5


 203:Generated_Source\PSoC4/cyfitter_cfg.c **** 	/* CYDEV_CLK_IMO_CONFIG Starting address: CYDEV_CLK_IMO_CONFIG */
 204:Generated_Source\PSoC4/cyfitter_cfg.c **** 	CY_SET_REG32((void *)(CYREG_CLK_IMO_CONFIG), 0x80000000u);
 205:Generated_Source\PSoC4/cyfitter_cfg.c **** 
 206:Generated_Source\PSoC4/cyfitter_cfg.c **** 	/* CYDEV_CLK_SELECT Starting address: CYDEV_CLK_SELECT */
 207:Generated_Source\PSoC4/cyfitter_cfg.c **** 	CY_SET_REG32((void *)(CYREG_CLK_SELECT), 0x00040000u);
 208:Generated_Source\PSoC4/cyfitter_cfg.c **** 
 209:Generated_Source\PSoC4/cyfitter_cfg.c **** 	(void)CyIntSetVector(8u, &CySysWdtIsr);
 210:Generated_Source\PSoC4/cyfitter_cfg.c **** 	CyIntEnable(8u);
 211:Generated_Source\PSoC4/cyfitter_cfg.c **** 	CY_SET_REG32((void *)(CYREG_WDT_CONFIG), 0x40000000u);
 212:Generated_Source\PSoC4/cyfitter_cfg.c **** }
 213:Generated_Source\PSoC4/cyfitter_cfg.c **** 
 214:Generated_Source\PSoC4/cyfitter_cfg.c **** 
 215:Generated_Source\PSoC4/cyfitter_cfg.c **** /* Analog API Functions */
 216:Generated_Source\PSoC4/cyfitter_cfg.c **** 
 217:Generated_Source\PSoC4/cyfitter_cfg.c **** 
 218:Generated_Source\PSoC4/cyfitter_cfg.c **** /*******************************************************************************
 219:Generated_Source\PSoC4/cyfitter_cfg.c **** * Function Name: AnalogSetDefault
 220:Generated_Source\PSoC4/cyfitter_cfg.c **** ********************************************************************************
 221:Generated_Source\PSoC4/cyfitter_cfg.c **** *
 222:Generated_Source\PSoC4/cyfitter_cfg.c **** * Summary:
 223:Generated_Source\PSoC4/cyfitter_cfg.c **** *  Sets up the analog portions of the chip to default values based on chip
 224:Generated_Source\PSoC4/cyfitter_cfg.c **** *  configuration options from the project.
 225:Generated_Source\PSoC4/cyfitter_cfg.c **** *
 226:Generated_Source\PSoC4/cyfitter_cfg.c **** * Parameters:
 227:Generated_Source\PSoC4/cyfitter_cfg.c **** *  void
 228:Generated_Source\PSoC4/cyfitter_cfg.c **** *
 229:Generated_Source\PSoC4/cyfitter_cfg.c **** * Return:
 230:Generated_Source\PSoC4/cyfitter_cfg.c **** *  void
 231:Generated_Source\PSoC4/cyfitter_cfg.c **** *
 232:Generated_Source\PSoC4/cyfitter_cfg.c **** *******************************************************************************/
 233:Generated_Source\PSoC4/cyfitter_cfg.c **** static void AnalogSetDefault(void);
 234:Generated_Source\PSoC4/cyfitter_cfg.c **** static void AnalogSetDefault(void)
 235:Generated_Source\PSoC4/cyfitter_cfg.c **** {
  27              		.loc 1 235 0
  28              		.cfi_startproc
  29              		@ args = 0, pretend = 0, frame = 0
  30              		@ frame_needed = 0, uses_anonymous_args = 0
  31              		@ link register save eliminated.
 236:Generated_Source\PSoC4/cyfitter_cfg.c **** 	CY_SET_XTND_REG32((void CYFAR *)CYREG_CTBM0_DFT_CTRL, 0x00000003u);
  32              		.loc 1 236 0
  33 0000 0323     		movs	r3, #3
  34 0002 044A     		ldr	r2, .L2
  35 0004 1360     		str	r3, [r2]
 237:Generated_Source\PSoC4/cyfitter_cfg.c **** 	CY_SET_XTND_REG32((void CYFAR *)CYREG_CTBM1_DFT_CTRL, 0x00000003u);
  36              		.loc 1 237 0
  37 0006 044A     		ldr	r2, .L2+4
  38 0008 1360     		str	r3, [r2]
 238:Generated_Source\PSoC4/cyfitter_cfg.c **** 	CY_SET_XTND_REG32((void CYFAR *)CYREG_PASS_DSAB_DSAB_CTRL, 0x00000000u);
  39              		.loc 1 238 0
  40 000a 0022     		movs	r2, #0
  41 000c 034B     		ldr	r3, .L2+8
  42 000e 1A60     		str	r2, [r3]
 239:Generated_Source\PSoC4/cyfitter_cfg.c **** }
  43              		.loc 1 239 0
  44              		@ sp needed
  45 0010 7047     		bx	lr
  46              	.L3:
ARM GAS  C:\Users\ccheney\AppData\Local\Temp\ccZYXczd.s 			page 6


  47 0012 C046     		.align	2
  48              	.L2:
  49 0014 30003040 		.word	1076887600
  50 0018 30003140 		.word	1076953136
  51 001c 000E3F40 		.word	1077874176
  52              		.cfi_endproc
  53              	.LFE6:
  54              		.size	AnalogSetDefault, .-AnalogSetDefault
  55              		.section	.text.CYMEMZERO,"ax",%progbits
  56              		.align	2
  57              		.code	16
  58              		.thumb_func
  59              		.type	CYMEMZERO, %function
  60              	CYMEMZERO:
  61              	.LFB2:
  77:Generated_Source\PSoC4/cyfitter_cfg.c **** 	(void)memset(s, 0, n);
  62              		.loc 1 77 0
  63              		.cfi_startproc
  64              		@ args = 0, pretend = 0, frame = 0
  65              		@ frame_needed = 0, uses_anonymous_args = 0
  66              	.LVL0:
  67 0000 10B5     		push	{r4, lr}
  68              		.cfi_def_cfa_offset 8
  69              		.cfi_offset 4, -8
  70              		.cfi_offset 14, -4
  71 0002 0A00     		movs	r2, r1
  78:Generated_Source\PSoC4/cyfitter_cfg.c **** }
  72              		.loc 1 78 0
  73 0004 0021     		movs	r1, #0
  74              	.LVL1:
  75 0006 FFF7FEFF 		bl	memset
  76              	.LVL2:
  79:Generated_Source\PSoC4/cyfitter_cfg.c **** CY_CFG_UNUSED
  77              		.loc 1 79 0
  78              		@ sp needed
  79 000a 10BD     		pop	{r4, pc}
  80              		.cfi_endproc
  81              	.LFE2:
  82              		.size	CYMEMZERO, .-CYMEMZERO
  83              		.section	.psocinit,"ax",%progbits
  84              		.align	2
  85              		.code	16
  86              		.thumb_func
  87              		.type	ClockSetup, %function
  88              	ClockSetup:
  89              	.LFB5:
 171:Generated_Source\PSoC4/cyfitter_cfg.c **** 
  90              		.loc 1 171 0
  91              		.cfi_startproc
  92              		@ args = 0, pretend = 0, frame = 0
  93              		@ frame_needed = 0, uses_anonymous_args = 0
  94 0000 70B5     		push	{r4, r5, r6, lr}
  95              		.cfi_def_cfa_offset 16
  96              		.cfi_offset 4, -16
  97              		.cfi_offset 5, -12
  98              		.cfi_offset 6, -8
  99              		.cfi_offset 14, -4
ARM GAS  C:\Users\ccheney\AppData\Local\Temp\ccZYXczd.s 			page 7


 174:Generated_Source\PSoC4/cyfitter_cfg.c **** 
 100              		.loc 1 174 0
 101 0002 1222     		movs	r2, #18
 102 0004 1D4B     		ldr	r3, .L6
 103 0006 1A60     		str	r2, [r3]
 177:Generated_Source\PSoC4/cyfitter_cfg.c **** 	CyDelayCycles(12000000u); /* WCO may take up to 500ms to start */
 104              		.loc 1 177 0
 105 0008 FFF7FEFF 		bl	CySysClkWcoStart
 106              	.LVL3:
 178:Generated_Source\PSoC4/cyfitter_cfg.c **** 	(void)CySysClkWcoSetPowerMode(CY_SYS_CLK_WCO_LPM);    /* Switch to the low power mode */
 107              		.loc 1 178 0
 108 000c 1C48     		ldr	r0, .L6+4
 109 000e FFF7FEFF 		bl	CyDelayCycles
 110              	.LVL4:
 179:Generated_Source\PSoC4/cyfitter_cfg.c **** 
 111              		.loc 1 179 0
 112 0012 0120     		movs	r0, #1
 113 0014 FFF7FEFF 		bl	CySysClkWcoSetPowerMode
 114              	.LVL5:
 182:Generated_Source\PSoC4/cyfitter_cfg.c **** 	/* CYDEV_CLK_ILO_CONFIG Starting address: CYDEV_CLK_ILO_CONFIG */
 115              		.loc 1 182 0
 116 0018 3020     		movs	r0, #48
 117 001a FFF7FEFF 		bl	CySysClkWriteImoFreq
 118              	.LVL6:
 184:Generated_Source\PSoC4/cyfitter_cfg.c **** 
 119              		.loc 1 184 0
 120 001e 194A     		ldr	r2, .L6+8
 121 0020 194B     		ldr	r3, .L6+12
 122 0022 1A60     		str	r2, [r3]
 187:Generated_Source\PSoC4/cyfitter_cfg.c **** 
 123              		.loc 1 187 0
 124 0024 194C     		ldr	r4, .L6+16
 125 0026 8025     		movs	r5, #128
 126 0028 ED05     		lsls	r5, r5, #23
 127 002a 2560     		str	r5, [r4]
 191:Generated_Source\PSoC4/cyfitter_cfg.c **** 	CY_SET_REG32((void *)(CYREG_BLE_BLERD_BB_XO_CAPTRIM), 0x00006666u);
 128              		.loc 1 191 0
 129 002c 184A     		ldr	r2, .L6+20
 130 002e 1168     		ldr	r1, [r2]
 131 0030 0223     		movs	r3, #2
 132 0032 0B43     		orrs	r3, r1
 133 0034 1360     		str	r3, [r2]
 192:Generated_Source\PSoC4/cyfitter_cfg.c **** 	/*Set XTAL(ECO) divider*/
 134              		.loc 1 192 0
 135 0036 174A     		ldr	r2, .L6+24
 136 0038 174B     		ldr	r3, .L6+28
 137 003a 1A60     		str	r2, [r3]
 194:Generated_Source\PSoC4/cyfitter_cfg.c **** 	/* Disable Crystal Stable Interrupt before enabling ECO */
 138              		.loc 1 194 0
 139 003c 0022     		movs	r2, #0
 140 003e 174B     		ldr	r3, .L6+32
 141 0040 1A60     		str	r2, [r3]
 196:Generated_Source\PSoC4/cyfitter_cfg.c **** 	/* Start the ECO and do not check status since it is not needed for HFCLK */
 142              		.loc 1 196 0
 143 0042 174A     		ldr	r2, .L6+36
 144 0044 1368     		ldr	r3, [r2]
 145 0046 0821     		movs	r1, #8
ARM GAS  C:\Users\ccheney\AppData\Local\Temp\ccZYXczd.s 			page 8


 146 0048 8B43     		bics	r3, r1
 147 004a 1360     		str	r3, [r2]
 198:Generated_Source\PSoC4/cyfitter_cfg.c **** 	CyDelayUs(1500u); /* Wait to stabilize */
 148              		.loc 1 198 0
 149 004c FA20     		movs	r0, #250
 150 004e C000     		lsls	r0, r0, #3
 151 0050 FFF7FEFF 		bl	CySysClkEcoStart
 152              	.LVL7:
 199:Generated_Source\PSoC4/cyfitter_cfg.c **** 
 153              		.loc 1 199 0
 154 0054 1348     		ldr	r0, .L6+40
 155 0056 FFF7FEFF 		bl	CyDelayUs
 156              	.LVL8:
 204:Generated_Source\PSoC4/cyfitter_cfg.c **** 
 157              		.loc 1 204 0
 158 005a 8022     		movs	r2, #128
 159 005c 1206     		lsls	r2, r2, #24
 160 005e 124B     		ldr	r3, .L6+44
 161 0060 1A60     		str	r2, [r3]
 207:Generated_Source\PSoC4/cyfitter_cfg.c **** 
 162              		.loc 1 207 0
 163 0062 8022     		movs	r2, #128
 164 0064 D202     		lsls	r2, r2, #11
 165 0066 114B     		ldr	r3, .L6+48
 166 0068 1A60     		str	r2, [r3]
 209:Generated_Source\PSoC4/cyfitter_cfg.c **** 	CyIntEnable(8u);
 167              		.loc 1 209 0
 168 006a 1149     		ldr	r1, .L6+52
 169 006c 0820     		movs	r0, #8
 170 006e FFF7FEFF 		bl	CyIntSetVector
 171              	.LVL9:
 210:Generated_Source\PSoC4/cyfitter_cfg.c **** 	CY_SET_REG32((void *)(CYREG_WDT_CONFIG), 0x40000000u);
 172              		.loc 1 210 0
 173 0072 0820     		movs	r0, #8
 174 0074 FFF7FEFF 		bl	CyIntEnable
 175              	.LVL10:
 211:Generated_Source\PSoC4/cyfitter_cfg.c **** }
 176              		.loc 1 211 0
 177 0078 2560     		str	r5, [r4]
 212:Generated_Source\PSoC4/cyfitter_cfg.c **** 
 178              		.loc 1 212 0
 179              		@ sp needed
 180 007a 70BD     		pop	{r4, r5, r6, pc}
 181              	.L7:
 182              		.align	2
 183              	.L6:
 184 007c 30001040 		.word	1074790448
 185 0080 001BB700 		.word	12000000
 186 0084 06000080 		.word	-2147483642
 187 0088 04010B40 		.word	1074462980
 188 008c 0C020B40 		.word	1074463244
 189 0090 78002E40 		.word	1076756600
 190 0094 66660000 		.word	26214
 191 0098 7C002E40 		.word	1076756604
 192 009c 64F02E40 		.word	1076818020
 193 00a0 6CF02E40 		.word	1076818028
 194 00a4 DC050000 		.word	1500
ARM GAS  C:\Users\ccheney\AppData\Local\Temp\ccZYXczd.s 			page 9


 195 00a8 08010B40 		.word	1074462984
 196 00ac 00010B40 		.word	1074462976
 197 00b0 00000000 		.word	CySysWdtIsr
 198              		.cfi_endproc
 199              	.LFE5:
 200              		.size	ClockSetup, .-ClockSetup
 201              		.align	2
 202              		.global	cyfitter_cfg
 203              		.code	16
 204              		.thumb_func
 205              		.type	cyfitter_cfg, %function
 206              	cyfitter_cfg:
 207              	.LFB7:
 240:Generated_Source\PSoC4/cyfitter_cfg.c **** 
 241:Generated_Source\PSoC4/cyfitter_cfg.c **** 
 242:Generated_Source\PSoC4/cyfitter_cfg.c **** 
 243:Generated_Source\PSoC4/cyfitter_cfg.c **** 
 244:Generated_Source\PSoC4/cyfitter_cfg.c **** /*******************************************************************************
 245:Generated_Source\PSoC4/cyfitter_cfg.c **** * Function Name: cyfitter_cfg
 246:Generated_Source\PSoC4/cyfitter_cfg.c **** ********************************************************************************
 247:Generated_Source\PSoC4/cyfitter_cfg.c **** * Summary:
 248:Generated_Source\PSoC4/cyfitter_cfg.c **** *  This function is called by the start-up code for the selected device. It
 249:Generated_Source\PSoC4/cyfitter_cfg.c **** *  performs all of the necessary device configuration based on the design
 250:Generated_Source\PSoC4/cyfitter_cfg.c **** *  settings.  This includes settings from the Design Wide Resources (DWR) such
 251:Generated_Source\PSoC4/cyfitter_cfg.c **** *  as Clocks and Pins as well as any component configuration that is necessary.
 252:Generated_Source\PSoC4/cyfitter_cfg.c **** *
 253:Generated_Source\PSoC4/cyfitter_cfg.c **** * Parameters:
 254:Generated_Source\PSoC4/cyfitter_cfg.c **** *   void
 255:Generated_Source\PSoC4/cyfitter_cfg.c **** *
 256:Generated_Source\PSoC4/cyfitter_cfg.c **** * Return:
 257:Generated_Source\PSoC4/cyfitter_cfg.c **** *   void
 258:Generated_Source\PSoC4/cyfitter_cfg.c **** *
 259:Generated_Source\PSoC4/cyfitter_cfg.c **** *******************************************************************************/
 260:Generated_Source\PSoC4/cyfitter_cfg.c **** CY_CFG_SECTION
 261:Generated_Source\PSoC4/cyfitter_cfg.c **** void cyfitter_cfg(void)
 262:Generated_Source\PSoC4/cyfitter_cfg.c **** {
 208              		.loc 1 262 0
 209              		.cfi_startproc
 210              		@ args = 0, pretend = 0, frame = 0
 211              		@ frame_needed = 0, uses_anonymous_args = 0
 212 00b4 10B5     		push	{r4, lr}
 213              		.cfi_def_cfa_offset 8
 214              		.cfi_offset 4, -8
 215              		.cfi_offset 14, -4
 263:Generated_Source\PSoC4/cyfitter_cfg.c **** 	/* Disable interrupts by default. Let user enable if/when they want. */
 264:Generated_Source\PSoC4/cyfitter_cfg.c **** 	CyGlobalIntDisable;
 216              		.loc 1 264 0
 217              		.syntax divided
 218              	@ 264 "Generated_Source\PSoC4\cyfitter_cfg.c" 1
 219 00b6 72B6     		CPSID   i
 220              	@ 0 "" 2
 265:Generated_Source\PSoC4/cyfitter_cfg.c **** 
 266:Generated_Source\PSoC4/cyfitter_cfg.c **** 	CY_SET_REG32((void *)(CYREG_BLE_BLESS_LL_DSM_CTRL), 0x00000000u);
 221              		.loc 1 266 0
 222              		.thumb
 223              		.syntax unified
 224 00b8 0022     		movs	r2, #0
ARM GAS  C:\Users\ccheney\AppData\Local\Temp\ccZYXczd.s 			page 10


 225 00ba 164B     		ldr	r3, .L11
 226 00bc 1A60     		str	r2, [r3]
 227              	.LVL11:
 228              	.LBB2:
 267:Generated_Source\PSoC4/cyfitter_cfg.c **** 
 268:Generated_Source\PSoC4/cyfitter_cfg.c **** 	{
 269:Generated_Source\PSoC4/cyfitter_cfg.c **** 
 270:Generated_Source\PSoC4/cyfitter_cfg.c **** 		CYPACKED typedef struct {
 271:Generated_Source\PSoC4/cyfitter_cfg.c **** 			void CYFAR *address;
 272:Generated_Source\PSoC4/cyfitter_cfg.c **** 			uint16 size;
 273:Generated_Source\PSoC4/cyfitter_cfg.c **** 		} CYPACKED_ATTR cfg_memset_t;
 274:Generated_Source\PSoC4/cyfitter_cfg.c **** 
 275:Generated_Source\PSoC4/cyfitter_cfg.c **** 		static const cfg_memset_t CYCODE cfg_memset_list[] = {
 276:Generated_Source\PSoC4/cyfitter_cfg.c **** 			/* address, size */
 277:Generated_Source\PSoC4/cyfitter_cfg.c **** 			{(void CYFAR *)(CYDEV_UDB_P0_U0_BASE), 1024u},
 278:Generated_Source\PSoC4/cyfitter_cfg.c **** 			{(void CYFAR *)(CYDEV_UDB_DSI0_BASE), 1024u},
 279:Generated_Source\PSoC4/cyfitter_cfg.c **** 		};
 280:Generated_Source\PSoC4/cyfitter_cfg.c **** 
 281:Generated_Source\PSoC4/cyfitter_cfg.c **** 		uint8 CYDATA i;
 282:Generated_Source\PSoC4/cyfitter_cfg.c **** 
 283:Generated_Source\PSoC4/cyfitter_cfg.c **** 		/* Zero out critical memory blocks before beginning configuration */
 284:Generated_Source\PSoC4/cyfitter_cfg.c **** 		for (i = 0u; i < (sizeof(cfg_memset_list)/sizeof(cfg_memset_list[0])); i++)
 229              		.loc 1 284 0
 230 00be 0024     		movs	r4, #0
 231 00c0 0FE0     		b	.L9
 232              	.LVL12:
 233              	.L10:
 234              	.LBB3:
 285:Generated_Source\PSoC4/cyfitter_cfg.c **** 		{
 286:Generated_Source\PSoC4/cyfitter_cfg.c **** 			const cfg_memset_t CYCODE * CYDATA ms = &cfg_memset_list[i];
 287:Generated_Source\PSoC4/cyfitter_cfg.c **** 			CYMEMZERO(ms->address, (size_t)(uint32)(ms->size));
 235              		.loc 1 287 0 discriminator 3
 236 00c2 1548     		ldr	r0, .L11+4
 237 00c4 6200     		lsls	r2, r4, #1
 238 00c6 1319     		adds	r3, r2, r4
 239 00c8 5900     		lsls	r1, r3, #1
 240 00ca 0B00     		movs	r3, r1
 241 00cc 4118     		adds	r1, r0, r1
 242 00ce 8988     		ldrh	r1, [r1, #4]
 243 00d0 1A5A     		ldrh	r2, [r3, r0]
 244 00d2 C318     		adds	r3, r0, r3
 245 00d4 5888     		ldrh	r0, [r3, #2]
 246 00d6 0004     		lsls	r0, r0, #16
 247 00d8 1043     		orrs	r0, r2
 248 00da FFF7FEFF 		bl	CYMEMZERO
 249              	.LVL13:
 250              	.LBE3:
 284:Generated_Source\PSoC4/cyfitter_cfg.c **** 		{
 251              		.loc 1 284 0 discriminator 3
 252 00de 0134     		adds	r4, r4, #1
 253              	.LVL14:
 254 00e0 E4B2     		uxtb	r4, r4
 255              	.LVL15:
 256              	.L9:
 284:Generated_Source\PSoC4/cyfitter_cfg.c **** 		{
 257              		.loc 1 284 0 is_stmt 0 discriminator 1
 258 00e2 012C     		cmp	r4, #1
ARM GAS  C:\Users\ccheney\AppData\Local\Temp\ccZYXczd.s 			page 11


 259 00e4 EDD9     		bls	.L10
 288:Generated_Source\PSoC4/cyfitter_cfg.c **** 		}
 289:Generated_Source\PSoC4/cyfitter_cfg.c **** 
 290:Generated_Source\PSoC4/cyfitter_cfg.c **** 		/* HSIOM Starting address: CYDEV_HSIOM_BASE */
 291:Generated_Source\PSoC4/cyfitter_cfg.c **** 		CY_SET_REG32((void *)(CYDEV_HSIOM_BASE), 0xEE000000u);
 260              		.loc 1 291 0 is_stmt 1
 261 00e6 EE22     		movs	r2, #238
 262 00e8 1206     		lsls	r2, r2, #24
 263 00ea 0C4B     		ldr	r3, .L11+8
 264 00ec 1A60     		str	r2, [r3]
 292:Generated_Source\PSoC4/cyfitter_cfg.c **** 
 293:Generated_Source\PSoC4/cyfitter_cfg.c **** 		/* UDB_PA_0 Starting address: CYDEV_UDB_PA0_BASE */
 294:Generated_Source\PSoC4/cyfitter_cfg.c **** 		CY_SET_REG32((void *)(CYDEV_UDB_PA0_BASE), 0x00990000u);
 265              		.loc 1 294 0
 266 00ee 9922     		movs	r2, #153
 267 00f0 1204     		lsls	r2, r2, #16
 268 00f2 0B4B     		ldr	r3, .L11+12
 269 00f4 1A60     		str	r2, [r3]
 295:Generated_Source\PSoC4/cyfitter_cfg.c **** 
 296:Generated_Source\PSoC4/cyfitter_cfg.c **** 		/* Enable digital routing */
 297:Generated_Source\PSoC4/cyfitter_cfg.c **** 		CY_SET_XTND_REG8((void *)CYREG_UDB_UDBIF_BANK_CTL, (uint8)(CY_GET_XTND_REG8((void *)CYREG_UDB_UDB
 270              		.loc 1 297 0
 271 00f6 0B4A     		ldr	r2, .L11+16
 272 00f8 1178     		ldrb	r1, [r2]
 273 00fa 0623     		movs	r3, #6
 274 00fc 0B43     		orrs	r3, r1
 275 00fe DBB2     		uxtb	r3, r3
 276 0100 1370     		strb	r3, [r2]
 277              	.LBE2:
 298:Generated_Source\PSoC4/cyfitter_cfg.c **** 	}
 299:Generated_Source\PSoC4/cyfitter_cfg.c **** 
 300:Generated_Source\PSoC4/cyfitter_cfg.c **** 	/* Perform second pass device configuration. These items must be configured in specific order afte
 301:Generated_Source\PSoC4/cyfitter_cfg.c **** 	/* IOPINS0_0 Starting address: CYDEV_GPIO_PRT0_BASE */
 302:Generated_Source\PSoC4/cyfitter_cfg.c **** 	CY_SET_REG32((void *)(CYREG_GPIO_PRT0_PC), 0x00D80000u);
 278              		.loc 1 302 0
 279 0102 D822     		movs	r2, #216
 280 0104 1204     		lsls	r2, r2, #16
 281 0106 084B     		ldr	r3, .L11+20
 282 0108 1A60     		str	r2, [r3]
 303:Generated_Source\PSoC4/cyfitter_cfg.c **** 
 304:Generated_Source\PSoC4/cyfitter_cfg.c **** 
 305:Generated_Source\PSoC4/cyfitter_cfg.c **** 	/* Setup clocks based on selections from Clock DWR */
 306:Generated_Source\PSoC4/cyfitter_cfg.c **** 	ClockSetup();
 283              		.loc 1 306 0
 284 010a FFF779FF 		bl	ClockSetup
 285              	.LVL16:
 307:Generated_Source\PSoC4/cyfitter_cfg.c **** 
 308:Generated_Source\PSoC4/cyfitter_cfg.c **** 	/* Perform basic analog initialization to defaults */
 309:Generated_Source\PSoC4/cyfitter_cfg.c **** 	AnalogSetDefault();
 286              		.loc 1 309 0
 287 010e FFF7FEFF 		bl	AnalogSetDefault
 288              	.LVL17:
 310:Generated_Source\PSoC4/cyfitter_cfg.c **** 
 311:Generated_Source\PSoC4/cyfitter_cfg.c **** }
 289              		.loc 1 311 0
 290              		@ sp needed
 291              	.LVL18:
ARM GAS  C:\Users\ccheney\AppData\Local\Temp\ccZYXczd.s 			page 12


 292 0112 10BD     		pop	{r4, pc}
 293              	.L12:
 294              		.align	2
 295              	.L11:
 296 0114 6CF02E40 		.word	1076818028
 297 0118 00000000 		.word	.LANCHOR0
 298 011c 00000240 		.word	1073872896
 299 0120 00500F40 		.word	1074745344
 300 0124 00700F40 		.word	1074753536
 301 0128 08000440 		.word	1074003976
 302              		.cfi_endproc
 303              	.LFE7:
 304              		.size	cyfitter_cfg, .-cyfitter_cfg
 305              		.section	.rodata
 306              		.align	2
 307              		.set	.LANCHOR0,. + 0
 308              		.type	cfg_memset_list.4893, %object
 309              		.size	cfg_memset_list.4893, 12
 310              	cfg_memset_list.4893:
 311 0000 00300F40 		.word	1074737152
 312 0004 0004     		.short	1024
 313 0006 00400F40 		.4byte	1074741248
 314 000a 0004     		.short	1024
 315              		.text
 316              	.Letext0:
 317              		.file 2 "c:\\program files (x86)\\cypress\\psoc creator\\4.2\\psoc creator\\import\\gnu\\arm\\5.4.
 318              		.file 3 "Generated_Source\\PSoC4\\cytypes.h"
 319              		.file 4 "Generated_Source\\PSoC4\\CyLFClk.h"
 320              		.file 5 "Generated_Source\\PSoC4\\CyLib.h"
 321              		.section	.debug_info,"",%progbits
 322              	.Ldebug_info0:
 323 0000 29030000 		.4byte	0x329
 324 0004 0400     		.2byte	0x4
 325 0006 00000000 		.4byte	.Ldebug_abbrev0
 326 000a 04       		.byte	0x4
 327 000b 01       		.uleb128 0x1
 328 000c 33010000 		.4byte	.LASF34
 329 0010 0C       		.byte	0xc
 330 0011 AC020000 		.4byte	.LASF35
 331 0015 24020000 		.4byte	.LASF36
 332 0019 00000000 		.4byte	.Ldebug_ranges0+0
 333 001d 00000000 		.4byte	0
 334 0021 00000000 		.4byte	.Ldebug_line0
 335 0025 02       		.uleb128 0x2
 336 0026 04       		.byte	0x4
 337 0027 05       		.byte	0x5
 338 0028 696E7400 		.ascii	"int\000"
 339 002c 03       		.uleb128 0x3
 340 002d 14000000 		.4byte	.LASF12
 341 0031 02       		.byte	0x2
 342 0032 D8       		.byte	0xd8
 343 0033 37000000 		.4byte	0x37
 344 0037 04       		.uleb128 0x4
 345 0038 04       		.byte	0x4
 346 0039 07       		.byte	0x7
 347 003a FA000000 		.4byte	.LASF0
 348 003e 04       		.uleb128 0x4
ARM GAS  C:\Users\ccheney\AppData\Local\Temp\ccZYXczd.s 			page 13


 349 003f 08       		.byte	0x8
 350 0040 05       		.byte	0x5
 351 0041 D7010000 		.4byte	.LASF1
 352 0045 04       		.uleb128 0x4
 353 0046 08       		.byte	0x8
 354 0047 04       		.byte	0x4
 355 0048 94020000 		.4byte	.LASF2
 356 004c 04       		.uleb128 0x4
 357 004d 01       		.byte	0x1
 358 004e 06       		.byte	0x6
 359 004f A0020000 		.4byte	.LASF3
 360 0053 04       		.uleb128 0x4
 361 0054 01       		.byte	0x1
 362 0055 08       		.byte	0x8
 363 0056 C4000000 		.4byte	.LASF4
 364 005a 04       		.uleb128 0x4
 365 005b 02       		.byte	0x2
 366 005c 05       		.byte	0x5
 367 005d 05020000 		.4byte	.LASF5
 368 0061 04       		.uleb128 0x4
 369 0062 02       		.byte	0x2
 370 0063 07       		.byte	0x7
 371 0064 56000000 		.4byte	.LASF6
 372 0068 04       		.uleb128 0x4
 373 0069 04       		.byte	0x4
 374 006a 05       		.byte	0x5
 375 006b 8B020000 		.4byte	.LASF7
 376 006f 04       		.uleb128 0x4
 377 0070 04       		.byte	0x4
 378 0071 07       		.byte	0x7
 379 0072 91000000 		.4byte	.LASF8
 380 0076 04       		.uleb128 0x4
 381 0077 08       		.byte	0x8
 382 0078 07       		.byte	0x7
 383 0079 1C010000 		.4byte	.LASF9
 384 007d 04       		.uleb128 0x4
 385 007e 04       		.byte	0x4
 386 007f 07       		.byte	0x7
 387 0080 CE010000 		.4byte	.LASF10
 388 0084 05       		.uleb128 0x5
 389 0085 04       		.byte	0x4
 390 0086 04       		.uleb128 0x4
 391 0087 01       		.byte	0x1
 392 0088 08       		.byte	0x8
 393 0089 EF010000 		.4byte	.LASF11
 394 008d 06       		.uleb128 0x6
 395 008e A3000000 		.4byte	.LASF13
 396 0092 03       		.byte	0x3
 397 0093 E401     		.2byte	0x1e4
 398 0095 53000000 		.4byte	0x53
 399 0099 06       		.uleb128 0x6
 400 009a EC000000 		.4byte	.LASF14
 401 009e 03       		.byte	0x3
 402 009f E501     		.2byte	0x1e5
 403 00a1 61000000 		.4byte	0x61
 404 00a5 06       		.uleb128 0x6
 405 00a6 F3000000 		.4byte	.LASF15
ARM GAS  C:\Users\ccheney\AppData\Local\Temp\ccZYXczd.s 			page 14


 406 00aa 03       		.byte	0x3
 407 00ab E601     		.2byte	0x1e6
 408 00ad 6F000000 		.4byte	0x6f
 409 00b1 04       		.uleb128 0x4
 410 00b2 04       		.byte	0x4
 411 00b3 04       		.byte	0x4
 412 00b4 69000000 		.4byte	.LASF16
 413 00b8 04       		.uleb128 0x4
 414 00b9 08       		.byte	0x8
 415 00ba 04       		.byte	0x4
 416 00bb D9000000 		.4byte	.LASF17
 417 00bf 06       		.uleb128 0x6
 418 00c0 8C000000 		.4byte	.LASF18
 419 00c4 03       		.byte	0x3
 420 00c5 8E02     		.2byte	0x28e
 421 00c7 CB000000 		.4byte	0xcb
 422 00cb 07       		.uleb128 0x7
 423 00cc 8D000000 		.4byte	0x8d
 424 00d0 06       		.uleb128 0x6
 425 00d1 0E000000 		.4byte	.LASF19
 426 00d5 03       		.byte	0x3
 427 00d6 9002     		.2byte	0x290
 428 00d8 DC000000 		.4byte	0xdc
 429 00dc 07       		.uleb128 0x7
 430 00dd A5000000 		.4byte	0xa5
 431 00e1 08       		.uleb128 0x8
 432 00e2 1B000000 		.4byte	.LASF37
 433 00e6 01       		.byte	0x1
 434 00e7 EA       		.byte	0xea
 435 00e8 00000000 		.4byte	.LFB6
 436 00ec 20000000 		.4byte	.LFE6-.LFB6
 437 00f0 01       		.uleb128 0x1
 438 00f1 9C       		.byte	0x9c
 439 00f2 09       		.uleb128 0x9
 440 00f3 BA000000 		.4byte	.LASF20
 441 00f7 01       		.byte	0x1
 442 00f8 4C       		.byte	0x4c
 443 00f9 00000000 		.4byte	.LFB2
 444 00fd 0C000000 		.4byte	.LFE2-.LFB2
 445 0101 01       		.uleb128 0x1
 446 0102 9C       		.byte	0x9c
 447 0103 3F010000 		.4byte	0x13f
 448 0107 0A       		.uleb128 0xa
 449 0108 7300     		.ascii	"s\000"
 450 010a 01       		.byte	0x1
 451 010b 4C       		.byte	0x4c
 452 010c 84000000 		.4byte	0x84
 453 0110 00000000 		.4byte	.LLST0
 454 0114 0A       		.uleb128 0xa
 455 0115 6E00     		.ascii	"n\000"
 456 0117 01       		.byte	0x1
 457 0118 4C       		.byte	0x4c
 458 0119 2C000000 		.4byte	0x2c
 459 011d 21000000 		.4byte	.LLST1
 460 0121 0B       		.uleb128 0xb
 461 0122 0A000000 		.4byte	.LVL2
 462 0126 CB020000 		.4byte	0x2cb
ARM GAS  C:\Users\ccheney\AppData\Local\Temp\ccZYXczd.s 			page 15


 463 012a 0C       		.uleb128 0xc
 464 012b 01       		.uleb128 0x1
 465 012c 50       		.byte	0x50
 466 012d 03       		.uleb128 0x3
 467 012e F3       		.byte	0xf3
 468 012f 01       		.uleb128 0x1
 469 0130 50       		.byte	0x50
 470 0131 0C       		.uleb128 0xc
 471 0132 01       		.uleb128 0x1
 472 0133 51       		.byte	0x51
 473 0134 01       		.uleb128 0x1
 474 0135 30       		.byte	0x30
 475 0136 0C       		.uleb128 0xc
 476 0137 01       		.uleb128 0x1
 477 0138 52       		.byte	0x52
 478 0139 03       		.uleb128 0x3
 479 013a F3       		.byte	0xf3
 480 013b 01       		.uleb128 0x1
 481 013c 51       		.byte	0x51
 482 013d 00       		.byte	0
 483 013e 00       		.byte	0
 484 013f 09       		.uleb128 0x9
 485 0140 4B000000 		.4byte	.LASF21
 486 0144 01       		.byte	0x1
 487 0145 AA       		.byte	0xaa
 488 0146 00000000 		.4byte	.LFB5
 489 014a B4000000 		.4byte	.LFE5-.LFB5
 490 014e 01       		.uleb128 0x1
 491 014f 9C       		.byte	0x9c
 492 0150 E8010000 		.4byte	0x1e8
 493 0154 0D       		.uleb128 0xd
 494 0155 0C000000 		.4byte	.LVL3
 495 0159 D4020000 		.4byte	0x2d4
 496 015d 0E       		.uleb128 0xe
 497 015e 12000000 		.4byte	.LVL4
 498 0162 DF020000 		.4byte	0x2df
 499 0166 74010000 		.4byte	0x174
 500 016a 0C       		.uleb128 0xc
 501 016b 01       		.uleb128 0x1
 502 016c 50       		.byte	0x50
 503 016d 05       		.uleb128 0x5
 504 016e 0C       		.byte	0xc
 505 016f 001BB700 		.4byte	0xb71b00
 506 0173 00       		.byte	0
 507 0174 0E       		.uleb128 0xe
 508 0175 18000000 		.4byte	.LVL5
 509 0179 EA020000 		.4byte	0x2ea
 510 017d 87010000 		.4byte	0x187
 511 0181 0C       		.uleb128 0xc
 512 0182 01       		.uleb128 0x1
 513 0183 50       		.byte	0x50
 514 0184 01       		.uleb128 0x1
 515 0185 31       		.byte	0x31
 516 0186 00       		.byte	0
 517 0187 0E       		.uleb128 0xe
 518 0188 1E000000 		.4byte	.LVL6
 519 018c F5020000 		.4byte	0x2f5
ARM GAS  C:\Users\ccheney\AppData\Local\Temp\ccZYXczd.s 			page 16


 520 0190 9B010000 		.4byte	0x19b
 521 0194 0C       		.uleb128 0xc
 522 0195 01       		.uleb128 0x1
 523 0196 50       		.byte	0x50
 524 0197 02       		.uleb128 0x2
 525 0198 08       		.byte	0x8
 526 0199 30       		.byte	0x30
 527 019a 00       		.byte	0
 528 019b 0E       		.uleb128 0xe
 529 019c 54000000 		.4byte	.LVL7
 530 01a0 00030000 		.4byte	0x300
 531 01a4 B0010000 		.4byte	0x1b0
 532 01a8 0C       		.uleb128 0xc
 533 01a9 01       		.uleb128 0x1
 534 01aa 50       		.byte	0x50
 535 01ab 03       		.uleb128 0x3
 536 01ac 0A       		.byte	0xa
 537 01ad D007     		.2byte	0x7d0
 538 01af 00       		.byte	0
 539 01b0 0E       		.uleb128 0xe
 540 01b1 5A000000 		.4byte	.LVL8
 541 01b5 0B030000 		.4byte	0x30b
 542 01b9 C5010000 		.4byte	0x1c5
 543 01bd 0C       		.uleb128 0xc
 544 01be 01       		.uleb128 0x1
 545 01bf 50       		.byte	0x50
 546 01c0 03       		.uleb128 0x3
 547 01c1 0A       		.byte	0xa
 548 01c2 DC05     		.2byte	0x5dc
 549 01c4 00       		.byte	0
 550 01c5 0E       		.uleb128 0xe
 551 01c6 72000000 		.4byte	.LVL9
 552 01ca 16030000 		.4byte	0x316
 553 01ce D8010000 		.4byte	0x1d8
 554 01d2 0C       		.uleb128 0xc
 555 01d3 01       		.uleb128 0x1
 556 01d4 50       		.byte	0x50
 557 01d5 01       		.uleb128 0x1
 558 01d6 38       		.byte	0x38
 559 01d7 00       		.byte	0
 560 01d8 0B       		.uleb128 0xb
 561 01d9 78000000 		.4byte	.LVL10
 562 01dd 21030000 		.4byte	0x321
 563 01e1 0C       		.uleb128 0xc
 564 01e2 01       		.uleb128 0x1
 565 01e3 50       		.byte	0x50
 566 01e4 01       		.uleb128 0x1
 567 01e5 38       		.byte	0x38
 568 01e6 00       		.byte	0
 569 01e7 00       		.byte	0
 570 01e8 0F       		.uleb128 0xf
 571 01e9 07010000 		.4byte	.LASF38
 572 01ed 01       		.byte	0x1
 573 01ee 0501     		.2byte	0x105
 574 01f0 B4000000 		.4byte	.LFB7
 575 01f4 78000000 		.4byte	.LFE7-.LFB7
 576 01f8 01       		.uleb128 0x1
ARM GAS  C:\Users\ccheney\AppData\Local\Temp\ccZYXczd.s 			page 17


 577 01f9 9C       		.byte	0x9c
 578 01fa CB020000 		.4byte	0x2cb
 579 01fe 10       		.uleb128 0x10
 580 01ff BE000000 		.4byte	.LBB2
 581 0203 44000000 		.4byte	.LBE2-.LBB2
 582 0207 B8020000 		.4byte	0x2b8
 583 020b 11       		.uleb128 0x11
 584 020c 06       		.byte	0x6
 585 020d 01       		.byte	0x1
 586 020e 0E01     		.2byte	0x10e
 587 0210 2F020000 		.4byte	0x22f
 588 0214 12       		.uleb128 0x12
 589 0215 14010000 		.4byte	.LASF22
 590 0219 01       		.byte	0x1
 591 021a 0F01     		.2byte	0x10f
 592 021c 84000000 		.4byte	0x84
 593 0220 00       		.byte	0
 594 0221 12       		.uleb128 0x12
 595 0222 6F000000 		.4byte	.LASF23
 596 0226 01       		.byte	0x1
 597 0227 1001     		.2byte	0x110
 598 0229 99000000 		.4byte	0x99
 599 022d 04       		.byte	0x4
 600 022e 00       		.byte	0
 601 022f 06       		.uleb128 0x6
 602 0230 C1010000 		.4byte	.LASF24
 603 0234 01       		.byte	0x1
 604 0235 1101     		.2byte	0x111
 605 0237 0B020000 		.4byte	0x20b
 606 023b 13       		.uleb128 0x13
 607 023c 4B020000 		.4byte	0x24b
 608 0240 4B020000 		.4byte	0x24b
 609 0244 14       		.uleb128 0x14
 610 0245 7D000000 		.4byte	0x7d
 611 0249 01       		.byte	0x1
 612 024a 00       		.byte	0
 613 024b 15       		.uleb128 0x15
 614 024c 2F020000 		.4byte	0x22f
 615 0250 16       		.uleb128 0x16
 616 0251 3B000000 		.4byte	.LASF25
 617 0255 01       		.byte	0x1
 618 0256 1301     		.2byte	0x113
 619 0258 62020000 		.4byte	0x262
 620 025c 05       		.uleb128 0x5
 621 025d 03       		.byte	0x3
 622 025e 00000000 		.4byte	cfg_memset_list.4893
 623 0262 15       		.uleb128 0x15
 624 0263 3B020000 		.4byte	0x23b
 625 0267 17       		.uleb128 0x17
 626 0268 6900     		.ascii	"i\000"
 627 026a 01       		.byte	0x1
 628 026b 1901     		.2byte	0x119
 629 026d 8D000000 		.4byte	0x8d
 630 0271 4D000000 		.4byte	.LLST2
 631 0275 18       		.uleb128 0x18
 632 0276 C2000000 		.4byte	.LBB3
 633 027a 1C000000 		.4byte	.LBE3-.LBB3
ARM GAS  C:\Users\ccheney\AppData\Local\Temp\ccZYXczd.s 			page 18


 634 027e 17       		.uleb128 0x17
 635 027f 6D7300   		.ascii	"ms\000"
 636 0282 01       		.byte	0x1
 637 0283 1E01     		.2byte	0x11e
 638 0285 8D020000 		.4byte	0x28d
 639 0289 77000000 		.4byte	.LLST3
 640 028d 19       		.uleb128 0x19
 641 028e 04       		.byte	0x4
 642 028f 4B020000 		.4byte	0x24b
 643 0293 0B       		.uleb128 0xb
 644 0294 DE000000 		.4byte	.LVL13
 645 0298 F2000000 		.4byte	0xf2
 646 029c 0C       		.uleb128 0xc
 647 029d 01       		.uleb128 0x1
 648 029e 51       		.byte	0x51
 649 029f 15       		.uleb128 0x15
 650 02a0 74       		.byte	0x74
 651 02a1 00       		.sleb128 0
 652 02a2 31       		.byte	0x31
 653 02a3 24       		.byte	0x24
 654 02a4 74       		.byte	0x74
 655 02a5 00       		.sleb128 0
 656 02a6 22       		.byte	0x22
 657 02a7 31       		.byte	0x31
 658 02a8 24       		.byte	0x24
 659 02a9 03       		.byte	0x3
 660 02aa 04000000 		.4byte	.LANCHOR0+4
 661 02ae 22       		.byte	0x22
 662 02af 94       		.byte	0x94
 663 02b0 02       		.byte	0x2
 664 02b1 0A       		.byte	0xa
 665 02b2 FFFF     		.2byte	0xffff
 666 02b4 1A       		.byte	0x1a
 667 02b5 00       		.byte	0
 668 02b6 00       		.byte	0
 669 02b7 00       		.byte	0
 670 02b8 0D       		.uleb128 0xd
 671 02b9 0E010000 		.4byte	.LVL16
 672 02bd 3F010000 		.4byte	0x13f
 673 02c1 0D       		.uleb128 0xd
 674 02c2 12010000 		.4byte	.LVL17
 675 02c6 E1000000 		.4byte	0xe1
 676 02ca 00       		.byte	0
 677 02cb 1A       		.uleb128 0x1a
 678 02cc D2000000 		.4byte	.LASF39
 679 02d0 D2000000 		.4byte	.LASF39
 680 02d4 1B       		.uleb128 0x1b
 681 02d5 A9000000 		.4byte	.LASF26
 682 02d9 A9000000 		.4byte	.LASF26
 683 02dd 04       		.byte	0x4
 684 02de 4E       		.byte	0x4e
 685 02df 1B       		.uleb128 0x1b
 686 02e0 00000000 		.4byte	.LASF27
 687 02e4 00000000 		.4byte	.LASF27
 688 02e8 05       		.byte	0x5
 689 02e9 DC       		.byte	0xdc
 690 02ea 1B       		.uleb128 0x1b
ARM GAS  C:\Users\ccheney\AppData\Local\Temp\ccZYXczd.s 			page 19


 691 02eb 74000000 		.4byte	.LASF28
 692 02ef 74000000 		.4byte	.LASF28
 693 02f3 04       		.byte	0x4
 694 02f4 50       		.byte	0x50
 695 02f5 1B       		.uleb128 0x1b
 696 02f6 0F020000 		.4byte	.LASF29
 697 02fa 0F020000 		.4byte	.LASF29
 698 02fe 05       		.byte	0x5
 699 02ff 6C       		.byte	0x6c
 700 0300 1B       		.uleb128 0x1b
 701 0301 F4010000 		.4byte	.LASF30
 702 0305 F4010000 		.4byte	.LASF30
 703 0309 05       		.byte	0x5
 704 030a 84       		.byte	0x84
 705 030b 1B       		.uleb128 0x1b
 706 030c E5010000 		.4byte	.LASF31
 707 0310 E5010000 		.4byte	.LASF31
 708 0314 05       		.byte	0x5
 709 0315 DA       		.byte	0xda
 710 0316 1B       		.uleb128 0x1b
 711 0317 2C000000 		.4byte	.LASF32
 712 031b 2C000000 		.4byte	.LASF32
 713 031f 05       		.byte	0x5
 714 0320 BD       		.byte	0xbd
 715 0321 1B       		.uleb128 0x1b
 716 0322 E0000000 		.4byte	.LASF33
 717 0326 E0000000 		.4byte	.LASF33
 718 032a 05       		.byte	0x5
 719 032b C3       		.byte	0xc3
 720 032c 00       		.byte	0
 721              		.section	.debug_abbrev,"",%progbits
 722              	.Ldebug_abbrev0:
 723 0000 01       		.uleb128 0x1
 724 0001 11       		.uleb128 0x11
 725 0002 01       		.byte	0x1
 726 0003 25       		.uleb128 0x25
 727 0004 0E       		.uleb128 0xe
 728 0005 13       		.uleb128 0x13
 729 0006 0B       		.uleb128 0xb
 730 0007 03       		.uleb128 0x3
 731 0008 0E       		.uleb128 0xe
 732 0009 1B       		.uleb128 0x1b
 733 000a 0E       		.uleb128 0xe
 734 000b 55       		.uleb128 0x55
 735 000c 17       		.uleb128 0x17
 736 000d 11       		.uleb128 0x11
 737 000e 01       		.uleb128 0x1
 738 000f 10       		.uleb128 0x10
 739 0010 17       		.uleb128 0x17
 740 0011 00       		.byte	0
 741 0012 00       		.byte	0
 742 0013 02       		.uleb128 0x2
 743 0014 24       		.uleb128 0x24
 744 0015 00       		.byte	0
 745 0016 0B       		.uleb128 0xb
 746 0017 0B       		.uleb128 0xb
 747 0018 3E       		.uleb128 0x3e
ARM GAS  C:\Users\ccheney\AppData\Local\Temp\ccZYXczd.s 			page 20


 748 0019 0B       		.uleb128 0xb
 749 001a 03       		.uleb128 0x3
 750 001b 08       		.uleb128 0x8
 751 001c 00       		.byte	0
 752 001d 00       		.byte	0
 753 001e 03       		.uleb128 0x3
 754 001f 16       		.uleb128 0x16
 755 0020 00       		.byte	0
 756 0021 03       		.uleb128 0x3
 757 0022 0E       		.uleb128 0xe
 758 0023 3A       		.uleb128 0x3a
 759 0024 0B       		.uleb128 0xb
 760 0025 3B       		.uleb128 0x3b
 761 0026 0B       		.uleb128 0xb
 762 0027 49       		.uleb128 0x49
 763 0028 13       		.uleb128 0x13
 764 0029 00       		.byte	0
 765 002a 00       		.byte	0
 766 002b 04       		.uleb128 0x4
 767 002c 24       		.uleb128 0x24
 768 002d 00       		.byte	0
 769 002e 0B       		.uleb128 0xb
 770 002f 0B       		.uleb128 0xb
 771 0030 3E       		.uleb128 0x3e
 772 0031 0B       		.uleb128 0xb
 773 0032 03       		.uleb128 0x3
 774 0033 0E       		.uleb128 0xe
 775 0034 00       		.byte	0
 776 0035 00       		.byte	0
 777 0036 05       		.uleb128 0x5
 778 0037 0F       		.uleb128 0xf
 779 0038 00       		.byte	0
 780 0039 0B       		.uleb128 0xb
 781 003a 0B       		.uleb128 0xb
 782 003b 00       		.byte	0
 783 003c 00       		.byte	0
 784 003d 06       		.uleb128 0x6
 785 003e 16       		.uleb128 0x16
 786 003f 00       		.byte	0
 787 0040 03       		.uleb128 0x3
 788 0041 0E       		.uleb128 0xe
 789 0042 3A       		.uleb128 0x3a
 790 0043 0B       		.uleb128 0xb
 791 0044 3B       		.uleb128 0x3b
 792 0045 05       		.uleb128 0x5
 793 0046 49       		.uleb128 0x49
 794 0047 13       		.uleb128 0x13
 795 0048 00       		.byte	0
 796 0049 00       		.byte	0
 797 004a 07       		.uleb128 0x7
 798 004b 35       		.uleb128 0x35
 799 004c 00       		.byte	0
 800 004d 49       		.uleb128 0x49
 801 004e 13       		.uleb128 0x13
 802 004f 00       		.byte	0
 803 0050 00       		.byte	0
 804 0051 08       		.uleb128 0x8
ARM GAS  C:\Users\ccheney\AppData\Local\Temp\ccZYXczd.s 			page 21


 805 0052 2E       		.uleb128 0x2e
 806 0053 00       		.byte	0
 807 0054 03       		.uleb128 0x3
 808 0055 0E       		.uleb128 0xe
 809 0056 3A       		.uleb128 0x3a
 810 0057 0B       		.uleb128 0xb
 811 0058 3B       		.uleb128 0x3b
 812 0059 0B       		.uleb128 0xb
 813 005a 27       		.uleb128 0x27
 814 005b 19       		.uleb128 0x19
 815 005c 11       		.uleb128 0x11
 816 005d 01       		.uleb128 0x1
 817 005e 12       		.uleb128 0x12
 818 005f 06       		.uleb128 0x6
 819 0060 40       		.uleb128 0x40
 820 0061 18       		.uleb128 0x18
 821 0062 9742     		.uleb128 0x2117
 822 0064 19       		.uleb128 0x19
 823 0065 00       		.byte	0
 824 0066 00       		.byte	0
 825 0067 09       		.uleb128 0x9
 826 0068 2E       		.uleb128 0x2e
 827 0069 01       		.byte	0x1
 828 006a 03       		.uleb128 0x3
 829 006b 0E       		.uleb128 0xe
 830 006c 3A       		.uleb128 0x3a
 831 006d 0B       		.uleb128 0xb
 832 006e 3B       		.uleb128 0x3b
 833 006f 0B       		.uleb128 0xb
 834 0070 27       		.uleb128 0x27
 835 0071 19       		.uleb128 0x19
 836 0072 11       		.uleb128 0x11
 837 0073 01       		.uleb128 0x1
 838 0074 12       		.uleb128 0x12
 839 0075 06       		.uleb128 0x6
 840 0076 40       		.uleb128 0x40
 841 0077 18       		.uleb128 0x18
 842 0078 9742     		.uleb128 0x2117
 843 007a 19       		.uleb128 0x19
 844 007b 01       		.uleb128 0x1
 845 007c 13       		.uleb128 0x13
 846 007d 00       		.byte	0
 847 007e 00       		.byte	0
 848 007f 0A       		.uleb128 0xa
 849 0080 05       		.uleb128 0x5
 850 0081 00       		.byte	0
 851 0082 03       		.uleb128 0x3
 852 0083 08       		.uleb128 0x8
 853 0084 3A       		.uleb128 0x3a
 854 0085 0B       		.uleb128 0xb
 855 0086 3B       		.uleb128 0x3b
 856 0087 0B       		.uleb128 0xb
 857 0088 49       		.uleb128 0x49
 858 0089 13       		.uleb128 0x13
 859 008a 02       		.uleb128 0x2
 860 008b 17       		.uleb128 0x17
 861 008c 00       		.byte	0
ARM GAS  C:\Users\ccheney\AppData\Local\Temp\ccZYXczd.s 			page 22


 862 008d 00       		.byte	0
 863 008e 0B       		.uleb128 0xb
 864 008f 898201   		.uleb128 0x4109
 865 0092 01       		.byte	0x1
 866 0093 11       		.uleb128 0x11
 867 0094 01       		.uleb128 0x1
 868 0095 31       		.uleb128 0x31
 869 0096 13       		.uleb128 0x13
 870 0097 00       		.byte	0
 871 0098 00       		.byte	0
 872 0099 0C       		.uleb128 0xc
 873 009a 8A8201   		.uleb128 0x410a
 874 009d 00       		.byte	0
 875 009e 02       		.uleb128 0x2
 876 009f 18       		.uleb128 0x18
 877 00a0 9142     		.uleb128 0x2111
 878 00a2 18       		.uleb128 0x18
 879 00a3 00       		.byte	0
 880 00a4 00       		.byte	0
 881 00a5 0D       		.uleb128 0xd
 882 00a6 898201   		.uleb128 0x4109
 883 00a9 00       		.byte	0
 884 00aa 11       		.uleb128 0x11
 885 00ab 01       		.uleb128 0x1
 886 00ac 31       		.uleb128 0x31
 887 00ad 13       		.uleb128 0x13
 888 00ae 00       		.byte	0
 889 00af 00       		.byte	0
 890 00b0 0E       		.uleb128 0xe
 891 00b1 898201   		.uleb128 0x4109
 892 00b4 01       		.byte	0x1
 893 00b5 11       		.uleb128 0x11
 894 00b6 01       		.uleb128 0x1
 895 00b7 31       		.uleb128 0x31
 896 00b8 13       		.uleb128 0x13
 897 00b9 01       		.uleb128 0x1
 898 00ba 13       		.uleb128 0x13
 899 00bb 00       		.byte	0
 900 00bc 00       		.byte	0
 901 00bd 0F       		.uleb128 0xf
 902 00be 2E       		.uleb128 0x2e
 903 00bf 01       		.byte	0x1
 904 00c0 3F       		.uleb128 0x3f
 905 00c1 19       		.uleb128 0x19
 906 00c2 03       		.uleb128 0x3
 907 00c3 0E       		.uleb128 0xe
 908 00c4 3A       		.uleb128 0x3a
 909 00c5 0B       		.uleb128 0xb
 910 00c6 3B       		.uleb128 0x3b
 911 00c7 05       		.uleb128 0x5
 912 00c8 27       		.uleb128 0x27
 913 00c9 19       		.uleb128 0x19
 914 00ca 11       		.uleb128 0x11
 915 00cb 01       		.uleb128 0x1
 916 00cc 12       		.uleb128 0x12
 917 00cd 06       		.uleb128 0x6
 918 00ce 40       		.uleb128 0x40
ARM GAS  C:\Users\ccheney\AppData\Local\Temp\ccZYXczd.s 			page 23


 919 00cf 18       		.uleb128 0x18
 920 00d0 9742     		.uleb128 0x2117
 921 00d2 19       		.uleb128 0x19
 922 00d3 01       		.uleb128 0x1
 923 00d4 13       		.uleb128 0x13
 924 00d5 00       		.byte	0
 925 00d6 00       		.byte	0
 926 00d7 10       		.uleb128 0x10
 927 00d8 0B       		.uleb128 0xb
 928 00d9 01       		.byte	0x1
 929 00da 11       		.uleb128 0x11
 930 00db 01       		.uleb128 0x1
 931 00dc 12       		.uleb128 0x12
 932 00dd 06       		.uleb128 0x6
 933 00de 01       		.uleb128 0x1
 934 00df 13       		.uleb128 0x13
 935 00e0 00       		.byte	0
 936 00e1 00       		.byte	0
 937 00e2 11       		.uleb128 0x11
 938 00e3 13       		.uleb128 0x13
 939 00e4 01       		.byte	0x1
 940 00e5 0B       		.uleb128 0xb
 941 00e6 0B       		.uleb128 0xb
 942 00e7 3A       		.uleb128 0x3a
 943 00e8 0B       		.uleb128 0xb
 944 00e9 3B       		.uleb128 0x3b
 945 00ea 05       		.uleb128 0x5
 946 00eb 01       		.uleb128 0x1
 947 00ec 13       		.uleb128 0x13
 948 00ed 00       		.byte	0
 949 00ee 00       		.byte	0
 950 00ef 12       		.uleb128 0x12
 951 00f0 0D       		.uleb128 0xd
 952 00f1 00       		.byte	0
 953 00f2 03       		.uleb128 0x3
 954 00f3 0E       		.uleb128 0xe
 955 00f4 3A       		.uleb128 0x3a
 956 00f5 0B       		.uleb128 0xb
 957 00f6 3B       		.uleb128 0x3b
 958 00f7 05       		.uleb128 0x5
 959 00f8 49       		.uleb128 0x49
 960 00f9 13       		.uleb128 0x13
 961 00fa 38       		.uleb128 0x38
 962 00fb 0B       		.uleb128 0xb
 963 00fc 00       		.byte	0
 964 00fd 00       		.byte	0
 965 00fe 13       		.uleb128 0x13
 966 00ff 01       		.uleb128 0x1
 967 0100 01       		.byte	0x1
 968 0101 49       		.uleb128 0x49
 969 0102 13       		.uleb128 0x13
 970 0103 01       		.uleb128 0x1
 971 0104 13       		.uleb128 0x13
 972 0105 00       		.byte	0
 973 0106 00       		.byte	0
 974 0107 14       		.uleb128 0x14
 975 0108 21       		.uleb128 0x21
ARM GAS  C:\Users\ccheney\AppData\Local\Temp\ccZYXczd.s 			page 24


 976 0109 00       		.byte	0
 977 010a 49       		.uleb128 0x49
 978 010b 13       		.uleb128 0x13
 979 010c 2F       		.uleb128 0x2f
 980 010d 0B       		.uleb128 0xb
 981 010e 00       		.byte	0
 982 010f 00       		.byte	0
 983 0110 15       		.uleb128 0x15
 984 0111 26       		.uleb128 0x26
 985 0112 00       		.byte	0
 986 0113 49       		.uleb128 0x49
 987 0114 13       		.uleb128 0x13
 988 0115 00       		.byte	0
 989 0116 00       		.byte	0
 990 0117 16       		.uleb128 0x16
 991 0118 34       		.uleb128 0x34
 992 0119 00       		.byte	0
 993 011a 03       		.uleb128 0x3
 994 011b 0E       		.uleb128 0xe
 995 011c 3A       		.uleb128 0x3a
 996 011d 0B       		.uleb128 0xb
 997 011e 3B       		.uleb128 0x3b
 998 011f 05       		.uleb128 0x5
 999 0120 49       		.uleb128 0x49
 1000 0121 13       		.uleb128 0x13
 1001 0122 02       		.uleb128 0x2
 1002 0123 18       		.uleb128 0x18
 1003 0124 00       		.byte	0
 1004 0125 00       		.byte	0
 1005 0126 17       		.uleb128 0x17
 1006 0127 34       		.uleb128 0x34
 1007 0128 00       		.byte	0
 1008 0129 03       		.uleb128 0x3
 1009 012a 08       		.uleb128 0x8
 1010 012b 3A       		.uleb128 0x3a
 1011 012c 0B       		.uleb128 0xb
 1012 012d 3B       		.uleb128 0x3b
 1013 012e 05       		.uleb128 0x5
 1014 012f 49       		.uleb128 0x49
 1015 0130 13       		.uleb128 0x13
 1016 0131 02       		.uleb128 0x2
 1017 0132 17       		.uleb128 0x17
 1018 0133 00       		.byte	0
 1019 0134 00       		.byte	0
 1020 0135 18       		.uleb128 0x18
 1021 0136 0B       		.uleb128 0xb
 1022 0137 01       		.byte	0x1
 1023 0138 11       		.uleb128 0x11
 1024 0139 01       		.uleb128 0x1
 1025 013a 12       		.uleb128 0x12
 1026 013b 06       		.uleb128 0x6
 1027 013c 00       		.byte	0
 1028 013d 00       		.byte	0
 1029 013e 19       		.uleb128 0x19
 1030 013f 0F       		.uleb128 0xf
 1031 0140 00       		.byte	0
 1032 0141 0B       		.uleb128 0xb
ARM GAS  C:\Users\ccheney\AppData\Local\Temp\ccZYXczd.s 			page 25


 1033 0142 0B       		.uleb128 0xb
 1034 0143 49       		.uleb128 0x49
 1035 0144 13       		.uleb128 0x13
 1036 0145 00       		.byte	0
 1037 0146 00       		.byte	0
 1038 0147 1A       		.uleb128 0x1a
 1039 0148 2E       		.uleb128 0x2e
 1040 0149 00       		.byte	0
 1041 014a 3F       		.uleb128 0x3f
 1042 014b 19       		.uleb128 0x19
 1043 014c 3C       		.uleb128 0x3c
 1044 014d 19       		.uleb128 0x19
 1045 014e 6E       		.uleb128 0x6e
 1046 014f 0E       		.uleb128 0xe
 1047 0150 03       		.uleb128 0x3
 1048 0151 0E       		.uleb128 0xe
 1049 0152 00       		.byte	0
 1050 0153 00       		.byte	0
 1051 0154 1B       		.uleb128 0x1b
 1052 0155 2E       		.uleb128 0x2e
 1053 0156 00       		.byte	0
 1054 0157 3F       		.uleb128 0x3f
 1055 0158 19       		.uleb128 0x19
 1056 0159 3C       		.uleb128 0x3c
 1057 015a 19       		.uleb128 0x19
 1058 015b 6E       		.uleb128 0x6e
 1059 015c 0E       		.uleb128 0xe
 1060 015d 03       		.uleb128 0x3
 1061 015e 0E       		.uleb128 0xe
 1062 015f 3A       		.uleb128 0x3a
 1063 0160 0B       		.uleb128 0xb
 1064 0161 3B       		.uleb128 0x3b
 1065 0162 0B       		.uleb128 0xb
 1066 0163 00       		.byte	0
 1067 0164 00       		.byte	0
 1068 0165 00       		.byte	0
 1069              		.section	.debug_loc,"",%progbits
 1070              	.Ldebug_loc0:
 1071              	.LLST0:
 1072 0000 00000000 		.4byte	.LVL0
 1073 0004 09000000 		.4byte	.LVL2-1
 1074 0008 0100     		.2byte	0x1
 1075 000a 50       		.byte	0x50
 1076 000b 09000000 		.4byte	.LVL2-1
 1077 000f 0C000000 		.4byte	.LFE2
 1078 0013 0400     		.2byte	0x4
 1079 0015 F3       		.byte	0xf3
 1080 0016 01       		.uleb128 0x1
 1081 0017 50       		.byte	0x50
 1082 0018 9F       		.byte	0x9f
 1083 0019 00000000 		.4byte	0
 1084 001d 00000000 		.4byte	0
 1085              	.LLST1:
 1086 0021 00000000 		.4byte	.LVL0
 1087 0025 06000000 		.4byte	.LVL1
 1088 0029 0100     		.2byte	0x1
 1089 002b 51       		.byte	0x51
ARM GAS  C:\Users\ccheney\AppData\Local\Temp\ccZYXczd.s 			page 26


 1090 002c 06000000 		.4byte	.LVL1
 1091 0030 09000000 		.4byte	.LVL2-1
 1092 0034 0100     		.2byte	0x1
 1093 0036 52       		.byte	0x52
 1094 0037 09000000 		.4byte	.LVL2-1
 1095 003b 0C000000 		.4byte	.LFE2
 1096 003f 0400     		.2byte	0x4
 1097 0041 F3       		.byte	0xf3
 1098 0042 01       		.uleb128 0x1
 1099 0043 51       		.byte	0x51
 1100 0044 9F       		.byte	0x9f
 1101 0045 00000000 		.4byte	0
 1102 0049 00000000 		.4byte	0
 1103              	.LLST2:
 1104 004d BE000000 		.4byte	.LVL11
 1105 0051 C2000000 		.4byte	.LVL12
 1106 0055 0200     		.2byte	0x2
 1107 0057 30       		.byte	0x30
 1108 0058 9F       		.byte	0x9f
 1109 0059 C2000000 		.4byte	.LVL12
 1110 005d E0000000 		.4byte	.LVL14
 1111 0061 0100     		.2byte	0x1
 1112 0063 54       		.byte	0x54
 1113 0064 E2000000 		.4byte	.LVL15
 1114 0068 12010000 		.4byte	.LVL18
 1115 006c 0100     		.2byte	0x1
 1116 006e 54       		.byte	0x54
 1117 006f 00000000 		.4byte	0
 1118 0073 00000000 		.4byte	0
 1119              	.LLST3:
 1120 0077 C2000000 		.4byte	.LVL12
 1121 007b E0000000 		.4byte	.LVL14
 1122 007f 0B00     		.2byte	0xb
 1123 0081 74       		.byte	0x74
 1124 0082 00       		.sleb128 0
 1125 0083 36       		.byte	0x36
 1126 0084 1E       		.byte	0x1e
 1127 0085 03       		.byte	0x3
 1128 0086 00000000 		.4byte	cfg_memset_list.4893
 1129 008a 22       		.byte	0x22
 1130 008b 9F       		.byte	0x9f
 1131 008c E0000000 		.4byte	.LVL14
 1132 0090 E2000000 		.4byte	.LVL15
 1133 0094 0B00     		.2byte	0xb
 1134 0096 74       		.byte	0x74
 1135 0097 7F       		.sleb128 -1
 1136 0098 36       		.byte	0x36
 1137 0099 1E       		.byte	0x1e
 1138 009a 03       		.byte	0x3
 1139 009b 00000000 		.4byte	cfg_memset_list.4893
 1140 009f 22       		.byte	0x22
 1141 00a0 9F       		.byte	0x9f
 1142 00a1 00000000 		.4byte	0
 1143 00a5 00000000 		.4byte	0
 1144              		.section	.debug_aranges,"",%progbits
 1145 0000 34000000 		.4byte	0x34
 1146 0004 0200     		.2byte	0x2
ARM GAS  C:\Users\ccheney\AppData\Local\Temp\ccZYXczd.s 			page 27


 1147 0006 00000000 		.4byte	.Ldebug_info0
 1148 000a 04       		.byte	0x4
 1149 000b 00       		.byte	0
 1150 000c 0000     		.2byte	0
 1151 000e 0000     		.2byte	0
 1152 0010 00000000 		.4byte	.LFB6
 1153 0014 20000000 		.4byte	.LFE6-.LFB6
 1154 0018 00000000 		.4byte	.LFB2
 1155 001c 0C000000 		.4byte	.LFE2-.LFB2
 1156 0020 00000000 		.4byte	.LFB5
 1157 0024 B4000000 		.4byte	.LFE5-.LFB5
 1158 0028 B4000000 		.4byte	.LFB7
 1159 002c 78000000 		.4byte	.LFE7-.LFB7
 1160 0030 00000000 		.4byte	0
 1161 0034 00000000 		.4byte	0
 1162              		.section	.debug_ranges,"",%progbits
 1163              	.Ldebug_ranges0:
 1164 0000 00000000 		.4byte	.LFB6
 1165 0004 20000000 		.4byte	.LFE6
 1166 0008 00000000 		.4byte	.LFB2
 1167 000c 0C000000 		.4byte	.LFE2
 1168 0010 00000000 		.4byte	.LFB5
 1169 0014 B4000000 		.4byte	.LFE5
 1170 0018 B4000000 		.4byte	.LFB7
 1171 001c 2C010000 		.4byte	.LFE7
 1172 0020 00000000 		.4byte	0
 1173 0024 00000000 		.4byte	0
 1174              		.section	.debug_line,"",%progbits
 1175              	.Ldebug_line0:
 1176 0000 53010000 		.section	.debug_str,"MS",%progbits,1
 1176      0200E300 
 1176      00000201 
 1176      FB0E0D00 
 1176      01010101 
 1177              	.LASF27:
 1178 0000 43794465 		.ascii	"CyDelayCycles\000"
 1178      6C617943 
 1178      79636C65 
 1178      7300
 1179              	.LASF19:
 1180 000e 72656733 		.ascii	"reg32\000"
 1180      3200
 1181              	.LASF12:
 1182 0014 73697A65 		.ascii	"size_t\000"
 1182      5F7400
 1183              	.LASF37:
 1184 001b 416E616C 		.ascii	"AnalogSetDefault\000"
 1184      6F675365 
 1184      74446566 
 1184      61756C74 
 1184      00
 1185              	.LASF32:
 1186 002c 4379496E 		.ascii	"CyIntSetVector\000"
 1186      74536574 
 1186      56656374 
 1186      6F7200
 1187              	.LASF25:
ARM GAS  C:\Users\ccheney\AppData\Local\Temp\ccZYXczd.s 			page 28


 1188 003b 6366675F 		.ascii	"cfg_memset_list\000"
 1188      6D656D73 
 1188      65745F6C 
 1188      69737400 
 1189              	.LASF21:
 1190 004b 436C6F63 		.ascii	"ClockSetup\000"
 1190      6B536574 
 1190      757000
 1191              	.LASF6:
 1192 0056 73686F72 		.ascii	"short unsigned int\000"
 1192      7420756E 
 1192      7369676E 
 1192      65642069 
 1192      6E7400
 1193              	.LASF16:
 1194 0069 666C6F61 		.ascii	"float\000"
 1194      7400
 1195              	.LASF23:
 1196 006f 73697A65 		.ascii	"size\000"
 1196      00
 1197              	.LASF28:
 1198 0074 43795379 		.ascii	"CySysClkWcoSetPowerMode\000"
 1198      73436C6B 
 1198      57636F53 
 1198      6574506F 
 1198      7765724D 
 1199              	.LASF18:
 1200 008c 72656738 		.ascii	"reg8\000"
 1200      00
 1201              	.LASF8:
 1202 0091 6C6F6E67 		.ascii	"long unsigned int\000"
 1202      20756E73 
 1202      69676E65 
 1202      6420696E 
 1202      7400
 1203              	.LASF13:
 1204 00a3 75696E74 		.ascii	"uint8\000"
 1204      3800
 1205              	.LASF26:
 1206 00a9 43795379 		.ascii	"CySysClkWcoStart\000"
 1206      73436C6B 
 1206      57636F53 
 1206      74617274 
 1206      00
 1207              	.LASF20:
 1208 00ba 43594D45 		.ascii	"CYMEMZERO\000"
 1208      4D5A4552 
 1208      4F00
 1209              	.LASF4:
 1210 00c4 756E7369 		.ascii	"unsigned char\000"
 1210      676E6564 
 1210      20636861 
 1210      7200
 1211              	.LASF39:
 1212 00d2 6D656D73 		.ascii	"memset\000"
 1212      657400
 1213              	.LASF17:
ARM GAS  C:\Users\ccheney\AppData\Local\Temp\ccZYXczd.s 			page 29


 1214 00d9 646F7562 		.ascii	"double\000"
 1214      6C6500
 1215              	.LASF33:
 1216 00e0 4379496E 		.ascii	"CyIntEnable\000"
 1216      74456E61 
 1216      626C6500 
 1217              	.LASF14:
 1218 00ec 75696E74 		.ascii	"uint16\000"
 1218      313600
 1219              	.LASF15:
 1220 00f3 75696E74 		.ascii	"uint32\000"
 1220      333200
 1221              	.LASF0:
 1222 00fa 756E7369 		.ascii	"unsigned int\000"
 1222      676E6564 
 1222      20696E74 
 1222      00
 1223              	.LASF38:
 1224 0107 63796669 		.ascii	"cyfitter_cfg\000"
 1224      74746572 
 1224      5F636667 
 1224      00
 1225              	.LASF22:
 1226 0114 61646472 		.ascii	"address\000"
 1226      65737300 
 1227              	.LASF9:
 1228 011c 6C6F6E67 		.ascii	"long long unsigned int\000"
 1228      206C6F6E 
 1228      6720756E 
 1228      7369676E 
 1228      65642069 
 1229              	.LASF34:
 1230 0133 474E5520 		.ascii	"GNU C11 5.4.1 20160609 (release) [ARM/embedded-5-br"
 1230      43313120 
 1230      352E342E 
 1230      31203230 
 1230      31363036 
 1231 0166 616E6368 		.ascii	"anch revision 237715] -mcpu=cortex-m0 -mthumb -g -O"
 1231      20726576 
 1231      6973696F 
 1231      6E203233 
 1231      37373135 
 1232 0199 67202D66 		.ascii	"g -ffunction-sections -ffat-lto-objects\000"
 1232      66756E63 
 1232      74696F6E 
 1232      2D736563 
 1232      74696F6E 
 1233              	.LASF24:
 1234 01c1 6366675F 		.ascii	"cfg_memset_t\000"
 1234      6D656D73 
 1234      65745F74 
 1234      00
 1235              	.LASF10:
 1236 01ce 73697A65 		.ascii	"sizetype\000"
 1236      74797065 
 1236      00
 1237              	.LASF1:
ARM GAS  C:\Users\ccheney\AppData\Local\Temp\ccZYXczd.s 			page 30


 1238 01d7 6C6F6E67 		.ascii	"long long int\000"
 1238      206C6F6E 
 1238      6720696E 
 1238      7400
 1239              	.LASF31:
 1240 01e5 43794465 		.ascii	"CyDelayUs\000"
 1240      6C617955 
 1240      7300
 1241              	.LASF11:
 1242 01ef 63686172 		.ascii	"char\000"
 1242      00
 1243              	.LASF30:
 1244 01f4 43795379 		.ascii	"CySysClkEcoStart\000"
 1244      73436C6B 
 1244      45636F53 
 1244      74617274 
 1244      00
 1245              	.LASF5:
 1246 0205 73686F72 		.ascii	"short int\000"
 1246      7420696E 
 1246      7400
 1247              	.LASF29:
 1248 020f 43795379 		.ascii	"CySysClkWriteImoFreq\000"
 1248      73436C6B 
 1248      57726974 
 1248      65496D6F 
 1248      46726571 
 1249              	.LASF36:
 1250 0224 433A5C55 		.ascii	"C:\\Users\\ccheney\\Dropbox (MIT)\\MICA\\Creator\\l"
 1250      73657273 
 1250      5C636368 
 1250      656E6579 
 1250      5C44726F 
 1251 0251 69627261 		.ascii	"ibraries\\micaComponents_testing\\fileGenerators_v1"
 1251      72696573 
 1251      5C6D6963 
 1251      61436F6D 
 1251      706F6E65 
 1252 0282 5F302E63 		.ascii	"_0.cydsn\000"
 1252      7964736E 
 1252      00
 1253              	.LASF7:
 1254 028b 6C6F6E67 		.ascii	"long int\000"
 1254      20696E74 
 1254      00
 1255              	.LASF2:
 1256 0294 6C6F6E67 		.ascii	"long double\000"
 1256      20646F75 
 1256      626C6500 
 1257              	.LASF3:
 1258 02a0 7369676E 		.ascii	"signed char\000"
 1258      65642063 
 1258      68617200 
 1259              	.LASF35:
 1260 02ac 47656E65 		.ascii	"Generated_Source\\PSoC4\\cyfitter_cfg.c\000"
 1260      72617465 
 1260      645F536F 
ARM GAS  C:\Users\ccheney\AppData\Local\Temp\ccZYXczd.s 			page 31


 1260      75726365 
 1260      5C50536F 
 1261              		.ident	"GCC: (GNU Tools for ARM Embedded Processors) 5.4.1 20160609 (release) [ARM/embedded-5-bran
