Archive member included to satisfy reference by file (symbol)

.\CortexM0\ARM_GCC_541\Debug\packetTesting_v1_3.a(UART_USB.o)
                              .\CortexM0\ARM_GCC_541\Debug\main.o (UART_USB_Start)
.\CortexM0\ARM_GCC_541\Debug\packetTesting_v1_3.a(UART_USB_UART.o)
                              .\CortexM0\ARM_GCC_541\Debug\packetTesting_v1_3.a(UART_USB.o) (UART_USB_UartInit)
.\CortexM0\ARM_GCC_541\Debug\packetTesting_v1_3.a(LEDS.o)
                              .\CortexM0\ARM_GCC_541\Debug\main.o (LEDS_Write)
.\CortexM0\ARM_GCC_541\Debug\packetTesting_v1_3.a(usbUart.o)
                              .\CortexM0\ARM_GCC_541\Debug\main.o (usbUart_print)
.\CortexM0\ARM_GCC_541\Debug\packetTesting_v1_3.a(packets.o)
                              .\CortexM0\ARM_GCC_541\Debug\main.o (packets_initialize)
.\CortexM0\ARM_GCC_541\Debug\packetTesting_v1_3.a(LEDS_Control_reg.o)
                              .\CortexM0\ARM_GCC_541\Debug\packetTesting_v1_3.a(LEDS.o) (LEDS_Control_reg_Write)
.\CortexM0\ARM_GCC_541\Debug\packetTesting_v1_3.a(LEDS_Control_reg_PM.o)
                              .\CortexM0\ARM_GCC_541\Debug\packetTesting_v1_3.a(LEDS.o) (LEDS_Control_reg_Sleep)
.\CortexM0\ARM_GCC_541\Debug\packetTesting_v1_3.a(CyLib.o)
                              .\CortexM0\ARM_GCC_541\Debug\cyfitter_cfg.o (CyIntEnable)
.\CortexM0\ARM_GCC_541\Debug\packetTesting_v1_3.a(CyLFClk.o)
                              .\CortexM0\ARM_GCC_541\Debug\cyfitter_cfg.o (CySysClkWcoStart)
.\CortexM0\ARM_GCC_541\Debug\packetTesting_v1_3.a(testRunner.o)
                              .\CortexM0\ARM_GCC_541\Debug\main.o (testRunner_run)
.\CortexM0\ARM_GCC_541\Debug\packetTesting_v1_3.a(CyBootAsmGnu.o)
                              .\CortexM0\ARM_GCC_541\Debug\packetTesting_v1_3.a(CyLib.o) (CyDelayCycles)
.\CortexM0\ARM_GCC_541\Debug\packetTesting_v1_3.a(UART_USB_SPI_UART.o)
                              .\CortexM0\ARM_GCC_541\Debug\packetTesting_v1_3.a(UART_USB_UART.o) (UART_USB_SpiUartReadRxData)
.\CortexM0\ARM_GCC_541\Debug\packetTesting_v1_3.a(UART_USB_SPI_UART_INT.o)
                              .\CortexM0\ARM_GCC_541\Debug\packetTesting_v1_3.a(UART_USB_UART.o) (UART_USB_SPI_UART_ISR)
c:/program files (x86)/cypress/psoc creator/4.2/psoc creator/import/gnu/arm/5.4.1/bin/../lib/gcc/arm-none-eabi/5.4.1/armv6-m\libgcc.a(_udivsi3.o)
                              .\CortexM0\ARM_GCC_541\Debug\packetTesting_v1_3.a(usbUart.o) (__aeabi_uidiv)
c:/program files (x86)/cypress/psoc creator/4.2/psoc creator/import/gnu/arm/5.4.1/bin/../lib/gcc/arm-none-eabi/5.4.1/armv6-m\libgcc.a(_divsi3.o)
                              .\CortexM0\ARM_GCC_541\Debug\packetTesting_v1_3.a(CyLFClk.o) (__aeabi_idiv)
c:/program files (x86)/cypress/psoc creator/4.2/psoc creator/import/gnu/arm/5.4.1/bin/../lib/gcc/arm-none-eabi/5.4.1/armv6-m\libgcc.a(_dvmd_tls.o)
                              c:/program files (x86)/cypress/psoc creator/4.2/psoc creator/import/gnu/arm/5.4.1/bin/../lib/gcc/arm-none-eabi/5.4.1/armv6-m\libgcc.a(_udivsi3.o) (__aeabi_idiv0)
c:/program files (x86)/cypress/psoc creator/4.2/psoc creator/import/gnu/arm/5.4.1/bin/../lib/gcc/arm-none-eabi/5.4.1/../../../../arm-none-eabi/lib/armv6-m\libg_nano.a(lib_a-calloc.o)
                              .\CortexM0\ARM_GCC_541\Debug\packetTesting_v1_3.a(packets.o) (calloc)
c:/program files (x86)/cypress/psoc creator/4.2/psoc creator/import/gnu/arm/5.4.1/bin/../lib/gcc/arm-none-eabi/5.4.1/../../../../arm-none-eabi/lib/armv6-m\libg_nano.a(lib_a-errno.o)
                              .\CortexM0\ARM_GCC_541\Debug\Cm0Start.o (__errno)
c:/program files (x86)/cypress/psoc creator/4.2/psoc creator/import/gnu/arm/5.4.1/bin/../lib/gcc/arm-none-eabi/5.4.1/../../../../arm-none-eabi/lib/armv6-m\libg_nano.a(lib_a-exit.o)
                              c:/program files (x86)/cypress/psoc creator/4.2/psoc creator/import/gnu/arm/5.4.1/bin/../lib/gcc/arm-none-eabi/5.4.1/../../../../arm-none-eabi/lib/armv6-m/crt0.o (exit)
c:/program files (x86)/cypress/psoc creator/4.2/psoc creator/import/gnu/arm/5.4.1/bin/../lib/gcc/arm-none-eabi/5.4.1/../../../../arm-none-eabi/lib/armv6-m\libg_nano.a(lib_a-impure.o)
                              c:/program files (x86)/cypress/psoc creator/4.2/psoc creator/import/gnu/arm/5.4.1/bin/../lib/gcc/arm-none-eabi/5.4.1/../../../../arm-none-eabi/lib/armv6-m\libg_nano.a(lib_a-exit.o) (_global_impure_ptr)
c:/program files (x86)/cypress/psoc creator/4.2/psoc creator/import/gnu/arm/5.4.1/bin/../lib/gcc/arm-none-eabi/5.4.1/../../../../arm-none-eabi/lib/armv6-m\libg_nano.a(lib_a-init.o)
                              c:/program files (x86)/cypress/psoc creator/4.2/psoc creator/import/gnu/arm/5.4.1/bin/../lib/gcc/arm-none-eabi/5.4.1/../../../../arm-none-eabi/lib/armv6-m/crt0.o (__libc_init_array)
c:/program files (x86)/cypress/psoc creator/4.2/psoc creator/import/gnu/arm/5.4.1/bin/../lib/gcc/arm-none-eabi/5.4.1/../../../../arm-none-eabi/lib/armv6-m\libg_nano.a(lib_a-malloc.o)
[...]
Memory Configuration

Name             Origin             Length             Attributes
rom              0x00000000         0x00040000         xr
ram              0x20000000         0x00008000         xrw
*default*        0x00000000         0xffffffff

Linker script and memory map

LOAD c:/program files (x86)/cypress/psoc creator/4.2/psoc creator/import/gnu/arm/5.4.1/bin/../lib/gcc/arm-none-eabi/5.4.1/armv6-m/crti.o
LOAD c:/program files (x86)/cypress/psoc creator/4.2/psoc creator/import/gnu/arm/5.4.1/bin/../lib/gcc/arm-none-eabi/5.4.1/armv6-m/crtbegin.o
LOAD c:/program files (x86)/cypress/psoc creator/4.2/psoc creator/import/gnu/arm/5.4.1/bin/../lib/gcc/arm-none-eabi/5.4.1/../../../../arm-none-eabi/lib/armv6-m/crt0.o
START GROUP
LOAD .\CortexM0\ARM_GCC_541\Debug\main.o
LOAD .\CortexM0\ARM_GCC_541\Debug\packet_testing.o
LOAD .\CortexM0\ARM_GCC_541\Debug\cyfitter_cfg.o
LOAD .\CortexM0\ARM_GCC_541\Debug\cymetadata.o
LOAD .\CortexM0\ARM_GCC_541\Debug\Cm0Start.o
LOAD .\CortexM0\ARM_GCC_541\Debug\packetTesting_v1_3.a
END GROUP
START GROUP
LOAD c:/program files (x86)/cypress/psoc creator/4.2/psoc creator/import/gnu/arm/5.4.1/bin/../lib/gcc/arm-none-eabi/5.4.1/armv6-m\libgcc.a
LOAD c:/program files (x86)/cypress/psoc creator/4.2/psoc creator/import/gnu/arm/5.4.1/bin/../lib/gcc/arm-none-eabi/5.4.1/../../../../arm-none-eabi/lib/armv6-m\libg_nano.a
LOAD c:/program files (x86)/cypress/psoc creator/4.2/psoc creator/import/gnu/arm/5.4.1/bin/../lib/gcc/arm-none-eabi/5.4.1/../../../../arm-none-eabi/lib/armv6-m\libc_nano.a
END GROUP
START GROUP
LOAD c:/program files (x86)/cypress/psoc creator/4.2/psoc creator/import/gnu/arm/5.4.1/bin/../lib/gcc/arm-none-eabi/5.4.1/armv6-m\libgcc.a
LOAD c:/program files (x86)/cypress/psoc creator/4.2/psoc creator/import/gnu/arm/5.4.1/bin/../lib/gcc/arm-none-eabi/5.4.1/../../../../arm-none-eabi/lib/armv6-m\libc_nano.a
END GROUP
LOAD c:/program files (x86)/cypress/psoc creator/4.2/psoc creator/import/gnu/arm/5.4.1/bin/../lib/gcc/arm-none-eabi/5.4.1/armv6-m/crtend.o
LOAD c:/program files (x86)/cypress/psoc creator/4.2/psoc creator/import/gnu/arm/5.4.1/bin/../lib/gcc/arm-none-eabi/5.4.1/armv6-m/crtn.o
START GROUP
LOAD c:/program files (x86)/cypress/psoc creator/4.2/psoc creator/import/gnu/arm/5.4.1/bin/../lib/gcc/arm-none-eabi/5.4.1/armv6-m\libgcc.a
LOAD c:/program files (x86)/cypress/psoc creator/4.2/psoc creator/import/gnu/arm/5.4.1/bin/../lib/gcc/arm-none-eabi/5.4.1/../../../../arm-none-eabi/lib/armv6-m\libc.a
LOAD c:/program files (x86)/cypress/psoc creator/4.2/psoc creator/import/gnu/arm/5.4.1/bin/../lib/gcc/arm-none-eabi/5.4.1/../../../../arm-none-eabi/lib/armv6-m\libnosys.a
END GROUP
                0x00000000                CY_APPL_ORIGIN = 0x0
                0x00000100                CY_FLASH_ROW_SIZE = 0x100
                0x00000001                CY_APPL_NUM = 0x1
                0x00000001                CY_APPL_MAX = 0x1
                0x00000040                CY_METADATA_SIZE = 0x40
                0x00000000                CY_APPL_LOADABLE = 0x0
                0x00000000                CY_CHECKSUM_EXCLUDE_SIZE = ALIGN (0x0, CY_FLASH_ROW_SIZE)
                0x00000000                CY_APP_FOR_STACK_AND_COPIER = 0x0
                [!provide]                PROVIDE (__cy_heap_start, _end)
                0x00000001                PROVIDE (__cy_region_num, ((__cy_regions_end - __cy_regions) / 0x10))
                0x20008000                PROVIDE (__cy_stack, (ORIGIN (ram) + LENGTH (ram)))
                [!provide]                PROVIDE (__cy_heap_end, (__cy_stack - 0x400))

.cybootloader   0x00000000        0x0
 *(.cybootloader)
                0x00000000                appl1_start = CY_APPL_ORIGIN?CY_APPL_ORIGIN:ALIGN (CY_FLASH_ROW_SIZE)
                0x0001ff00                appl2_start = (appl1_start + ALIGN ((((LENGTH (rom) - appl1_start) - (0x2 * CY_FLASH_ROW_SIZE)) / 0x2), CY_FLASH_ROW_SIZE))
                0x00000000                appl_start = (CY_APPL_NUM == 0x1)?appl1_start:appl2_start
                0x00000001                cy_project_type_bootloader = (appl_start == 0x0)?0x1:0x0
                0x00000000                cy_project_type_app_for_stack_and_copier = (CY_APP_FOR_STACK_AND_COPIER == 0x1)?0x1:0x0

.text           0x00000000     0x2704
 CREATE_OBJECT_SYMBOLS
                0x00000000                PROVIDE (__cy_interrupt_vector, RomVectors)
 *(.romvectors)
 .romvectors    0x00000000       0x10 .\CortexM0\ARM_GCC_541\Debug\Cm0Start.o
                0x00000000                RomVectors
                0x00000001                ASSERT ((. != __cy_interrupt_vector), No interrupt vector)
                0x00000001                ASSERT (CY_APPL_ORIGIN?(SIZEOF (.cybootloader) <= CY_APPL_ORIGIN):0x1, Wrong image location)
                0x00000010                PROVIDE (__cy_reset, Reset)
 *(.text.Reset)
 .text.Reset    0x00000010        0x8 .\CortexM0\ARM_GCC_541\Debug\Cm0Start.o
                0x00000010                Reset
                0x00000001                ASSERT ((. != __cy_reset), No reset code)
 *(.psocinit)
 .psocinit      0x00000018      0x204 .\CortexM0\ARM_GCC_541\Debug\cyfitter_cfg.o
                0x000000fc                cyfitter_cfg
                0x0000021c                . = MAX (., 0x100)
 *(.text .text.* .gnu.linkonce.t.*)
 .text          0x0000021c       0x60 c:/program files (x86)/cypress/psoc creator/4.2/psoc creator/import/gnu/arm/5.4.1/bin/../lib/gcc/arm-none-eabi/5.4.1/armv6-m/crtbegin.o
 .text.main     0x0000027c      0x75c .\CortexM0\ARM_GCC_541\Debug\main.o
                0x0000027c                main
 .text.test_generateBuffers
                0x000009d8       0x30 .\CortexM0\ARM_GCC_541\Debug\packet_testing.o
                0x000009d8                test_generateBuffers
 .text.test_generateBuffers_iteration
                0x00000a08       0x34 .\CortexM0\ARM_GCC_541\Debug\packet_testing.o
                0x00000a08                test_generateBuffers_iteration
 .text.test_destroyBuffers
                0x00000a3c       0x1c .\CortexM0\ARM_GCC_541\Debug\packet_testing.o
                0x00000a3c                test_destroyBuffers
 .text.test_packetCreation_stateErrors
                0x00000a58       0x28 .\CortexM0\ARM_GCC_541\Debug\packet_testing.o
                0x00000a58                test_packetCreation_stateErrors
 .text.test_packetCreation_packetVals
                0x00000a80       0x8c .\CortexM0\ARM_GCC_541\Debug\packet_testing.o
                0x00000a80                test_packetCreation_packetVals
 .text.test_sendPacket
                0x00000b0c       0x1c .\CortexM0\ARM_GCC_541\Debug\packet_testing.o
                0x00000b0c                test_sendPacket
 .text.test_processRxByte_stateError
                0x00000b28       0x40 .\CortexM0\ARM_GCC_541\Debug\packet_testing.o
                0x00000b28                test_processRxByte_stateError
 .text.test_packetParsing_stateErrors
                0x00000b68       0x54 .\CortexM0\ARM_GCC_541\Debug\packet_testing.o
                0x00000b68                test_packetParsing_stateErrors
 .text.comparePackets
                0x00000bbc       0x8c .\CortexM0\ARM_GCC_541\Debug\packet_testing.o
                0x00000bbc                comparePackets
 .text.test_packetParsing_packetVals
                0x00000c48       0x88 .\CortexM0\ARM_GCC_541\Debug\packet_testing.o
                0x00000c48                test_packetParsing_packetVals
 .text.cfg_write_bytes32
                0x00000cd0       0x34 .\CortexM0\ARM_GCC_541\Debug\cyfitter_cfg.o
 .text.AnalogSetDefault
                0x00000d04       0x20 .\CortexM0\ARM_GCC_541\Debug\cyfitter_cfg.o
 .text.CYMEMZERO
                0x00000d24        0xc .\CortexM0\ARM_GCC_541\Debug\cyfitter_cfg.o
 .text.IntDefaultHandler
                0x00000d30       0x10 .\CortexM0\ARM_GCC_541\Debug\Cm0Start.o
                0x00000d30                IntDefaultHandler
 .text._sbrk    0x00000d40       0x34 .\CortexM0\ARM_GCC_541\Debug\Cm0Start.o
                0x00000d40                _sbrk
 .text.Start_c  0x00000d74       0x48 .\CortexM0\ARM_GCC_541\Debug\Cm0Start.o
                0x00000d74                Start_c
 .text.initialize_psoc
                0x00000dbc       0x4c .\CortexM0\ARM_GCC_541\Debug\Cm0Start.o
                0x00000dbc                initialize_psoc
 .text.UART_USB_ScbEnableIntr
                0x00000e08        0xc .\CortexM0\ARM_GCC_541\Debug\packetTesting_v1_3.a(UART_USB.o)
 .text.UART_USB_ScbModePostEnable
                0x00000e14        0x8 .\CortexM0\ARM_GCC_541\Debug\packetTesting_v1_3.a(UART_USB.o)
 .text.UART_USB_Init
                0x00000e1c        0x8 .\CortexM0\ARM_GCC_541\Debug\packetTesting_v1_3.a(UART_USB.o)
                0x00000e1c                UART_USB_Init
 .text.UART_USB_Enable
                0x00000e24       0x1c .\CortexM0\ARM_GCC_541\Debug\packetTesting_v1_3.a(UART_USB.o)
                0x00000e24                UART_USB_Enable
 .text.UART_USB_Start
                0x00000e40       0x20 .\CortexM0\ARM_GCC_541\Debug\packetTesting_v1_3.a(UART_USB.o)
                0x00000e40                UART_USB_Start
 .text.UART_USB_UartInit
                0x00000e60       0xec .\CortexM0\ARM_GCC_541\Debug\packetTesting_v1_3.a(UART_USB_UART.o)
                0x00000e60                UART_USB_UartInit
 .text.UART_USB_UartPostEnable
                0x00000f4c       0x2c .\CortexM0\ARM_GCC_541\Debug\packetTesting_v1_3.a(UART_USB_UART.o)
                0x00000f4c                UART_USB_UartPostEnable
 .text.UART_USB_UartGetChar
                0x00000f78       0x2c .\CortexM0\ARM_GCC_541\Debug\packetTesting_v1_3.a(UART_USB_UART.o)
                0x00000f78                UART_USB_UartGetChar
 .text.LEDS_Write
                0x00000fa4       0x14 .\CortexM0\ARM_GCC_541\Debug\packetTesting_v1_3.a(LEDS.o)
                0x00000fa4                LEDS_Write
 .text.usbUart_print
                0x00000fb8      0x138 .\CortexM0\ARM_GCC_541\Debug\packetTesting_v1_3.a(usbUart.o)
                0x00000fb8                usbUart_print
 .text.usbUart_printHeader
                0x000010f0       0x44 .\CortexM0\ARM_GCC_541\Debug\packetTesting_v1_3.a(usbUart.o)
                0x000010f0                usbUart_printHeader
 .text.usbUart_dummyTxArray
                0x00001134        0x4 .\CortexM0\ARM_GCC_541\Debug\packetTesting_v1_3.a(usbUart.o)
                0x00001134                usbUart_dummyTxArray
 .text.packets_initialize
                0x00001138       0x44 .\CortexM0\ARM_GCC_541\Debug\packetTesting_v1_3.a(packets.o)
                0x00001138                packets_initialize
 .text.packets_generateBuffers
                0x0000117c       0xa0 .\CortexM0\ARM_GCC_541\Debug\packetTesting_v1_3.a(packets.o)
                0x0000117c                packets_generateBuffers
 .text.packets_destoryBuffers
                0x0000121c       0x54 .\CortexM0\ARM_GCC_541\Debug\packetTesting_v1_3.a(packets.o)
                0x0000121c                packets_destoryBuffers
 .text.packets_flushRxBuffers
                0x00001270        0xc .\CortexM0\ARM_GCC_541\Debug\packetTesting_v1_3.a(packets.o)
                0x00001270                packets_flushRxBuffers
 .text.packets_flushTxBuffers
                0x0000127c        0xc .\CortexM0\ARM_GCC_541\Debug\packetTesting_v1_3.a(packets.o)
                0x0000127c                packets_flushTxBuffers
 .text.packets_flushBuffers
                0x00001288       0x10 .\CortexM0\ARM_GCC_541\Debug\packetTesting_v1_3.a(packets.o)
                0x00001288                packets_flushBuffers
 .text.packets_processRxByte
                0x00001298       0xd8 .\CortexM0\ARM_GCC_541\Debug\packetTesting_v1_3.a(packets.o)
                0x00001298                packets_processRxByte
 .text.packets_computeChecksum16
                0x00001370       0x20 .\CortexM0\ARM_GCC_541\Debug\packetTesting_v1_3.a(packets.o)
                0x00001370                packets_computeChecksum16
 .text.packets_constructPacket
                0x00001390       0xfc .\CortexM0\ARM_GCC_541\Debug\packetTesting_v1_3.a(packets.o)
                0x00001390                packets_constructPacket
 .text.packets_sendPacket
                0x0000148c       0x34 .\CortexM0\ARM_GCC_541\Debug\packetTesting_v1_3.a(packets.o)
                0x0000148c                packets_sendPacket
 .text.packets_parsePacket
                0x000014c0       0xb4 .\CortexM0\ARM_GCC_541\Debug\packetTesting_v1_3.a(packets.o)
                0x000014c0                packets_parsePacket
 .text.LEDS_Control_reg_Write
                0x00001574        0xc .\CortexM0\ARM_GCC_541\Debug\packetTesting_v1_3.a(LEDS_Control_reg.o)
                0x00001574                LEDS_Control_reg_Write
 .text.LEDS_Control_reg_Read
                0x00001580        0xc .\CortexM0\ARM_GCC_541\Debug\packetTesting_v1_3.a(LEDS_Control_reg.o)
                0x00001580                LEDS_Control_reg_Read
 .text.CySysClkEcoReadStatus
                0x0000158c       0x10 .\CortexM0\ARM_GCC_541\Debug\packetTesting_v1_3.a(CyLib.o)
                0x0000158c                CySysClkEcoReadStatus
 .text.CyIntEnable
                0x0000159c       0x14 .\CortexM0\ARM_GCC_541\Debug\packetTesting_v1_3.a(CyLib.o)
                0x0000159c                CyIntEnable
 .text.CyIntDisable
                0x000015b0       0x14 .\CortexM0\ARM_GCC_541\Debug\packetTesting_v1_3.a(CyLib.o)
                0x000015b0                CyIntDisable
 .text.CyHalt   0x000015c4        0x4 .\CortexM0\ARM_GCC_541\Debug\packetTesting_v1_3.a(CyLib.o)
                0x000015c4                CyHalt
 .text.CyIntSetVector
                0x000015c8       0x24 .\CortexM0\ARM_GCC_541\Debug\packetTesting_v1_3.a(CyLib.o)
                0x000015c8                CyIntSetVector
 .text.CyIntSetPriority
                0x000015ec       0x4c .\CortexM0\ARM_GCC_541\Debug\packetTesting_v1_3.a(CyLib.o)
                0x000015ec                CyIntSetPriority
 .text.CySoftwareReset
                0x00001638       0x18 .\CortexM0\ARM_GCC_541\Debug\packetTesting_v1_3.a(CyLib.o)
                0x00001638                CySoftwareReset
 .text.CyDelayUs
                0x00001650       0x14 .\CortexM0\ARM_GCC_541\Debug\packetTesting_v1_3.a(CyLib.o)
                0x00001650                CyDelayUs
 .text.CySysClkWriteImoFreq
                0x00001664      0x164 .\CortexM0\ARM_GCC_541\Debug\packetTesting_v1_3.a(CyLib.o)
                0x00001664                CySysClkWriteImoFreq
 .text.CySysClkEcoStart
                0x000017c8       0x54 .\CortexM0\ARM_GCC_541\Debug\packetTesting_v1_3.a(CyLib.o)
                0x000017c8                CySysClkEcoStart
 .text.CySysWdtLocked
                0x0000181c       0x14 .\CortexM0\ARM_GCC_541\Debug\packetTesting_v1_3.a(CyLFClk.o)
 .text.CySysClkWcoStart
                0x00001830       0x40 .\CortexM0\ARM_GCC_541\Debug\packetTesting_v1_3.a(CyLFClk.o)
                0x00001830                CySysClkWcoStart
 .text.CySysClkWcoSetPowerMode
                0x00001870       0x80 .\CortexM0\ARM_GCC_541\Debug\packetTesting_v1_3.a(CyLFClk.o)
                0x00001870                CySysClkWcoSetPowerMode
 .text.CySysWdtLock
                0x000018f0       0x1c .\CortexM0\ARM_GCC_541\Debug\packetTesting_v1_3.a(CyLFClk.o)
                0x000018f0                CySysWdtLock
 .text.CySysWdtUnlock
                0x0000190c       0x30 .\CortexM0\ARM_GCC_541\Debug\packetTesting_v1_3.a(CyLFClk.o)
                0x0000190c                CySysWdtUnlock
 .text.CySysWdtClearInterrupt
                0x0000193c       0x4c .\CortexM0\ARM_GCC_541\Debug\packetTesting_v1_3.a(CyLFClk.o)
                0x0000193c                CySysWdtClearInterrupt
 .text.CySysWdtIsr
                0x00001988       0xa4 .\CortexM0\ARM_GCC_541\Debug\packetTesting_v1_3.a(CyLFClk.o)
                0x00001988                CySysWdtIsr
 .text.testRunner_run
                0x00001a2c       0x14 .\CortexM0\ARM_GCC_541\Debug\packetTesting_v1_3.a(testRunner.o)
                0x00001a2c                testRunner_run
 .text.testRunner_resetCount
                0x00001a40       0x10 .\CortexM0\ARM_GCC_541\Debug\packetTesting_v1_3.a(testRunner.o)
                0x00001a40                testRunner_resetCount
 .text.testRunner_printCount
                0x00001a50       0x24 .\CortexM0\ARM_GCC_541\Debug\packetTesting_v1_3.a(testRunner.o)
                0x00001a50                testRunner_printCount
 .text.testRunner_printResults
                0x00001a74       0x98 .\CortexM0\ARM_GCC_541\Debug\packetTesting_v1_3.a(testRunner.o)
                0x00001a74                testRunner_printResults
 .text.testRunner_setPrintFunction
                0x00001b0c        0xc .\CortexM0\ARM_GCC_541\Debug\packetTesting_v1_3.a(testRunner.o)
                0x00001b0c                testRunner_setPrintFunction
 .text          0x00001b18       0x20 .\CortexM0\ARM_GCC_541\Debug\packetTesting_v1_3.a(CyBootAsmGnu.o)
                0x00001b18                CyDelayCycles
                0x00001b2a                CyEnterCriticalSection
                0x00001b32                CyExitCriticalSection
 .text.UART_USB_SpiUartReadRxData
                0x00001b38       0x34 .\CortexM0\ARM_GCC_541\Debug\packetTesting_v1_3.a(UART_USB_SPI_UART.o)
                0x00001b38                UART_USB_SpiUartReadRxData
 .text.UART_USB_SpiUartGetRxBufferSize
                0x00001b6c       0x28 .\CortexM0\ARM_GCC_541\Debug\packetTesting_v1_3.a(UART_USB_SPI_UART.o)
                0x00001b6c                UART_USB_SpiUartGetRxBufferSize
 .text.UART_USB_SpiUartWriteTxData
                0x00001b94       0x70 .\CortexM0\ARM_GCC_541\Debug\packetTesting_v1_3.a(UART_USB_SPI_UART.o)
                0x00001b94                UART_USB_SpiUartWriteTxData
 .text.UART_USB_SPI_UART_ISR
                0x00001c04       0xe4 .\CortexM0\ARM_GCC_541\Debug\packetTesting_v1_3.a(UART_USB_SPI_UART_INT.o)
                0x00001c04                UART_USB_SPI_UART_ISR
 .text          0x00001ce8      0x114 c:/program files (x86)/cypress/psoc creator/4.2/psoc creator/import/gnu/arm/5.4.1/bin/../lib/gcc/arm-none-eabi/5.4.1/armv6-m\libgcc.a(_udivsi3.o)
                0x00001ce8                __aeabi_uidiv
                0x00001ce8                __udivsi3
                0x00001df4                __aeabi_uidivmod
 .text          0x00001dfc        0x4 c:/program files (x86)/cypress/psoc creator/4.2/psoc creator/import/gnu/arm/5.4.1/bin/../lib/gcc/arm-none-eabi/5.4.1/armv6-m\libgcc.a(_dvmd_tls.o)
                0x00001dfc                __aeabi_idiv0
                0x00001dfc                __aeabi_ldiv0
 .text.calloc   0x00001e00       0x14 c:/program files (x86)/cypress/psoc creator/4.2/psoc creator/import/gnu/arm/5.4.1/bin/../lib/gcc/arm-none-eabi/5.4.1/../../../../arm-none-eabi/lib/armv6-m\libg_nano.a(lib_a-calloc.o)
                0x00001e00                calloc
 .text.__errno  0x00001e14        0xc c:/program files (x86)/cypress/psoc creator/4.2/psoc creator/import/gnu/arm/5.4.1/bin/../lib/gcc/arm-none-eabi/5.4.1/../../../../arm-none-eabi/lib/armv6-m\libg_nano.a(lib_a-errno.o)
                0x00001e14                __errno
 .text.__libc_init_array
                0x00001e20       0x4c c:/program files (x86)/cypress/psoc creator/4.2/psoc creator/import/gnu/arm/5.4.1/bin/../lib/gcc/arm-none-eabi/5.4.1/../../../../arm-none-eabi/lib/armv6-m\libg_nano.a(lib_a-init.o)
                0x00001e20                __libc_init_array
 .text.free     0x00001e6c       0x14 c:/program files (x86)/cypress/psoc creator/4.2/psoc creator/import/gnu/arm/5.4.1/bin/../lib/gcc/arm-none-eabi/5.4.1/../../../../arm-none-eabi/lib/armv6-m\libg_nano.a(lib_a-malloc.o)
                0x00001e6c                free
 .text.memcpy   0x00001e80       0x12 c:/program files (x86)/cypress/psoc creator/4.2/psoc creator/import/gnu/arm/5.4.1/bin/../lib/gcc/arm-none-eabi/5.4.1/../../../../arm-none-eabi/lib/armv6-m\libg_nano.a(lib_a-memcpy-stub.o)
                0x00001e80                memcpy
 .text.memmove  0x00001e92       0x2a c:/program files (x86)/cypress/psoc creator/4.2/psoc creator/import/gnu/arm/5.4.1/bin/../lib/gcc/arm-none-eabi/5.4.1/../../../../arm-none-eabi/lib/armv6-m\libg_nano.a(lib_a-memmove.o)
                0x00001e92                memmove
 .text.memset   0x00001ebc       0x10 c:/program files (x86)/cypress/psoc creator/4.2/psoc creator/import/gnu/arm/5.4.1/bin/../lib/gcc/arm-none-eabi/5.4.1/../../../../arm-none-eabi/lib/armv6-m\libg_nano.a(lib_a-memset.o)
                0x00001ebc                memset
 .text._calloc_r
                0x00001ecc       0x1c c:/program files (x86)/cypress/psoc creator/4.2/psoc creator/import/gnu/arm/5.4.1/bin/../lib/gcc/arm-none-eabi/5.4.1/../../../../arm-none-eabi/lib/armv6-m\libg_nano.a(lib_a-nano-callocr.o)
                0x00001ecc                _calloc_r
 .text._free_r  0x00001ee8       0x98 c:/program files (x86)/cypress/psoc creator/4.2/psoc creator/import/gnu/arm/5.4.1/bin/../lib/gcc/arm-none-eabi/5.4.1/../../../../arm-none-eabi/lib/armv6-m\libg_nano.a(lib_a-nano-freer.o)
                0x00001ee8                _free_r
 .text._malloc_r
                0x00001f80       0xc0 c:/program files (x86)/cypress/psoc creator/4.2/psoc creator/import/gnu/arm/5.4.1/bin/../lib/gcc/arm-none-eabi/5.4.1/../../../../arm-none-eabi/lib/armv6-m\libg_nano.a(lib_a-nano-mallocr.o)
                0x00001f80                _malloc_r
 .text._sbrk_r  0x00002040       0x24 c:/program files (x86)/cypress/psoc creator/4.2/psoc creator/import/gnu/arm/5.4.1/bin/../lib/gcc/arm-none-eabi/5.4.1/../../../../arm-none-eabi/lib/armv6-m\libg_nano.a(lib_a-sbrkr.o)
                0x00002040                _sbrk_r
 .text.sprintf  0x00002064       0x44 c:/program files (x86)/cypress/psoc creator/4.2/psoc creator/import/gnu/arm/5.4.1/bin/../lib/gcc/arm-none-eabi/5.4.1/../../../../arm-none-eabi/lib/armv6-m\libg_nano.a(lib_a-sprintf.o)
                0x00002064                siprintf
                0x00002064                sprintf
 .text.__malloc_lock
                0x000020a8        0x2 c:/program files (x86)/cypress/psoc creator/4.2/psoc creator/import/gnu/arm/5.4.1/bin/../lib/gcc/arm-none-eabi/5.4.1/../../../../arm-none-eabi/lib/armv6-m\libg_nano.a(lib_a-mlock.o)
                0x000020a8                __malloc_lock
 .text.__malloc_unlock
                0x000020aa        0x2 c:/program files (x86)/cypress/psoc creator/4.2/psoc creator/import/gnu/arm/5.4.1/bin/../lib/gcc/arm-none-eabi/5.4.1/../../../../arm-none-eabi/lib/armv6-m\libg_nano.a(lib_a-mlock.o)
                0x000020aa                __malloc_unlock
 .text.__ssputs_r
                0x000020ac       0xc4 c:/program files (x86)/cypress/psoc creator/4.2/psoc creator/import/gnu/arm/5.4.1/bin/../lib/gcc/arm-none-eabi/5.4.1/../../../../arm-none-eabi/lib/armv6-m\libg_nano.a(lib_a-nano-svfprintf.o)
                0x000020ac                __ssputs_r
 .text._svfprintf_r
                0x00002170      0x1fc c:/program files (x86)/cypress/psoc creator/4.2/psoc creator/import/gnu/arm/5.4.1/bin/../lib/gcc/arm-none-eabi/5.4.1/../../../../arm-none-eabi/lib/armv6-m\libg_nano.a(lib_a-nano-svfprintf.o)
                0x00002170                _svfiprintf_r
                0x00002170                _svfprintf_r
 .text._printf_common
                0x0000236c       0xdc c:/program files (x86)/cypress/psoc creator/4.2/psoc creator/import/gnu/arm/5.4.1/bin/../lib/gcc/arm-none-eabi/5.4.1/../../../../arm-none-eabi/lib/armv6-m\libg_nano.a(lib_a-nano-vfprintf_i.o)
                0x0000236c                _printf_common
 .text._printf_i
                0x00002448      0x244 c:/program files (x86)/cypress/psoc creator/4.2/psoc creator/import/gnu/arm/5.4.1/bin/../lib/gcc/arm-none-eabi/5.4.1/../../../../arm-none-eabi/lib/armv6-m\libg_nano.a(lib_a-nano-vfprintf_i.o)
                0x00002448                _printf_i
 .text.memchr   0x0000268c       0x16 c:/program files (x86)/cypress/psoc creator/4.2/psoc creator/import/gnu/arm/5.4.1/bin/../lib/gcc/arm-none-eabi/5.4.1/../../../../arm-none-eabi/lib/armv6-m\libg_nano.a(lib_a-memchr-stub.o)
                0x0000268c                memchr
 .text._realloc_r
                0x000026a2       0x4c c:/program files (x86)/cypress/psoc creator/4.2/psoc creator/import/gnu/arm/5.4.1/bin/../lib/gcc/arm-none-eabi/5.4.1/../../../../arm-none-eabi/lib/armv6-m\libg_nano.a(lib_a-nano-reallocr.o)
                0x000026a2                _realloc_r
 .text._malloc_usable_size_r
                0x000026ee       0x16 c:/program files (x86)/cypress/psoc creator/4.2/psoc creator/import/gnu/arm/5.4.1/bin/../lib/gcc/arm-none-eabi/5.4.1/../../../../arm-none-eabi/lib/armv6-m\libg_nano.a(lib_a-nano-msizer.o)
                0x000026ee                _malloc_usable_size_r
 *(.plt)
 *(.gnu.warning)
 *(.glue_7t)
 .glue_7t       0x00002704        0x0 linker stubs
 *(.glue_7)
 .glue_7        0x00002704        0x0 linker stubs
 *(.vfp11_veneer)
 .vfp11_veneer  0x00002704        0x0 linker stubs
 *(.bootloader)
 *(.ARM.extab* .gnu.linkonce.armextab.*)
 *(.gcc_except_table)

.v4_bx          0x00002704        0x0
 .v4_bx         0x00002704        0x0 linker stubs

.iplt           0x00002704        0x0
 .iplt          0x00002704        0x0 c:/program files (x86)/cypress/psoc creator/4.2/psoc creator/import/gnu/arm/5.4.1/bin/../lib/gcc/arm-none-eabi/5.4.1/armv6-m/crtbegin.o

.eh_frame_hdr
 *(.eh_frame_hdr)

.eh_frame       0x00002704        0x4
 *(.eh_frame)
 .eh_frame      0x00002704        0x0 c:/program files (x86)/cypress/psoc creator/4.2/psoc creator/import/gnu/arm/5.4.1/bin/../lib/gcc/arm-none-eabi/5.4.1/armv6-m/crtbegin.o
 .eh_frame      0x00002704        0x4 c:/program files (x86)/cypress/psoc creator/4.2/psoc creator/import/gnu/arm/5.4.1/bin/../lib/gcc/arm-none-eabi/5.4.1/armv6-m/crtend.o
                [!provide]                PROVIDE (__exidx_start, .)

.ARM.exidx
 *(.ARM.exidx* .gnu.linkonce.armexidx.*)
                0x00002708                __exidx_end = .

.rodata         0x00002708      0x650
 *(.rodata .rodata.* .gnu.linkonce.r.*)
 .rodata        0x00002708       0x13 .\CortexM0\ARM_GCC_541\Debug\main.o
 *fill*         0x0000271b        0x1 
 .rodata.str1.4
                0x0000271c      0x3f8 .\CortexM0\ARM_GCC_541\Debug\main.o
 .rodata.str1.4
                0x00002b14       0x49 .\CortexM0\ARM_GCC_541\Debug\packet_testing.o
                                 0x4d (size before relaxing)
 *fill*         0x00002b5d        0x3 
 .rodata        0x00002b60       0x4c .\CortexM0\ARM_GCC_541\Debug\cyfitter_cfg.o
 .rodata.str1.4
                0x00002bac       0xa3 .\CortexM0\ARM_GCC_541\Debug\packetTesting_v1_3.a(usbUart.o)
                                 0xb7 (size before relaxing)
 *fill*         0x00002c4f        0x1 
 .rodata        0x00002c50       0x14 .\CortexM0\ARM_GCC_541\Debug\packetTesting_v1_3.a(packets.o)
 .rodata        0x00002c64       0x2e .\CortexM0\ARM_GCC_541\Debug\packetTesting_v1_3.a(CyLib.o)
                0x00002c64                cyImoFreqMhz2Reg
 *fill*         0x00002c92        0x2 
 .rodata.str1.4
                0x00002c94       0x58 .\CortexM0\ARM_GCC_541\Debug\packetTesting_v1_3.a(testRunner.o)
                                 0x5d (size before relaxing)
 .rodata.str1.1
                0x00002cec        0x2 c:/program files (x86)/cypress/psoc creator/4.2/psoc creator/import/gnu/arm/5.4.1/bin/../lib/gcc/arm-none-eabi/5.4.1/../../../../arm-none-eabi/lib/armv6-m\libg_nano.a(lib_a-impure.o)
 .rodata.str1.1
                0x00002cee       0x11 c:/program files (x86)/cypress/psoc creator/4.2/psoc creator/import/gnu/arm/5.4.1/bin/../lib/gcc/arm-none-eabi/5.4.1/../../../../arm-none-eabi/lib/armv6-m\libg_nano.a(lib_a-nano-svfprintf.o)
 .rodata.str1.1
                0x00002cff       0x22 c:/program files (x86)/cypress/psoc creator/4.2/psoc creator/import/gnu/arm/5.4.1/bin/../lib/gcc/arm-none-eabi/5.4.1/../../../../arm-none-eabi/lib/armv6-m\libg_nano.a(lib_a-nano-vfprintf_i.o)
                0x00002d24                . = ALIGN (0x4)
 *fill*         0x00002d21        0x3 
 *(.init)
 .init          0x00002d24        0x4 c:/program files (x86)/cypress/psoc creator/4.2/psoc creator/import/gnu/arm/5.4.1/bin/../lib/gcc/arm-none-eabi/5.4.1/armv6-m/crti.o
                0x00002d24                _init
 .init          0x00002d28        0x8 c:/program files (x86)/cypress/psoc creator/4.2/psoc creator/import/gnu/arm/5.4.1/bin/../lib/gcc/arm-none-eabi/5.4.1/armv6-m/crtn.o
                0x00002d30                . = ALIGN (0x4)
                0x00002d30                __preinit_array_start = .
 *(.preinit_array)
                0x00002d30                __preinit_array_end = .
                0x00002d30                . = ALIGN (0x4)
                0x00002d30                __init_array_start = .
 *(SORT(.init_array.*))
 *(.init_array)
 .init_array    0x00002d30        0x4 c:/program files (x86)/cypress/psoc creator/4.2/psoc creator/import/gnu/arm/5.4.1/bin/../lib/gcc/arm-none-eabi/5.4.1/armv6-m/crtbegin.o
 .init_array    0x00002d34        0x4 .\CortexM0\ARM_GCC_541\Debug\Cm0Start.o
                0x00002d38                __init_array_end = .
                0x00002d38                . = ALIGN (0x4)
 *(.fini)
 .fini          0x00002d38        0x4 c:/program files (x86)/cypress/psoc creator/4.2/psoc creator/import/gnu/arm/5.4.1/bin/../lib/gcc/arm-none-eabi/5.4.1/armv6-m/crti.o
                0x00002d38                _fini
 .fini          0x00002d3c        0x8 c:/program files (x86)/cypress/psoc creator/4.2/psoc creator/import/gnu/arm/5.4.1/bin/../lib/gcc/arm-none-eabi/5.4.1/armv6-m/crtn.o
                0x00002d44                . = ALIGN (0x4)
                0x00002d44                __fini_array_start = .
 *(.fini_array)
 .fini_array    0x00002d44        0x4 c:/program files (x86)/cypress/psoc creator/4.2/psoc creator/import/gnu/arm/5.4.1/bin/../lib/gcc/arm-none-eabi/5.4.1/armv6-m/crtbegin.o
 *(SORT(.fini_array.*))
                0x00002d48                __fini_array_end = .
                0x00002d48                . = ALIGN (0x4)
 *crtbegin.o(.ctors)
 *(EXCLUDE_FILE(*crtend.o) .ctors)
 *(SORT(.ctors.*))
 *crtend.o(.ctors)
                0x00002d48                . = ALIGN (0x4)
 *crtbegin.o(.dtors)
 *(EXCLUDE_FILE(*crtend.o) .dtors)
 *(SORT(.dtors.*))
 *crtend.o(.dtors)
                0x00002d48                . = ALIGN (0x4)
                0x00002d48                __cy_regions = .
                0x00002d48        0x4 LONG 0x2d58 __cy_region_init_ram
                0x00002d4c        0x4 LONG 0x200000c0 __cy_region_start_data
                0x00002d50        0x4 LONG 0x88 __cy_region_init_size_ram
                0x00002d54        0x4 LONG 0x100 __cy_region_zero_size_ram
                0x00002d58                __cy_regions_end = .
                0x00002d58                . = ALIGN (0x8)
                0x00002d58                _etext = .

.cy_checksum_exclude
                0x00002d58        0x0
 *(.cy_checksum_exclude)

.ramvectors     0x20000000       0xc0
                0x20000000                __cy_region_start_ram = .
 *(.ramvectors)
 .ramvectors    0x20000000       0xc0 .\CortexM0\ARM_GCC_541\Debug\Cm0Start.o
                0x20000000                CyRamVectors

.noinit
 *(.noinit)

.data           0x200000c0       0x88 load address 0x00002d58
                0x200000c0                __cy_region_start_data = .
 *(.jcr)
 .jcr           0x200000c0        0x0 c:/program files (x86)/cypress/psoc creator/4.2/psoc creator/import/gnu/arm/5.4.1/bin/../lib/gcc/arm-none-eabi/5.4.1/armv6-m/crtbegin.o
 .jcr           0x200000c0        0x4 c:/program files (x86)/cypress/psoc creator/4.2/psoc creator/import/gnu/arm/5.4.1/bin/../lib/gcc/arm-none-eabi/5.4.1/armv6-m/crtend.o
 *(.got.plt)
 *(.got)
 *(.shdata)
 *(.data .data.* .gnu.linkonce.d.*)
 .data          0x200000c4        0x4 .\CortexM0\ARM_GCC_541\Debug\Cm0Start.o
 .data          0x200000c8       0x14 .\CortexM0\ARM_GCC_541\Debug\packetTesting_v1_3.a(CyLib.o)
                0x200000c8                CySysClkPumpConfig
                0x200000cc                cydelay32kMs
                0x200000d0                cydelayFreqKhz
                0x200000d4                cydelayFreqMhz
                0x200000d8                cydelayFreqHz
 .data          0x200000dc        0x8 .\CortexM0\ARM_GCC_541\Debug\packetTesting_v1_3.a(CyLFClk.o)
 .data.impure_data
                0x200000e4       0x60 c:/program files (x86)/cypress/psoc creator/4.2/psoc creator/import/gnu/arm/5.4.1/bin/../lib/gcc/arm-none-eabi/5.4.1/../../../../arm-none-eabi/lib/armv6-m\libg_nano.a(lib_a-impure.o)
 .data._impure_ptr
                0x20000144        0x4 c:/program files (x86)/cypress/psoc creator/4.2/psoc creator/import/gnu/arm/5.4.1/bin/../lib/gcc/arm-none-eabi/5.4.1/../../../../arm-none-eabi/lib/armv6-m\libg_nano.a(lib_a-impure.o)
                0x20000144                _impure_ptr
                0x20000148                . = ALIGN (0x8)
 *(.ram)
                0x20000148                _edata = .

.igot.plt       0x20000148        0x0 load address 0x00002de0
 .igot.plt      0x20000148        0x0 c:/program files (x86)/cypress/psoc creator/4.2/psoc creator/import/gnu/arm/5.4.1/bin/../lib/gcc/arm-none-eabi/5.4.1/armv6-m/crtbegin.o

.bss            0x20000148      0x100 load address 0x00002de0
                0x20000148                PROVIDE (__bss_start__, .)
 *(.shbss)
 *(.bss .bss.* .gnu.linkonce.b.*)
 .bss           0x20000148       0x1c c:/program files (x86)/cypress/psoc creator/4.2/psoc creator/import/gnu/arm/5.4.1/bin/../lib/gcc/arm-none-eabi/5.4.1/armv6-m/crtbegin.o
 .bss           0x20000164        0xa .\CortexM0\ARM_GCC_541\Debug\packetTesting_v1_3.a(UART_USB.o)
                0x20000164                UART_USB_initVar
                0x20000168                UART_USB_customIntrHandler
                0x2000016c                UART_USB_IntrTxMask
 *fill*         0x2000016e        0x2 
 .bss           0x20000170       0x28 .\CortexM0\ARM_GCC_541\Debug\packetTesting_v1_3.a(CyLFClk.o)
 .bss           0x20000198        0x8 .\CortexM0\ARM_GCC_541\Debug\packetTesting_v1_3.a(testRunner.o)
                0x2000019c                printFunction
 .bss.__malloc_sbrk_start
                0x200001a0        0x4 c:/program files (x86)/cypress/psoc creator/4.2/psoc creator/import/gnu/arm/5.4.1/bin/../lib/gcc/arm-none-eabi/5.4.1/../../../../arm-none-eabi/lib/armv6-m\libg_nano.a(lib_a-nano-mallocr.o)
                0x200001a0                __malloc_sbrk_start
 .bss.__malloc_free_list
                0x200001a4        0x4 c:/program files (x86)/cypress/psoc creator/4.2/psoc creator/import/gnu/arm/5.4.1/bin/../lib/gcc/arm-none-eabi/5.4.1/../../../../arm-none-eabi/lib/armv6-m\libg_nano.a(lib_a-nano-mallocr.o)
                0x200001a4                __malloc_free_list
 *(COMMON)
 COMMON         0x200001a8       0x98 .\CortexM0\ARM_GCC_541\Debug\packetTesting_v1_3.a(UART_USB_SPI_UART.o)
                0x200001a8                UART_USB_rxBufferHead
                0x200001ac                UART_USB_txBufferInternal
                0x200001ec                UART_USB_rxBufferInternal
                0x20000230                UART_USB_txBufferTail
                0x20000234                UART_USB_rxBufferOverflow
                0x20000238                UART_USB_txBufferHead
                0x2000023c                UART_USB_rxBufferTail
 COMMON         0x20000240        0x4 c:/program files (x86)/cypress/psoc creator/4.2/psoc creator/import/gnu/arm/5.4.1/bin/../lib/gcc/arm-none-eabi/5.4.1/../../../../arm-none-eabi/lib/armv6-m\libg_nano.a(lib_a-reent.o)
                0x20000240                errno
                0x20000248                . = ALIGN (0x8)
 *fill*         0x20000244        0x4 
 *(.ram.b)
                0x20000248                _end = .
                0x20000248                __end = .
                0x20000248                PROVIDE (end, .)
                0x20000248                PROVIDE (__bss_end__, .)
                0x00002d58                __cy_region_init_ram = LOADADDR (.data)
                0x00000088                __cy_region_init_size_ram = (_edata - ADDR (.data))
                0x00000100                __cy_region_zero_size_ram = (_end - _edata)

.heap           0x20000248      0x400 load address 0x00002de0
                0x20000248                . = _end
                0x20000648                . = (. + 0x400)
 *fill*         0x20000248      0x400 
                0x20000648                __cy_heap_limit = .

.stack          0x20007c00      0x400
                0x20007c00                __cy_stack_limit = .
                0x20008000                . = (. + 0x400)
 *fill*         0x20007c00      0x400 
                0x00000001                ASSERT ((__cy_stack_limit >= __cy_heap_limit), region RAM overflowed with stack)
                0x00000000                cy_checksum_exclude_size = (CY_APPL_LOADABLE == 0x1)?SIZEOF (.cy_checksum_exclude):0x0
                0x00000001                ASSERT ((cy_checksum_exclude_size <= CY_CHECKSUM_EXCLUDE_SIZE), CY_BOOT: Section .cy_checksum_exclude size exceedes specified limit.)
                0x0003ffc0                cyloadermeta_start = (cy_project_type_bootloader || cy_project_type_app_for_stack_and_copier)?(LENGTH (rom) - CY_METADATA_SIZE):0xf0000000

.cyloadermeta
 *(.cyloadermeta)
                0x0003ffc0                cyloadablemeta_start = cy_project_type_app_for_stack_and_copier?((LENGTH (rom) - CY_FLASH_ROW_SIZE) - CY_METADATA_SIZE):((LENGTH (rom) - (CY_FLASH_ROW_SIZE * (CY_APPL_NUM - 0x1))) - CY_METADATA_SIZE)

.cyloadablemeta
 *(.cyloadablemeta)

.cyflashprotect
                0x90400000       0x80
 *(.cyflashprotect)
 .cyflashprotect
                0x90400000       0x80 .\CortexM0\ARM_GCC_541\Debug\cymetadata.o
                0x90400000                cy_meta_flashprotect

.cymeta         0x90500000        0xc
 *(.cymeta)
 .cymeta        0x90500000        0xc .\CortexM0\ARM_GCC_541\Debug\cymetadata.o
                0x90500000                cy_metadata

.cychipprotect  0x90600000        0x1
 *(.cychipprotect)
 .cychipprotect
                0x90600000        0x1 .\CortexM0\ARM_GCC_541\Debug\cymetadata.o
                0x90600000                cy_meta_chipprotect

.rel.dyn        0x00002de0        0x0 load address 0x90600004
 .rel.iplt      0x00002de0        0x0 c:/program files (x86)/cypress/psoc creator/4.2/psoc creator/import/gnu/arm/5.4.1/bin/../lib/gcc/arm-none-eabi/5.4.1/armv6-m/crtbegin.o

.stab
 *(.stab)

.stabstr
 *(.stabstr)

.debug
 *(.debug)

.line
 *(.line)

.debug_srcinfo
 *(.debug_srcinfo)

.debug_sfnames
 *(.debug_sfnames)

.debug_aranges  0x00000000      0x7f8
 *(.debug_aranges)
 .debug_aranges
                0x00000000       0x28 .\CortexM0\ARM_GCC_541\Debug\main.o
 .debug_aranges
                0x00000028       0x78 .\CortexM0\ARM_GCC_541\Debug\packet_testing.o
 .debug_aranges
                0x000000a0       0x40 .\CortexM0\ARM_GCC_541\Debug\cyfitter_cfg.o
 .debug_aranges
                0x000000e0       0x18 .\CortexM0\ARM_GCC_541\Debug\cymetadata.o
 .debug_aranges
                0x000000f8       0x48 .\CortexM0\ARM_GCC_541\Debug\Cm0Start.o
 .debug_aranges
                0x00000140       0x68 .\CortexM0\ARM_GCC_541\Debug\packetTesting_v1_3.a(UART_USB.o)
 .debug_aranges
                0x000001a8       0x90 .\CortexM0\ARM_GCC_541\Debug\packetTesting_v1_3.a(UART_USB_UART.o)
 .debug_aranges
                0x00000238       0x70 .\CortexM0\ARM_GCC_541\Debug\packetTesting_v1_3.a(LEDS.o)
 .debug_aranges
                0x000002a8       0x48 .\CortexM0\ARM_GCC_541\Debug\packetTesting_v1_3.a(usbUart.o)
 .debug_aranges
                0x000002f0       0x70 .\CortexM0\ARM_GCC_541\Debug\packetTesting_v1_3.a(packets.o)
 .debug_aranges
                0x00000360       0x28 .\CortexM0\ARM_GCC_541\Debug\packetTesting_v1_3.a(LEDS_Control_reg.o)
 .debug_aranges
                0x00000388       0x38 .\CortexM0\ARM_GCC_541\Debug\packetTesting_v1_3.a(LEDS_Control_reg_PM.o)
 .debug_aranges
                0x000003c0      0x1d0 .\CortexM0\ARM_GCC_541\Debug\packetTesting_v1_3.a(CyLib.o)
 .debug_aranges
                0x00000590      0x188 .\CortexM0\ARM_GCC_541\Debug\packetTesting_v1_3.a(CyLFClk.o)
 .debug_aranges
                0x00000718       0x40 .\CortexM0\ARM_GCC_541\Debug\packetTesting_v1_3.a(testRunner.o)
 .debug_aranges
                0x00000758       0x20 .\CortexM0\ARM_GCC_541\Debug\packetTesting_v1_3.a(CyBootAsmGnu.o)
 .debug_aranges
                0x00000778       0x60 .\CortexM0\ARM_GCC_541\Debug\packetTesting_v1_3.a(UART_USB_SPI_UART.o)
 .debug_aranges
                0x000007d8       0x20 .\CortexM0\ARM_GCC_541\Debug\packetTesting_v1_3.a(UART_USB_SPI_UART_INT.o)

.debug_pubnames
 *(.debug_pubnames)

.debug_info     0x00000000     0x68f2
 *(.debug_info .gnu.linkonce.wi.*)
 .debug_info    0x00000000     0x12f1 .\CortexM0\ARM_GCC_541\Debug\main.o
 .debug_info    0x000012f1      0xc77 .\CortexM0\ARM_GCC_541\Debug\packet_testing.o
 .debug_info    0x00001f68      0x42d .\CortexM0\ARM_GCC_541\Debug\cyfitter_cfg.o
 .debug_info    0x00002395       0xf8 .\CortexM0\ARM_GCC_541\Debug\cymetadata.o
 .debug_info    0x0000248d      0x3a2 .\CortexM0\ARM_GCC_541\Debug\Cm0Start.o
 .debug_info    0x0000282f      0x2e9 .\CortexM0\ARM_GCC_541\Debug\packetTesting_v1_3.a(UART_USB.o)
 .debug_info    0x00002b18      0x49d .\CortexM0\ARM_GCC_541\Debug\packetTesting_v1_3.a(UART_USB_UART.o)
 .debug_info    0x00002fb5      0x467 .\CortexM0\ARM_GCC_541\Debug\packetTesting_v1_3.a(LEDS.o)
 .debug_info    0x0000341c      0x41e .\CortexM0\ARM_GCC_541\Debug\packetTesting_v1_3.a(usbUart.o)
 .debug_info    0x0000383a      0x8e7 .\CortexM0\ARM_GCC_541\Debug\packetTesting_v1_3.a(packets.o)
 .debug_info    0x00004121       0xd6 .\CortexM0\ARM_GCC_541\Debug\packetTesting_v1_3.a(LEDS_Control_reg.o)
 .debug_info    0x000041f7      0x12f .\CortexM0\ARM_GCC_541\Debug\packetTesting_v1_3.a(LEDS_Control_reg_PM.o)
 .debug_info    0x00004326      0xd2b .\CortexM0\ARM_GCC_541\Debug\packetTesting_v1_3.a(CyLib.o)
 .debug_info    0x00005051     0x1071 .\CortexM0\ARM_GCC_541\Debug\packetTesting_v1_3.a(CyLFClk.o)
 .debug_info    0x000060c2      0x284 .\CortexM0\ARM_GCC_541\Debug\packetTesting_v1_3.a(testRunner.o)
 .debug_info    0x00006346       0xb4 .\CortexM0\ARM_GCC_541\Debug\packetTesting_v1_3.a(CyBootAsmGnu.o)
 .debug_info    0x000063fa      0x372 .\CortexM0\ARM_GCC_541\Debug\packetTesting_v1_3.a(UART_USB_SPI_UART.o)
 .debug_info    0x0000676c      0x186 .\CortexM0\ARM_GCC_541\Debug\packetTesting_v1_3.a(UART_USB_SPI_UART_INT.o)

.debug_abbrev   0x00000000     0x1675
 *(.debug_abbrev)
 .debug_abbrev  0x00000000      0x187 .\CortexM0\ARM_GCC_541\Debug\main.o
 .debug_abbrev  0x00000187      0x1ef .\CortexM0\ARM_GCC_541\Debug\packet_testing.o
 .debug_abbrev  0x00000376      0x1af .\CortexM0\ARM_GCC_541\Debug\cyfitter_cfg.o
 .debug_abbrev  0x00000525       0x5d .\CortexM0\ARM_GCC_541\Debug\cymetadata.o
 .debug_abbrev  0x00000582      0x1d7 .\CortexM0\ARM_GCC_541\Debug\Cm0Start.o
 .debug_abbrev  0x00000759      0x118 .\CortexM0\ARM_GCC_541\Debug\packetTesting_v1_3.a(UART_USB.o)
 .debug_abbrev  0x00000871      0x145 .\CortexM0\ARM_GCC_541\Debug\packetTesting_v1_3.a(UART_USB_UART.o)
 .debug_abbrev  0x000009b6      0x103 .\CortexM0\ARM_GCC_541\Debug\packetTesting_v1_3.a(LEDS.o)
 .debug_abbrev  0x00000ab9      0x165 .\CortexM0\ARM_GCC_541\Debug\packetTesting_v1_3.a(usbUart.o)
 .debug_abbrev  0x00000c1e      0x1ca .\CortexM0\ARM_GCC_541\Debug\packetTesting_v1_3.a(packets.o)
 .debug_abbrev  0x00000de8       0x81 .\CortexM0\ARM_GCC_541\Debug\packetTesting_v1_3.a(LEDS_Control_reg.o)
 .debug_abbrev  0x00000e69       0xb3 .\CortexM0\ARM_GCC_541\Debug\packetTesting_v1_3.a(LEDS_Control_reg_PM.o)
 .debug_abbrev  0x00000f1c      0x1e0 .\CortexM0\ARM_GCC_541\Debug\packetTesting_v1_3.a(CyLib.o)
 .debug_abbrev  0x000010fc      0x248 .\CortexM0\ARM_GCC_541\Debug\packetTesting_v1_3.a(CyLFClk.o)
 .debug_abbrev  0x00001344      0x11b .\CortexM0\ARM_GCC_541\Debug\packetTesting_v1_3.a(testRunner.o)
 .debug_abbrev  0x0000145f       0x14 .\CortexM0\ARM_GCC_541\Debug\packetTesting_v1_3.a(CyBootAsmGnu.o)
 .debug_abbrev  0x00001473      0x168 .\CortexM0\ARM_GCC_541\Debug\packetTesting_v1_3.a(UART_USB_SPI_UART.o)
 .debug_abbrev  0x000015db       0x9a .\CortexM0\ARM_GCC_541\Debug\packetTesting_v1_3.a(UART_USB_SPI_UART_INT.o)

.debug_line     0x00000000     0x25de
 *(.debug_line)
 .debug_line    0x00000000      0x282 .\CortexM0\ARM_GCC_541\Debug\main.o
 .debug_line    0x00000282      0x36b .\CortexM0\ARM_GCC_541\Debug\packet_testing.o
 .debug_line    0x000005ed      0x194 .\CortexM0\ARM_GCC_541\Debug\cyfitter_cfg.o
 .debug_line    0x00000781      0x141 .\CortexM0\ARM_GCC_541\Debug\cymetadata.o
 .debug_line    0x000008c2      0x236 .\CortexM0\ARM_GCC_541\Debug\Cm0Start.o
 .debug_line    0x00000af8      0x144 .\CortexM0\ARM_GCC_541\Debug\packetTesting_v1_3.a(UART_USB.o)
 .debug_line    0x00000c3c      0x207 .\CortexM0\ARM_GCC_541\Debug\packetTesting_v1_3.a(UART_USB_UART.o)
 .debug_line    0x00000e43      0x1bc .\CortexM0\ARM_GCC_541\Debug\packetTesting_v1_3.a(LEDS.o)
 .debug_line    0x00000fff      0x179 .\CortexM0\ARM_GCC_541\Debug\packetTesting_v1_3.a(usbUart.o)
 .debug_line    0x00001178      0x39c .\CortexM0\ARM_GCC_541\Debug\packetTesting_v1_3.a(packets.o)
 .debug_line    0x00001514       0x79 .\CortexM0\ARM_GCC_541\Debug\packetTesting_v1_3.a(LEDS_Control_reg.o)
 .debug_line    0x0000158d       0xb6 .\CortexM0\ARM_GCC_541\Debug\packetTesting_v1_3.a(LEDS_Control_reg_PM.o)
 .debug_line    0x00001643      0x553 .\CortexM0\ARM_GCC_541\Debug\packetTesting_v1_3.a(CyLib.o)
 .debug_line    0x00001b96      0x5db .\CortexM0\ARM_GCC_541\Debug\packetTesting_v1_3.a(CyLFClk.o)
 .debug_line    0x00002171      0x1f5 .\CortexM0\ARM_GCC_541\Debug\packetTesting_v1_3.a(testRunner.o)
 .debug_line    0x00002366       0x68 .\CortexM0\ARM_GCC_541\Debug\packetTesting_v1_3.a(CyBootAsmGnu.o)
 .debug_line    0x000023ce      0x156 .\CortexM0\ARM_GCC_541\Debug\packetTesting_v1_3.a(UART_USB_SPI_UART.o)
 .debug_line    0x00002524       0xba .\CortexM0\ARM_GCC_541\Debug\packetTesting_v1_3.a(UART_USB_SPI_UART_INT.o)

.debug_frame    0x00000000     0x18c0
 *(.debug_frame)
 .debug_frame   0x00000000       0x58 .\CortexM0\ARM_GCC_541\Debug\main.o
 .debug_frame   0x00000058      0x1d4 .\CortexM0\ARM_GCC_541\Debug\packet_testing.o
 .debug_frame   0x0000022c       0x9c .\CortexM0\ARM_GCC_541\Debug\cyfitter_cfg.o
 .debug_frame   0x000002c8       0xbc .\CortexM0\ARM_GCC_541\Debug\Cm0Start.o
 .debug_frame   0x00000384      0x104 .\CortexM0\ARM_GCC_541\Debug\packetTesting_v1_3.a(UART_USB.o)
 .debug_frame   0x00000488      0x154 .\CortexM0\ARM_GCC_541\Debug\packetTesting_v1_3.a(UART_USB_UART.o)
 .debug_frame   0x000005dc      0x14c .\CortexM0\ARM_GCC_541\Debug\packetTesting_v1_3.a(LEDS.o)
 .debug_frame   0x00000728       0xc4 .\CortexM0\ARM_GCC_541\Debug\packetTesting_v1_3.a(usbUart.o)
 .debug_frame   0x000007ec      0x144 .\CortexM0\ARM_GCC_541\Debug\packetTesting_v1_3.a(packets.o)
 .debug_frame   0x00000930       0x30 .\CortexM0\ARM_GCC_541\Debug\packetTesting_v1_3.a(LEDS_Control_reg.o)
 .debug_frame   0x00000960       0x68 .\CortexM0\ARM_GCC_541\Debug\packetTesting_v1_3.a(LEDS_Control_reg_PM.o)
 .debug_frame   0x000009c8      0x4a4 .\CortexM0\ARM_GCC_541\Debug\packetTesting_v1_3.a(CyLib.o)
 .debug_frame   0x00000e6c      0x4a8 .\CortexM0\ARM_GCC_541\Debug\packetTesting_v1_3.a(CyLFClk.o)
 .debug_frame   0x00001314       0x7c .\CortexM0\ARM_GCC_541\Debug\packetTesting_v1_3.a(testRunner.o)
 .debug_frame   0x00001390       0xc8 .\CortexM0\ARM_GCC_541\Debug\packetTesting_v1_3.a(UART_USB_SPI_UART.o)
 .debug_frame   0x00001458       0x2c .\CortexM0\ARM_GCC_541\Debug\packetTesting_v1_3.a(UART_USB_SPI_UART_INT.o)
 .debug_frame   0x00001484       0x20 c:/program files (x86)/cypress/psoc creator/4.2/psoc creator/import/gnu/arm/5.4.1/bin/../lib/gcc/arm-none-eabi/5.4.1/armv6-m\libgcc.a(_udivsi3.o)
 .debug_frame   0x000014a4       0x20 c:/program files (x86)/cypress/psoc creator/4.2/psoc creator/import/gnu/arm/5.4.1/bin/../lib/gcc/arm-none-eabi/5.4.1/armv6-m\libgcc.a(_divsi3.o)
 .debug_frame   0x000014c4       0x28 c:/program files (x86)/cypress/psoc creator/4.2/psoc creator/import/gnu/arm/5.4.1/bin/../lib/gcc/arm-none-eabi/5.4.1/../../../../arm-none-eabi/lib/armv6-m\libg_nano.a(lib_a-calloc.o)
 .debug_frame   0x000014ec       0x20 c:/program files (x86)/cypress/psoc creator/4.2/psoc creator/import/gnu/arm/5.4.1/bin/../lib/gcc/arm-none-eabi/5.4.1/../../../../arm-none-eabi/lib/armv6-m\libg_nano.a(lib_a-errno.o)
 .debug_frame   0x0000150c       0x28 c:/program files (x86)/cypress/psoc creator/4.2/psoc creator/import/gnu/arm/5.4.1/bin/../lib/gcc/arm-none-eabi/5.4.1/../../../../arm-none-eabi/lib/armv6-m\libg_nano.a(lib_a-exit.o)
 .debug_frame   0x00001534       0x2c c:/program files (x86)/cypress/psoc creator/4.2/psoc creator/import/gnu/arm/5.4.1/bin/../lib/gcc/arm-none-eabi/5.4.1/../../../../arm-none-eabi/lib/armv6-m\libg_nano.a(lib_a-init.o)
 .debug_frame   0x00001560       0x40 c:/program files (x86)/cypress/psoc creator/4.2/psoc creator/import/gnu/arm/5.4.1/bin/../lib/gcc/arm-none-eabi/5.4.1/../../../../arm-none-eabi/lib/armv6-m\libg_nano.a(lib_a-malloc.o)
 .debug_frame   0x000015a0       0x28 c:/program files (x86)/cypress/psoc creator/4.2/psoc creator/import/gnu/arm/5.4.1/bin/../lib/gcc/arm-none-eabi/5.4.1/../../../../arm-none-eabi/lib/armv6-m\libg_nano.a(lib_a-memcpy-stub.o)
 .debug_frame   0x000015c8       0x28 c:/program files (x86)/cypress/psoc creator/4.2/psoc creator/import/gnu/arm/5.4.1/bin/../lib/gcc/arm-none-eabi/5.4.1/../../../../arm-none-eabi/lib/armv6-m\libg_nano.a(lib_a-memmove.o)
 .debug_frame   0x000015f0       0x20 c:/program files (x86)/cypress/psoc creator/4.2/psoc creator/import/gnu/arm/5.4.1/bin/../lib/gcc/arm-none-eabi/5.4.1/../../../../arm-none-eabi/lib/armv6-m\libg_nano.a(lib_a-memset.o)
 .debug_frame   0x00001610       0x2c c:/program files (x86)/cypress/psoc creator/4.2/psoc creator/import/gnu/arm/5.4.1/bin/../lib/gcc/arm-none-eabi/5.4.1/../../../../arm-none-eabi/lib/armv6-m\libg_nano.a(lib_a-nano-callocr.o)
 .debug_frame   0x0000163c       0x2c c:/program files (x86)/cypress/psoc creator/4.2/psoc creator/import/gnu/arm/5.4.1/bin/../lib/gcc/arm-none-eabi/5.4.1/../../../../arm-none-eabi/lib/armv6-m\libg_nano.a(lib_a-nano-freer.o)
 .debug_frame   0x00001668       0x2c c:/program files (x86)/cypress/psoc creator/4.2/psoc creator/import/gnu/arm/5.4.1/bin/../lib/gcc/arm-none-eabi/5.4.1/../../../../arm-none-eabi/lib/armv6-m\libg_nano.a(lib_a-nano-mallocr.o)
 .debug_frame   0x00001694       0x2c c:/program files (x86)/cypress/psoc creator/4.2/psoc creator/import/gnu/arm/5.4.1/bin/../lib/gcc/arm-none-eabi/5.4.1/../../../../arm-none-eabi/lib/armv6-m\libg_nano.a(lib_a-sbrkr.o)
 .debug_frame   0x000016c0       0x50 c:/program files (x86)/cypress/psoc creator/4.2/psoc creator/import/gnu/arm/5.4.1/bin/../lib/gcc/arm-none-eabi/5.4.1/../../../../arm-none-eabi/lib/armv6-m\libg_nano.a(lib_a-sprintf.o)
 .debug_frame   0x00001710       0x30 c:/program files (x86)/cypress/psoc creator/4.2/psoc creator/import/gnu/arm/5.4.1/bin/../lib/gcc/arm-none-eabi/5.4.1/../../../../arm-none-eabi/lib/armv6-m\libg_nano.a(lib_a-mlock.o)
 .debug_frame   0x00001740       0x74 c:/program files (x86)/cypress/psoc creator/4.2/psoc creator/import/gnu/arm/5.4.1/bin/../lib/gcc/arm-none-eabi/5.4.1/../../../../arm-none-eabi/lib/armv6-m\libg_nano.a(lib_a-nano-svfprintf.o)
 .debug_frame   0x000017b4       0x54 c:/program files (x86)/cypress/psoc creator/4.2/psoc creator/import/gnu/arm/5.4.1/bin/../lib/gcc/arm-none-eabi/5.4.1/../../../../arm-none-eabi/lib/armv6-m\libg_nano.a(lib_a-nano-vfprintf_i.o)
 .debug_frame   0x00001808       0x48 c:/program files (x86)/cypress/psoc creator/4.2/psoc creator/import/gnu/arm/5.4.1/bin/../lib/gcc/arm-none-eabi/5.4.1/../../../../arm-none-eabi/lib/armv6-m\libg_nano.a(lib_a-reent.o)
 .debug_frame   0x00001850       0x20 c:/program files (x86)/cypress/psoc creator/4.2/psoc creator/import/gnu/arm/5.4.1/bin/../lib/gcc/arm-none-eabi/5.4.1/../../../../arm-none-eabi/lib/armv6-m\libg_nano.a(lib_a-memchr-stub.o)
 .debug_frame   0x00001870       0x30 c:/program files (x86)/cypress/psoc creator/4.2/psoc creator/import/gnu/arm/5.4.1/bin/../lib/gcc/arm-none-eabi/5.4.1/../../../../arm-none-eabi/lib/armv6-m\libg_nano.a(lib_a-nano-reallocr.o)
 .debug_frame   0x000018a0       0x20 c:/program files (x86)/cypress/psoc creator/4.2/psoc creator/import/gnu/arm/5.4.1/bin/../lib/gcc/arm-none-eabi/5.4.1/../../../../arm-none-eabi/lib/armv6-m\libg_nano.a(lib_a-nano-msizer.o)

.debug_str      0x00000000     0x21c9
 *(.debug_str)
 .debug_str     0x00000000      0x6ce .\CortexM0\ARM_GCC_541\Debug\main.o
                                0x739 (size before relaxing)
 .debug_str     0x000006ce      0x149 .\CortexM0\ARM_GCC_541\Debug\packet_testing.o
                                0x6c2 (size before relaxing)
 .debug_str     0x00000817      0x15b .\CortexM0\ARM_GCC_541\Debug\cyfitter_cfg.o
                                0x33e (size before relaxing)
 .debug_str     0x00000972       0x59 .\CortexM0\ARM_GCC_541\Debug\cymetadata.o
                                0x1ec (size before relaxing)
 .debug_str     0x000009cb      0x13a .\CortexM0\ARM_GCC_541\Debug\Cm0Start.o
                                0x325 (size before relaxing)
 .debug_str     0x00000b05      0x1a4 .\CortexM0\ARM_GCC_541\Debug\packetTesting_v1_3.a(UART_USB.o)
                                0x378 (size before relaxing)
 .debug_str     0x00000ca9      0x299 .\CortexM0\ARM_GCC_541\Debug\packetTesting_v1_3.a(UART_USB_UART.o)
                                0x4ed (size before relaxing)
 .debug_str     0x00000f42      0x103 .\CortexM0\ARM_GCC_541\Debug\packetTesting_v1_3.a(LEDS.o)
                                0x2b9 (size before relaxing)
 .debug_str     0x00001045       0xb9 .\CortexM0\ARM_GCC_541\Debug\packetTesting_v1_3.a(usbUart.o)
                                0x2d6 (size before relaxing)
 .debug_str     0x000010fe      0x174 .\CortexM0\ARM_GCC_541\Debug\packetTesting_v1_3.a(packets.o)
                                0x6aa (size before relaxing)
 .debug_str     0x00001272       0x32 .\CortexM0\ARM_GCC_541\Debug\packetTesting_v1_3.a(LEDS_Control_reg.o)
                                0x1f4 (size before relaxing)
 .debug_str     0x000012a4       0xac .\CortexM0\ARM_GCC_541\Debug\packetTesting_v1_3.a(LEDS_Control_reg_PM.o)
                                0x270 (size before relaxing)
 .debug_str     0x00001350      0x59d .\CortexM0\ARM_GCC_541\Debug\packetTesting_v1_3.a(CyLib.o)
                                0x81c (size before relaxing)
 .debug_str     0x000018ed      0x6e6 .\CortexM0\ARM_GCC_541\Debug\packetTesting_v1_3.a(CyLFClk.o)
                                0x95c (size before relaxing)
 .debug_str     0x00001fd3       0x6e .\CortexM0\ARM_GCC_541\Debug\packetTesting_v1_3.a(testRunner.o)
                                0x2b9 (size before relaxing)
 .debug_str     0x00002041      0x143 .\CortexM0\ARM_GCC_541\Debug\packetTesting_v1_3.a(UART_USB_SPI_UART.o)
                                0x3e9 (size before relaxing)
 .debug_str     0x00002184       0x45 .\CortexM0\ARM_GCC_541\Debug\packetTesting_v1_3.a(UART_USB_SPI_UART_INT.o)
                                0x2d5 (size before relaxing)

.debug_loc      0x00000000     0x35e5
 *(.debug_loc)
 .debug_loc     0x00000000       0x58 .\CortexM0\ARM_GCC_541\Debug\main.o
 .debug_loc     0x00000058      0x8f5 .\CortexM0\ARM_GCC_541\Debug\packet_testing.o
 .debug_loc     0x0000094d      0x118 .\CortexM0\ARM_GCC_541\Debug\cyfitter_cfg.o
 .debug_loc     0x00000a65      0x14f .\CortexM0\ARM_GCC_541\Debug\Cm0Start.o
 .debug_loc     0x00000bb4       0x7e .\CortexM0\ARM_GCC_541\Debug\packetTesting_v1_3.a(UART_USB.o)
 .debug_loc     0x00000c32      0x22e .\CortexM0\ARM_GCC_541\Debug\packetTesting_v1_3.a(UART_USB_UART.o)
 .debug_loc     0x00000e60      0x183 .\CortexM0\ARM_GCC_541\Debug\packetTesting_v1_3.a(LEDS.o)
 .debug_loc     0x00000fe3      0x363 .\CortexM0\ARM_GCC_541\Debug\packetTesting_v1_3.a(usbUart.o)
 .debug_loc     0x00001346      0xa4b .\CortexM0\ARM_GCC_541\Debug\packetTesting_v1_3.a(packets.o)
 .debug_loc     0x00001d91      0x818 .\CortexM0\ARM_GCC_541\Debug\packetTesting_v1_3.a(CyLib.o)
 .debug_loc     0x000025a9      0xdaa .\CortexM0\ARM_GCC_541\Debug\packetTesting_v1_3.a(CyLFClk.o)
 .debug_loc     0x00003353       0xe5 .\CortexM0\ARM_GCC_541\Debug\packetTesting_v1_3.a(testRunner.o)
 .debug_loc     0x00003438      0x170 .\CortexM0\ARM_GCC_541\Debug\packetTesting_v1_3.a(UART_USB_SPI_UART.o)
 .debug_loc     0x000035a8       0x3d .\CortexM0\ARM_GCC_541\Debug\packetTesting_v1_3.a(UART_USB_SPI_UART_INT.o)

.debug_macinfo
 *(.debug_macinfo)

.debug_ranges   0x00000000      0x6d8
 *(.debug_ranges)
 .debug_ranges  0x00000000       0x18 .\CortexM0\ARM_GCC_541\Debug\main.o
 .debug_ranges  0x00000018       0x80 .\CortexM0\ARM_GCC_541\Debug\packet_testing.o
 .debug_ranges  0x00000098       0x30 .\CortexM0\ARM_GCC_541\Debug\cyfitter_cfg.o
 .debug_ranges  0x000000c8       0x38 .\CortexM0\ARM_GCC_541\Debug\Cm0Start.o
 .debug_ranges  0x00000100       0x58 .\CortexM0\ARM_GCC_541\Debug\packetTesting_v1_3.a(UART_USB.o)
 .debug_ranges  0x00000158       0x80 .\CortexM0\ARM_GCC_541\Debug\packetTesting_v1_3.a(UART_USB_UART.o)
 .debug_ranges  0x000001d8       0x60 .\CortexM0\ARM_GCC_541\Debug\packetTesting_v1_3.a(LEDS.o)
 .debug_ranges  0x00000238       0x38 .\CortexM0\ARM_GCC_541\Debug\packetTesting_v1_3.a(usbUart.o)
 .debug_ranges  0x00000270       0x60 .\CortexM0\ARM_GCC_541\Debug\packetTesting_v1_3.a(packets.o)
 .debug_ranges  0x000002d0       0x18 .\CortexM0\ARM_GCC_541\Debug\packetTesting_v1_3.a(LEDS_Control_reg.o)
 .debug_ranges  0x000002e8       0x28 .\CortexM0\ARM_GCC_541\Debug\packetTesting_v1_3.a(LEDS_Control_reg_PM.o)
 .debug_ranges  0x00000310      0x1c0 .\CortexM0\ARM_GCC_541\Debug\packetTesting_v1_3.a(CyLib.o)
 .debug_ranges  0x000004d0      0x178 .\CortexM0\ARM_GCC_541\Debug\packetTesting_v1_3.a(CyLFClk.o)
 .debug_ranges  0x00000648       0x30 .\CortexM0\ARM_GCC_541\Debug\packetTesting_v1_3.a(testRunner.o)
 .debug_ranges  0x00000678       0x50 .\CortexM0\ARM_GCC_541\Debug\packetTesting_v1_3.a(UART_USB_SPI_UART.o)
 .debug_ranges  0x000006c8       0x10 .\CortexM0\ARM_GCC_541\Debug\packetTesting_v1_3.a(UART_USB_SPI_UART_INT.o)

.comment        0x00000000       0x6e
 .comment       0x00000000       0x6e .\CortexM0\ARM_GCC_541\Debug\main.o
                                 0x6f (size before relaxing)
 .comment       0x0000006e       0x6f .\CortexM0\ARM_GCC_541\Debug\packet_testing.o
 .comment       0x0000006e       0x6f .\CortexM0\ARM_GCC_541\Debug\cyfitter_cfg.o
 .comment       0x0000006e       0x6f .\CortexM0\ARM_GCC_541\Debug\cymetadata.o
 .comment       0x0000006e       0x6f .\CortexM0\ARM_GCC_541\Debug\Cm0Start.o
 .comment       0x0000006e       0x6f .\CortexM0\ARM_GCC_541\Debug\packetTesting_v1_3.a(UART_USB.o)
 .comment       0x0000006e       0x6f .\CortexM0\ARM_GCC_541\Debug\packetTesting_v1_3.a(UART_USB_UART.o)
 .comment       0x0000006e       0x6f .\CortexM0\ARM_GCC_541\Debug\packetTesting_v1_3.a(LEDS.o)
 .comment       0x0000006e       0x6f .\CortexM0\ARM_GCC_541\Debug\packetTesting_v1_3.a(usbUart.o)
 .comment       0x0000006e       0x6f .\CortexM0\ARM_GCC_541\Debug\packetTesting_v1_3.a(packets.o)
 .comment       0x0000006e       0x6f .\CortexM0\ARM_GCC_541\Debug\packetTesting_v1_3.a(LEDS_Control_reg.o)
 .comment       0x0000006e       0x6f .\CortexM0\ARM_GCC_541\Debug\packetTesting_v1_3.a(LEDS_Control_reg_PM.o)
 .comment       0x0000006e       0x6f .\CortexM0\ARM_GCC_541\Debug\packetTesting_v1_3.a(CyLib.o)
 .comment       0x0000006e       0x6f .\CortexM0\ARM_GCC_541\Debug\packetTesting_v1_3.a(CyLFClk.o)
 .comment       0x0000006e       0x6f .\CortexM0\ARM_GCC_541\Debug\packetTesting_v1_3.a(testRunner.o)
 .comment       0x0000006e       0x6f .\CortexM0\ARM_GCC_541\Debug\packetTesting_v1_3.a(UART_USB_SPI_UART.o)
 .comment       0x0000006e       0x6f .\CortexM0\ARM_GCC_541\Debug\packetTesting_v1_3.a(UART_USB_SPI_UART_INT.o)

.debug_weaknames
 *(.debug_weaknames)

.debug_funcnames
 *(.debug_funcnames)

.debug_typenames
 *(.debug_typenames)

.debug_varnames
 *(.debug_varnames)

.note.gnu.arm.ident
 *(.note.gnu.arm.ident)

.ARM.attributes
                0x00000000       0x28
 *(.ARM.attributes)
 .ARM.attributes
                0x00000000       0x1e c:/program files (x86)/cypress/psoc creator/4.2/psoc creator/import/gnu/arm/5.4.1/bin/../lib/gcc/arm-none-eabi/5.4.1/armv6-m/crti.o
 .ARM.attributes
                0x0000001e       0x2c c:/program files (x86)/cypress/psoc creator/4.2/psoc creator/import/gnu/arm/5.4.1/bin/../lib/gcc/arm-none-eabi/5.4.1/armv6-m/crtbegin.o
 .ARM.attributes
                0x0000004a       0x1b c:/program files (x86)/cypress/psoc creator/4.2/psoc creator/import/gnu/arm/5.4.1/bin/../lib/gcc/arm-none-eabi/5.4.1/../../../../arm-none-eabi/lib/armv6-m/crt0.o
 .ARM.attributes
                0x00000065       0x31 .\CortexM0\ARM_GCC_541\Debug\main.o
 .ARM.attributes
                0x00000096       0x31 .\CortexM0\ARM_GCC_541\Debug\packet_testing.o
 .ARM.attributes
                0x000000c7       0x31 .\CortexM0\ARM_GCC_541\Debug\cyfitter_cfg.o
 .ARM.attributes
                0x000000f8       0x31 .\CortexM0\ARM_GCC_541\Debug\cymetadata.o
 .ARM.attributes
                0x00000129       0x31 .\CortexM0\ARM_GCC_541\Debug\Cm0Start.o
 .ARM.attributes
                0x0000015a       0x31 .\CortexM0\ARM_GCC_541\Debug\packetTesting_v1_3.a(UART_USB.o)
 .ARM.attributes
                0x0000018b       0x31 .\CortexM0\ARM_GCC_541\Debug\packetTesting_v1_3.a(UART_USB_UART.o)
 .ARM.attributes
                0x000001bc       0x31 .\CortexM0\ARM_GCC_541\Debug\packetTesting_v1_3.a(LEDS.o)
 .ARM.attributes
                0x000001ed       0x31 .\CortexM0\ARM_GCC_541\Debug\packetTesting_v1_3.a(usbUart.o)
 .ARM.attributes
                0x0000021e       0x31 .\CortexM0\ARM_GCC_541\Debug\packetTesting_v1_3.a(packets.o)
 .ARM.attributes
                0x0000024f       0x31 .\CortexM0\ARM_GCC_541\Debug\packetTesting_v1_3.a(LEDS_Control_reg.o)
 .ARM.attributes
                0x00000280       0x31 .\CortexM0\ARM_GCC_541\Debug\packetTesting_v1_3.a(LEDS_Control_reg_PM.o)
 .ARM.attributes
                0x000002b1       0x31 .\CortexM0\ARM_GCC_541\Debug\packetTesting_v1_3.a(CyLib.o)
 .ARM.attributes
                0x000002e2       0x31 .\CortexM0\ARM_GCC_541\Debug\packetTesting_v1_3.a(CyLFClk.o)
 .ARM.attributes
                0x00000313       0x31 .\CortexM0\ARM_GCC_541\Debug\packetTesting_v1_3.a(testRunner.o)
 .ARM.attributes
                0x00000344       0x21 .\CortexM0\ARM_GCC_541\Debug\packetTesting_v1_3.a(CyBootAsmGnu.o)
 .ARM.attributes
                0x00000365       0x31 .\CortexM0\ARM_GCC_541\Debug\packetTesting_v1_3.a(UART_USB_SPI_UART.o)
 .ARM.attributes
                0x00000396       0x31 .\CortexM0\ARM_GCC_541\Debug\packetTesting_v1_3.a(UART_USB_SPI_UART_INT.o)
 .ARM.attributes
                0x000003c7       0x1e c:/program files (x86)/cypress/psoc creator/4.2/psoc creator/import/gnu/arm/5.4.1/bin/../lib/gcc/arm-none-eabi/5.4.1/armv6-m\libgcc.a(_udivsi3.o)
 .ARM.attributes
                0x000003e5       0x1e c:/program files (x86)/cypress/psoc creator/4.2/psoc creator/import/gnu/arm/5.4.1/bin/../lib/gcc/arm-none-eabi/5.4.1/armv6-m\libgcc.a(_divsi3.o)
 .ARM.attributes
                0x00000403       0x1e c:/program files (x86)/cypress/psoc creator/4.2/psoc creator/import/gnu/arm/5.4.1/bin/../lib/gcc/arm-none-eabi/5.4.1/armv6-m\libgcc.a(_dvmd_tls.o)
 .ARM.attributes
                0x00000421       0x2c c:/program files (x86)/cypress/psoc creator/4.2/psoc creator/import/gnu/arm/5.4.1/bin/../lib/gcc/arm-none-eabi/5.4.1/../../../../arm-none-eabi/lib/armv6-m\libg_nano.a(lib_a-calloc.o)
 .ARM.attributes
                0x0000044d       0x2c c:/program files (x86)/cypress/psoc creator/4.2/psoc creator/import/gnu/arm/5.4.1/bin/../lib/gcc/arm-none-eabi/5.4.1/../../../../arm-none-eabi/lib/armv6-m\libg_nano.a(lib_a-errno.o)
 .ARM.attributes
                0x00000479       0x2c c:/program files (x86)/cypress/psoc creator/4.2/psoc creator/import/gnu/arm/5.4.1/bin/../lib/gcc/arm-none-eabi/5.4.1/../../../../arm-none-eabi/lib/armv6-m\libg_nano.a(lib_a-exit.o)
 .ARM.attributes
                0x000004a5       0x2c c:/program files (x86)/cypress/psoc creator/4.2/psoc creator/import/gnu/arm/5.4.1/bin/../lib/gcc/arm-none-eabi/5.4.1/../../../../arm-none-eabi/lib/armv6-m\libg_nano.a(lib_a-impure.o)
 .ARM.attributes
                0x000004d1       0x2c c:/program files (x86)/cypress/psoc creator/4.2/psoc creator/import/gnu/arm/5.4.1/bin/../lib/gcc/arm-none-eabi/5.4.1/../../../../arm-none-eabi/lib/armv6-m\libg_nano.a(lib_a-init.o)
 .ARM.attributes
                0x000004fd       0x2c c:/program files (x86)/cypress/psoc creator/4.2/psoc creator/import/gnu/arm/5.4.1/bin/../lib/gcc/arm-none-eabi/5.4.1/../../../../arm-none-eabi/lib/armv6-m\libg_nano.a(lib_a-malloc.o)
 .ARM.attributes
                0x00000529       0x2c c:/program files (x86)/cypress/psoc creator/4.2/psoc creator/import/gnu/arm/5.4.1/bin/../lib/gcc/arm-none-eabi/5.4.1/../../../../arm-none-eabi/lib/armv6-m\libg_nano.a(lib_a-memcpy-stub.o)
 .ARM.attributes
                0x00000555       0x2c c:/program files (x86)/cypress/psoc creator/4.2/psoc creator/import/gnu/arm/5.4.1/bin/../lib/gcc/arm-none-eabi/5.4.1/../../../../arm-none-eabi/lib/armv6-m\libg_nano.a(lib_a-memmove.o)
 .ARM.attributes
                0x00000581       0x2c c:/program files (x86)/cypress/psoc creator/4.2/psoc creator/import/gnu/arm/5.4.1/bin/../lib/gcc/arm-none-eabi/5.4.1/../../../../arm-none-eabi/lib/armv6-m\libg_nano.a(lib_a-memset.o)
 .ARM.attributes
                0x000005ad       0x2c c:/program files (x86)/cypress/psoc creator/4.2/psoc creator/import/gnu/arm/5.4.1/bin/../lib/gcc/arm-none-eabi/5.4.1/../../../../arm-none-eabi/lib/armv6-m\libg_nano.a(lib_a-nano-callocr.o)
 .ARM.attributes
                0x000005d9       0x2c c:/program files (x86)/cypress/psoc creator/4.2/psoc creator/import/gnu/arm/5.4.1/bin/../lib/gcc/arm-none-eabi/5.4.1/../../../../arm-none-eabi/lib/armv6-m\libg_nano.a(lib_a-nano-freer.o)
 .ARM.attributes
                0x00000605       0x2c c:/program files (x86)/cypress/psoc creator/4.2/psoc creator/import/gnu/arm/5.4.1/bin/../lib/gcc/arm-none-eabi/5.4.1/../../../../arm-none-eabi/lib/armv6-m\libg_nano.a(lib_a-nano-mallocr.o)
 .ARM.attributes
                0x00000631       0x2c c:/program files (x86)/cypress/psoc creator/4.2/psoc creator/import/gnu/arm/5.4.1/bin/../lib/gcc/arm-none-eabi/5.4.1/../../../../arm-none-eabi/lib/armv6-m\libg_nano.a(lib_a-sbrkr.o)
 .ARM.attributes
                0x0000065d       0x2c c:/program files (x86)/cypress/psoc creator/4.2/psoc creator/import/gnu/arm/5.4.1/bin/../lib/gcc/arm-none-eabi/5.4.1/../../../../arm-none-eabi/lib/armv6-m\libg_nano.a(lib_a-sprintf.o)
 .ARM.attributes
                0x00000689       0x2c c:/program files (x86)/cypress/psoc creator/4.2/psoc creator/import/gnu/arm/5.4.1/bin/../lib/gcc/arm-none-eabi/5.4.1/../../../../arm-none-eabi/lib/armv6-m\libg_nano.a(lib_a-mlock.o)
 .ARM.attributes
                0x000006b5       0x2c c:/program files (x86)/cypress/psoc creator/4.2/psoc creator/import/gnu/arm/5.4.1/bin/../lib/gcc/arm-none-eabi/5.4.1/../../../../arm-none-eabi/lib/armv6-m\libg_nano.a(lib_a-nano-svfprintf.o)
 .ARM.attributes
                0x000006e1       0x2c c:/program files (x86)/cypress/psoc creator/4.2/psoc creator/import/gnu/arm/5.4.1/bin/../lib/gcc/arm-none-eabi/5.4.1/../../../../arm-none-eabi/lib/armv6-m\libg_nano.a(lib_a-nano-vfprintf_i.o)
 .ARM.attributes
                0x0000070d       0x2c c:/program files (x86)/cypress/psoc creator/4.2/psoc creator/import/gnu/arm/5.4.1/bin/../lib/gcc/arm-none-eabi/5.4.1/../../../../arm-none-eabi/lib/armv6-m\libg_nano.a(lib_a-reent.o)
 .ARM.attributes
                0x00000739       0x2c c:/program files (x86)/cypress/psoc creator/4.2/psoc creator/import/gnu/arm/5.4.1/bin/../lib/gcc/arm-none-eabi/5.4.1/../../../../arm-none-eabi/lib/armv6-m\libg_nano.a(lib_a-memchr-stub.o)
 .ARM.attributes
                0x00000765       0x2c c:/program files (x86)/cypress/psoc creator/4.2/psoc creator/import/gnu/arm/5.4.1/bin/../lib/gcc/arm-none-eabi/5.4.1/../../../../arm-none-eabi/lib/armv6-m\libg_nano.a(lib_a-nano-reallocr.o)
 .ARM.attributes
                0x00000791       0x2c c:/program files (x86)/cypress/psoc creator/4.2/psoc creator/import/gnu/arm/5.4.1/bin/../lib/gcc/arm-none-eabi/5.4.1/../../../../arm-none-eabi/lib/armv6-m\libg_nano.a(lib_a-nano-msizer.o)
 .ARM.attributes
                0x000007bd       0x2c c:/program files (x86)/cypress/psoc creator/4.2/psoc creator/import/gnu/arm/5.4.1/bin/../lib/gcc/arm-none-eabi/5.4.1/armv6-m/crtend.o
 .ARM.attributes
                0x000007e9       0x1e c:/program files (x86)/cypress/psoc creator/4.2/psoc creator/import/gnu/arm/5.4.1/bin/../lib/gcc/arm-none-eabi/5.4.1/armv6-m/crtn.o

/DISCARD/
 *(.note.GNU-stack)
OUTPUT(C:\Users\ccheney\Dropbox (MIT)\MICA\Creator\libraries\micaComponents_testing\packetTesting_v1_3.cydsn\CortexM0\ARM_GCC_541\Debug\packetTesting_v1_3.elf elf32-littlearm)
