ARM GAS  C:\Users\ccheney\AppData\Local\Temp\cc2z3s9j.s 			page 1


   1              		.syntax unified
   2              		.cpu cortex-m0
   3              		.fpu softvfp
   4              		.eabi_attribute 20, 1
   5              		.eabi_attribute 21, 1
   6              		.eabi_attribute 23, 3
   7              		.eabi_attribute 24, 1
   8              		.eabi_attribute 25, 1
   9              		.eabi_attribute 26, 1
  10              		.eabi_attribute 30, 1
  11              		.eabi_attribute 34, 0
  12              		.eabi_attribute 18, 4
  13              		.thumb
  14              		.syntax unified
  15              		.file	"cyfitter_cfg.c"
  16              		.text
  17              	.Ltext0:
  18              		.cfi_sections	.debug_frame
  19              		.section	.text.CYMEMZERO,"ax",%progbits
  20              		.align	2
  21              		.code	16
  22              		.thumb_func
  23              		.type	CYMEMZERO, %function
  24              	CYMEMZERO:
  25              	.LFB0:
  26              		.file 1 "Generated_Source\\PSoC4\\cyfitter_cfg.c"
   1:Generated_Source\PSoC4/cyfitter_cfg.c **** 
   2:Generated_Source\PSoC4/cyfitter_cfg.c **** /*******************************************************************************
   3:Generated_Source\PSoC4/cyfitter_cfg.c **** * File Name: cyfitter_cfg.c
   4:Generated_Source\PSoC4/cyfitter_cfg.c **** * 
   5:Generated_Source\PSoC4/cyfitter_cfg.c **** * PSoC Creator  4.2
   6:Generated_Source\PSoC4/cyfitter_cfg.c **** *
   7:Generated_Source\PSoC4/cyfitter_cfg.c **** * Description:
   8:Generated_Source\PSoC4/cyfitter_cfg.c **** * This file contains device initialization code.
   9:Generated_Source\PSoC4/cyfitter_cfg.c **** * Except for the user defined sections in CyClockStartupError(), this file should not be modified.
  10:Generated_Source\PSoC4/cyfitter_cfg.c **** * This file is automatically generated by PSoC Creator.
  11:Generated_Source\PSoC4/cyfitter_cfg.c **** *
  12:Generated_Source\PSoC4/cyfitter_cfg.c **** ********************************************************************************
  13:Generated_Source\PSoC4/cyfitter_cfg.c **** * Copyright (c) 2007-2018 Cypress Semiconductor.  All rights reserved.
  14:Generated_Source\PSoC4/cyfitter_cfg.c **** * You may use this file only in accordance with the license, terms, conditions, 
  15:Generated_Source\PSoC4/cyfitter_cfg.c **** * disclaimers, and limitations in the end user license agreement accompanying 
  16:Generated_Source\PSoC4/cyfitter_cfg.c **** * the software package with which this file was provided.
  17:Generated_Source\PSoC4/cyfitter_cfg.c **** ********************************************************************************/
  18:Generated_Source\PSoC4/cyfitter_cfg.c **** 
  19:Generated_Source\PSoC4/cyfitter_cfg.c **** #include <string.h>
  20:Generated_Source\PSoC4/cyfitter_cfg.c **** #include "cytypes.h"
  21:Generated_Source\PSoC4/cyfitter_cfg.c **** #include "cydevice_trm.h"
  22:Generated_Source\PSoC4/cyfitter_cfg.c **** #include "cyfitter.h"
  23:Generated_Source\PSoC4/cyfitter_cfg.c **** #include "CyLib.h"
  24:Generated_Source\PSoC4/cyfitter_cfg.c **** #include "CyLFClk.h"
  25:Generated_Source\PSoC4/cyfitter_cfg.c **** #include "cyfitter_cfg.h"
  26:Generated_Source\PSoC4/cyfitter_cfg.c **** #include "cyapicallbacks.h"
  27:Generated_Source\PSoC4/cyfitter_cfg.c **** 
  28:Generated_Source\PSoC4/cyfitter_cfg.c **** 
  29:Generated_Source\PSoC4/cyfitter_cfg.c **** #if defined(__GNUC__) || defined(__ARMCC_VERSION)
  30:Generated_Source\PSoC4/cyfitter_cfg.c ****     #define CYPACKED 
  31:Generated_Source\PSoC4/cyfitter_cfg.c ****     #define CYPACKED_ATTR __attribute__ ((packed))
ARM GAS  C:\Users\ccheney\AppData\Local\Temp\cc2z3s9j.s 			page 2


  32:Generated_Source\PSoC4/cyfitter_cfg.c ****     #define CYALIGNED __attribute__ ((aligned))
  33:Generated_Source\PSoC4/cyfitter_cfg.c ****     #define CY_CFG_UNUSED __attribute__ ((unused))
  34:Generated_Source\PSoC4/cyfitter_cfg.c ****     #ifndef CY_CFG_SECTION
  35:Generated_Source\PSoC4/cyfitter_cfg.c ****         #define CY_CFG_SECTION __attribute__ ((section(".psocinit")))
  36:Generated_Source\PSoC4/cyfitter_cfg.c ****     #endif
  37:Generated_Source\PSoC4/cyfitter_cfg.c ****     
  38:Generated_Source\PSoC4/cyfitter_cfg.c ****     #if defined(__ARMCC_VERSION)
  39:Generated_Source\PSoC4/cyfitter_cfg.c ****         #define CY_CFG_MEMORY_BARRIER() __memory_changed()
  40:Generated_Source\PSoC4/cyfitter_cfg.c ****     #else
  41:Generated_Source\PSoC4/cyfitter_cfg.c ****         #define CY_CFG_MEMORY_BARRIER() __sync_synchronize()
  42:Generated_Source\PSoC4/cyfitter_cfg.c ****     #endif
  43:Generated_Source\PSoC4/cyfitter_cfg.c ****     
  44:Generated_Source\PSoC4/cyfitter_cfg.c **** #elif defined(__ICCARM__)
  45:Generated_Source\PSoC4/cyfitter_cfg.c ****     #include <intrinsics.h>
  46:Generated_Source\PSoC4/cyfitter_cfg.c **** 
  47:Generated_Source\PSoC4/cyfitter_cfg.c ****     #define CYPACKED __packed
  48:Generated_Source\PSoC4/cyfitter_cfg.c ****     #define CYPACKED_ATTR 
  49:Generated_Source\PSoC4/cyfitter_cfg.c ****     #define CYALIGNED _Pragma("data_alignment=4")
  50:Generated_Source\PSoC4/cyfitter_cfg.c ****     #define CY_CFG_UNUSED _Pragma("diag_suppress=Pe177")
  51:Generated_Source\PSoC4/cyfitter_cfg.c ****     #define CY_CFG_SECTION _Pragma("location=\".psocinit\"")
  52:Generated_Source\PSoC4/cyfitter_cfg.c ****     
  53:Generated_Source\PSoC4/cyfitter_cfg.c ****     #define CY_CFG_MEMORY_BARRIER() __DMB()
  54:Generated_Source\PSoC4/cyfitter_cfg.c ****     
  55:Generated_Source\PSoC4/cyfitter_cfg.c **** #else
  56:Generated_Source\PSoC4/cyfitter_cfg.c ****     #error Unsupported toolchain
  57:Generated_Source\PSoC4/cyfitter_cfg.c **** #endif
  58:Generated_Source\PSoC4/cyfitter_cfg.c **** 
  59:Generated_Source\PSoC4/cyfitter_cfg.c **** #ifndef CYCODE
  60:Generated_Source\PSoC4/cyfitter_cfg.c ****     #define CYCODE
  61:Generated_Source\PSoC4/cyfitter_cfg.c **** #endif
  62:Generated_Source\PSoC4/cyfitter_cfg.c **** #ifndef CYDATA
  63:Generated_Source\PSoC4/cyfitter_cfg.c ****     #define CYDATA
  64:Generated_Source\PSoC4/cyfitter_cfg.c **** #endif
  65:Generated_Source\PSoC4/cyfitter_cfg.c **** #ifndef CYFAR
  66:Generated_Source\PSoC4/cyfitter_cfg.c ****     #define CYFAR
  67:Generated_Source\PSoC4/cyfitter_cfg.c **** #endif
  68:Generated_Source\PSoC4/cyfitter_cfg.c **** #ifndef CYXDATA
  69:Generated_Source\PSoC4/cyfitter_cfg.c ****     #define CYXDATA
  70:Generated_Source\PSoC4/cyfitter_cfg.c **** #endif
  71:Generated_Source\PSoC4/cyfitter_cfg.c **** 
  72:Generated_Source\PSoC4/cyfitter_cfg.c **** 
  73:Generated_Source\PSoC4/cyfitter_cfg.c **** CY_CFG_UNUSED
  74:Generated_Source\PSoC4/cyfitter_cfg.c **** static void CYMEMZERO(void *s, size_t n);
  75:Generated_Source\PSoC4/cyfitter_cfg.c **** CY_CFG_UNUSED
  76:Generated_Source\PSoC4/cyfitter_cfg.c **** static void CYMEMZERO(void *s, size_t n)
  77:Generated_Source\PSoC4/cyfitter_cfg.c **** {
  27              		.loc 1 77 0
  28              		.cfi_startproc
  29              		@ args = 0, pretend = 0, frame = 0
  30              		@ frame_needed = 0, uses_anonymous_args = 0
  31              	.LVL0:
  32 0000 10B5     		push	{r4, lr}
  33              		.cfi_def_cfa_offset 8
  34              		.cfi_offset 4, -8
  35              		.cfi_offset 14, -4
  36 0002 0A00     		movs	r2, r1
  78:Generated_Source\PSoC4/cyfitter_cfg.c **** 	(void)memset(s, 0, n);
ARM GAS  C:\Users\ccheney\AppData\Local\Temp\cc2z3s9j.s 			page 3


  37              		.loc 1 78 0
  38 0004 0021     		movs	r1, #0
  39              	.LVL1:
  40 0006 FFF7FEFF 		bl	memset
  41              	.LVL2:
  79:Generated_Source\PSoC4/cyfitter_cfg.c **** }
  42              		.loc 1 79 0
  43              		@ sp needed
  44 000a 10BD     		pop	{r4, pc}
  45              		.cfi_endproc
  46              	.LFE0:
  47              		.size	CYMEMZERO, .-CYMEMZERO
  48              		.section	.psocinit,"ax",%progbits
  49              		.align	2
  50              		.code	16
  51              		.thumb_func
  52              		.type	ClockSetup, %function
  53              	ClockSetup:
  54              	.LFB3:
  80:Generated_Source\PSoC4/cyfitter_cfg.c **** CY_CFG_UNUSED
  81:Generated_Source\PSoC4/cyfitter_cfg.c **** static void CYCONFIGCPY(void *dest, const void *src, size_t n);
  82:Generated_Source\PSoC4/cyfitter_cfg.c **** CY_CFG_UNUSED
  83:Generated_Source\PSoC4/cyfitter_cfg.c **** static void CYCONFIGCPY(void *dest, const void *src, size_t n)
  84:Generated_Source\PSoC4/cyfitter_cfg.c **** {
  85:Generated_Source\PSoC4/cyfitter_cfg.c **** 	(void)memcpy(dest, src, n);
  86:Generated_Source\PSoC4/cyfitter_cfg.c **** }
  87:Generated_Source\PSoC4/cyfitter_cfg.c **** CY_CFG_UNUSED
  88:Generated_Source\PSoC4/cyfitter_cfg.c **** static void CYCONFIGCPYCODE(void *dest, const void *src, size_t n);
  89:Generated_Source\PSoC4/cyfitter_cfg.c **** CY_CFG_UNUSED
  90:Generated_Source\PSoC4/cyfitter_cfg.c **** static void CYCONFIGCPYCODE(void *dest, const void *src, size_t n)
  91:Generated_Source\PSoC4/cyfitter_cfg.c **** {
  92:Generated_Source\PSoC4/cyfitter_cfg.c **** 	(void)memcpy(dest, src, n);
  93:Generated_Source\PSoC4/cyfitter_cfg.c **** }
  94:Generated_Source\PSoC4/cyfitter_cfg.c **** 
  95:Generated_Source\PSoC4/cyfitter_cfg.c **** 
  96:Generated_Source\PSoC4/cyfitter_cfg.c **** 
  97:Generated_Source\PSoC4/cyfitter_cfg.c **** 
  98:Generated_Source\PSoC4/cyfitter_cfg.c **** /* Clock startup error codes                                                   */
  99:Generated_Source\PSoC4/cyfitter_cfg.c **** #define CYCLOCKSTART_NO_ERROR    0u
 100:Generated_Source\PSoC4/cyfitter_cfg.c **** #define CYCLOCKSTART_XTAL_ERROR  1u
 101:Generated_Source\PSoC4/cyfitter_cfg.c **** #define CYCLOCKSTART_32KHZ_ERROR 2u
 102:Generated_Source\PSoC4/cyfitter_cfg.c **** #define CYCLOCKSTART_PLL_ERROR   3u
 103:Generated_Source\PSoC4/cyfitter_cfg.c **** #define CYCLOCKSTART_FLL_ERROR   4u
 104:Generated_Source\PSoC4/cyfitter_cfg.c **** #define CYCLOCKSTART_WCO_ERROR   5u
 105:Generated_Source\PSoC4/cyfitter_cfg.c **** 
 106:Generated_Source\PSoC4/cyfitter_cfg.c **** 
 107:Generated_Source\PSoC4/cyfitter_cfg.c **** #ifdef CY_NEED_CYCLOCKSTARTUPERROR
 108:Generated_Source\PSoC4/cyfitter_cfg.c **** /*******************************************************************************
 109:Generated_Source\PSoC4/cyfitter_cfg.c **** * Function Name: CyClockStartupError
 110:Generated_Source\PSoC4/cyfitter_cfg.c **** ********************************************************************************
 111:Generated_Source\PSoC4/cyfitter_cfg.c **** * Summary:
 112:Generated_Source\PSoC4/cyfitter_cfg.c **** *  If an error is encountered during clock configuration (crystal startup error,
 113:Generated_Source\PSoC4/cyfitter_cfg.c **** *  PLL lock error, etc.), the system will end up here.  Unless reimplemented by
 114:Generated_Source\PSoC4/cyfitter_cfg.c **** *  the customer, this function will stop in an infinite loop.
 115:Generated_Source\PSoC4/cyfitter_cfg.c **** *
 116:Generated_Source\PSoC4/cyfitter_cfg.c **** * Parameters:
 117:Generated_Source\PSoC4/cyfitter_cfg.c **** *   void
ARM GAS  C:\Users\ccheney\AppData\Local\Temp\cc2z3s9j.s 			page 4


 118:Generated_Source\PSoC4/cyfitter_cfg.c **** *
 119:Generated_Source\PSoC4/cyfitter_cfg.c **** * Return:
 120:Generated_Source\PSoC4/cyfitter_cfg.c **** *   void
 121:Generated_Source\PSoC4/cyfitter_cfg.c **** *
 122:Generated_Source\PSoC4/cyfitter_cfg.c **** *******************************************************************************/
 123:Generated_Source\PSoC4/cyfitter_cfg.c **** CY_CFG_UNUSED
 124:Generated_Source\PSoC4/cyfitter_cfg.c **** static void CyClockStartupError(uint8 errorCode);
 125:Generated_Source\PSoC4/cyfitter_cfg.c **** CY_CFG_UNUSED
 126:Generated_Source\PSoC4/cyfitter_cfg.c **** static void CyClockStartupError(uint8 errorCode)
 127:Generated_Source\PSoC4/cyfitter_cfg.c **** {
 128:Generated_Source\PSoC4/cyfitter_cfg.c ****     /* To remove the compiler warning if errorCode not used.                */
 129:Generated_Source\PSoC4/cyfitter_cfg.c ****     errorCode = errorCode;
 130:Generated_Source\PSoC4/cyfitter_cfg.c **** 
 131:Generated_Source\PSoC4/cyfitter_cfg.c ****     /* If we have a clock startup error (bad MHz crystal, PLL lock, etc.),  */
 132:Generated_Source\PSoC4/cyfitter_cfg.c ****     /* we will end up here to allow the customer to implement something to  */
 133:Generated_Source\PSoC4/cyfitter_cfg.c ****     /* deal with the clock condition.                                       */
 134:Generated_Source\PSoC4/cyfitter_cfg.c **** 
 135:Generated_Source\PSoC4/cyfitter_cfg.c **** #ifdef CY_CFG_CLOCK_STARTUP_ERROR_CALLBACK
 136:Generated_Source\PSoC4/cyfitter_cfg.c ****     CY_CFG_Clock_Startup_ErrorCallback();
 137:Generated_Source\PSoC4/cyfitter_cfg.c **** #else
 138:Generated_Source\PSoC4/cyfitter_cfg.c ****     /*  If not using CY_CFG_CLOCK_STARTUP_ERROR_CALLBACK, place your clock startup code here. */
 139:Generated_Source\PSoC4/cyfitter_cfg.c ****     /* `#START CyClockStartupError` */
 140:Generated_Source\PSoC4/cyfitter_cfg.c **** 
 141:Generated_Source\PSoC4/cyfitter_cfg.c **** 
 142:Generated_Source\PSoC4/cyfitter_cfg.c **** 
 143:Generated_Source\PSoC4/cyfitter_cfg.c ****     /* `#END` */
 144:Generated_Source\PSoC4/cyfitter_cfg.c **** 
 145:Generated_Source\PSoC4/cyfitter_cfg.c ****     while(1) {}
 146:Generated_Source\PSoC4/cyfitter_cfg.c **** #endif /* CY_CFG_CLOCK_STARTUP_ERROR_CALLBACK */
 147:Generated_Source\PSoC4/cyfitter_cfg.c **** }
 148:Generated_Source\PSoC4/cyfitter_cfg.c **** #endif
 149:Generated_Source\PSoC4/cyfitter_cfg.c **** 
 150:Generated_Source\PSoC4/cyfitter_cfg.c **** 
 151:Generated_Source\PSoC4/cyfitter_cfg.c **** 
 152:Generated_Source\PSoC4/cyfitter_cfg.c **** /*******************************************************************************
 153:Generated_Source\PSoC4/cyfitter_cfg.c **** * Function Name: ClockSetup
 154:Generated_Source\PSoC4/cyfitter_cfg.c **** ********************************************************************************
 155:Generated_Source\PSoC4/cyfitter_cfg.c **** *
 156:Generated_Source\PSoC4/cyfitter_cfg.c **** * Summary:
 157:Generated_Source\PSoC4/cyfitter_cfg.c **** *   Performs the initialization of all of the clocks in the device based on the
 158:Generated_Source\PSoC4/cyfitter_cfg.c **** *   settings in the Clock tab of the DWR.  This includes enabling the requested
 159:Generated_Source\PSoC4/cyfitter_cfg.c **** *   clocks and setting the necessary dividers to produce the desired frequency. 
 160:Generated_Source\PSoC4/cyfitter_cfg.c **** *
 161:Generated_Source\PSoC4/cyfitter_cfg.c **** * Parameters:
 162:Generated_Source\PSoC4/cyfitter_cfg.c **** *   void
 163:Generated_Source\PSoC4/cyfitter_cfg.c **** *
 164:Generated_Source\PSoC4/cyfitter_cfg.c **** * Return:
 165:Generated_Source\PSoC4/cyfitter_cfg.c **** *   void
 166:Generated_Source\PSoC4/cyfitter_cfg.c **** *
 167:Generated_Source\PSoC4/cyfitter_cfg.c **** *******************************************************************************/
 168:Generated_Source\PSoC4/cyfitter_cfg.c **** static void ClockSetup(void);
 169:Generated_Source\PSoC4/cyfitter_cfg.c **** CY_CFG_SECTION
 170:Generated_Source\PSoC4/cyfitter_cfg.c **** static void ClockSetup(void)
 171:Generated_Source\PSoC4/cyfitter_cfg.c **** {
  55              		.loc 1 171 0
  56              		.cfi_startproc
  57              		@ args = 0, pretend = 0, frame = 0
ARM GAS  C:\Users\ccheney\AppData\Local\Temp\cc2z3s9j.s 			page 5


  58              		@ frame_needed = 0, uses_anonymous_args = 0
  59 0000 70B5     		push	{r4, r5, r6, lr}
  60              		.cfi_def_cfa_offset 16
  61              		.cfi_offset 4, -16
  62              		.cfi_offset 5, -12
  63              		.cfi_offset 6, -8
  64              		.cfi_offset 14, -4
 172:Generated_Source\PSoC4/cyfitter_cfg.c **** 	/* Enable HALF_EN before trimming for the flash accelerator. */
 173:Generated_Source\PSoC4/cyfitter_cfg.c **** 	CY_SET_REG32((void CYXDATA *)(CYREG_CLK_SELECT), (CY_GET_REG32((void *)CYREG_CLK_SELECT) | 0x00040
  65              		.loc 1 173 0
  66 0002 0F4C     		ldr	r4, .L3
  67 0004 2368     		ldr	r3, [r4]
  68 0006 8022     		movs	r2, #128
  69 0008 D202     		lsls	r2, r2, #11
  70 000a 1343     		orrs	r3, r2
  71 000c 2360     		str	r3, [r4]
 174:Generated_Source\PSoC4/cyfitter_cfg.c **** 
 175:Generated_Source\PSoC4/cyfitter_cfg.c **** 	/* Setup and trim IMO based on desired frequency. */
 176:Generated_Source\PSoC4/cyfitter_cfg.c **** 	CySysClkWriteImoFreq(24u);
  72              		.loc 1 176 0
  73 000e 1820     		movs	r0, #24
  74 0010 FFF7FEFF 		bl	CySysClkWriteImoFreq
  75              	.LVL3:
 177:Generated_Source\PSoC4/cyfitter_cfg.c **** 
 178:Generated_Source\PSoC4/cyfitter_cfg.c **** 	/* Disable HALF_EN since it is not required at this IMO frequency. */
 179:Generated_Source\PSoC4/cyfitter_cfg.c **** 	CY_SET_REG32((void CYXDATA *)(CYREG_CLK_SELECT), (CY_GET_REG32((void *)CYREG_CLK_SELECT) & 0xFFFBF
  76              		.loc 1 179 0
  77 0014 2268     		ldr	r2, [r4]
  78 0016 0B4B     		ldr	r3, .L3+4
  79 0018 1340     		ands	r3, r2
  80 001a 2360     		str	r3, [r4]
 180:Generated_Source\PSoC4/cyfitter_cfg.c **** 	/* CYDEV_CLK_ILO_CONFIG Starting address: CYDEV_CLK_ILO_CONFIG */
 181:Generated_Source\PSoC4/cyfitter_cfg.c **** 	CY_SET_REG32((void *)(CYREG_CLK_ILO_CONFIG), 0x80000006u);
  81              		.loc 1 181 0
  82 001c 0A4A     		ldr	r2, .L3+8
  83 001e 0B4B     		ldr	r3, .L3+12
  84 0020 1A60     		str	r2, [r3]
 182:Generated_Source\PSoC4/cyfitter_cfg.c **** 
 183:Generated_Source\PSoC4/cyfitter_cfg.c **** 
 184:Generated_Source\PSoC4/cyfitter_cfg.c **** 	/* CYDEV_CLK_IMO_CONFIG Starting address: CYDEV_CLK_IMO_CONFIG */
 185:Generated_Source\PSoC4/cyfitter_cfg.c **** 	CY_SET_REG32((void *)(CYREG_CLK_IMO_CONFIG), 0x80000000u);
  85              		.loc 1 185 0
  86 0022 063A     		subs	r2, r2, #6
  87 0024 0A4B     		ldr	r3, .L3+16
  88 0026 1A60     		str	r2, [r3]
 186:Generated_Source\PSoC4/cyfitter_cfg.c **** 
 187:Generated_Source\PSoC4/cyfitter_cfg.c **** 	/* CYDEV_CLK_SELECT Starting address: CYDEV_CLK_SELECT */
 188:Generated_Source\PSoC4/cyfitter_cfg.c **** 	CY_SET_REG32((void *)(CYREG_CLK_SELECT), 0x00000000u);
  89              		.loc 1 188 0
  90 0028 0025     		movs	r5, #0
  91 002a 2560     		str	r5, [r4]
 189:Generated_Source\PSoC4/cyfitter_cfg.c **** 
 190:Generated_Source\PSoC4/cyfitter_cfg.c **** 	(void)CyIntSetVector(9u, &CySysWdtIsr);
  92              		.loc 1 190 0
  93 002c 0949     		ldr	r1, .L3+20
  94 002e 0920     		movs	r0, #9
  95 0030 FFF7FEFF 		bl	CyIntSetVector
ARM GAS  C:\Users\ccheney\AppData\Local\Temp\cc2z3s9j.s 			page 6


  96              	.LVL4:
 191:Generated_Source\PSoC4/cyfitter_cfg.c **** 	CyIntEnable(9u);
  97              		.loc 1 191 0
  98 0034 0920     		movs	r0, #9
  99 0036 FFF7FEFF 		bl	CyIntEnable
 100              	.LVL5:
 192:Generated_Source\PSoC4/cyfitter_cfg.c **** 	CY_SET_REG32((void *)(CYREG_WDT_CONFIG), 0x00000000u);
 101              		.loc 1 192 0
 102 003a 074B     		ldr	r3, .L3+24
 103 003c 1D60     		str	r5, [r3]
 193:Generated_Source\PSoC4/cyfitter_cfg.c **** }
 104              		.loc 1 193 0
 105              		@ sp needed
 106 003e 70BD     		pop	{r4, r5, r6, pc}
 107              	.L4:
 108              		.align	2
 109              	.L3:
 110 0040 00010B40 		.word	1074462976
 111 0044 FFFFFBFF 		.word	-262145
 112 0048 06000080 		.word	-2147483642
 113 004c 04010B40 		.word	1074462980
 114 0050 08010B40 		.word	1074462984
 115 0054 00000000 		.word	CySysWdtIsr
 116 0058 0C020B40 		.word	1074463244
 117              		.cfi_endproc
 118              	.LFE3:
 119              		.size	ClockSetup, .-ClockSetup
 120              		.align	2
 121              		.global	cyfitter_cfg
 122              		.code	16
 123              		.thumb_func
 124              		.type	cyfitter_cfg, %function
 125              	cyfitter_cfg:
 126              	.LFB5:
 194:Generated_Source\PSoC4/cyfitter_cfg.c **** 
 195:Generated_Source\PSoC4/cyfitter_cfg.c **** 
 196:Generated_Source\PSoC4/cyfitter_cfg.c **** /* Analog API Functions */
 197:Generated_Source\PSoC4/cyfitter_cfg.c **** 
 198:Generated_Source\PSoC4/cyfitter_cfg.c **** 
 199:Generated_Source\PSoC4/cyfitter_cfg.c **** /*******************************************************************************
 200:Generated_Source\PSoC4/cyfitter_cfg.c **** * Function Name: AnalogSetDefault
 201:Generated_Source\PSoC4/cyfitter_cfg.c **** ********************************************************************************
 202:Generated_Source\PSoC4/cyfitter_cfg.c **** *
 203:Generated_Source\PSoC4/cyfitter_cfg.c **** * Summary:
 204:Generated_Source\PSoC4/cyfitter_cfg.c **** *  Sets up the analog portions of the chip to default values based on chip
 205:Generated_Source\PSoC4/cyfitter_cfg.c **** *  configuration options from the project.
 206:Generated_Source\PSoC4/cyfitter_cfg.c **** *
 207:Generated_Source\PSoC4/cyfitter_cfg.c **** * Parameters:
 208:Generated_Source\PSoC4/cyfitter_cfg.c **** *  void
 209:Generated_Source\PSoC4/cyfitter_cfg.c **** *
 210:Generated_Source\PSoC4/cyfitter_cfg.c **** * Return:
 211:Generated_Source\PSoC4/cyfitter_cfg.c **** *  void
 212:Generated_Source\PSoC4/cyfitter_cfg.c **** *
 213:Generated_Source\PSoC4/cyfitter_cfg.c **** *******************************************************************************/
 214:Generated_Source\PSoC4/cyfitter_cfg.c **** static void AnalogSetDefault(void);
 215:Generated_Source\PSoC4/cyfitter_cfg.c **** static void AnalogSetDefault(void)
 216:Generated_Source\PSoC4/cyfitter_cfg.c **** {
ARM GAS  C:\Users\ccheney\AppData\Local\Temp\cc2z3s9j.s 			page 7


 217:Generated_Source\PSoC4/cyfitter_cfg.c **** }
 218:Generated_Source\PSoC4/cyfitter_cfg.c **** 
 219:Generated_Source\PSoC4/cyfitter_cfg.c **** 
 220:Generated_Source\PSoC4/cyfitter_cfg.c **** 
 221:Generated_Source\PSoC4/cyfitter_cfg.c **** 
 222:Generated_Source\PSoC4/cyfitter_cfg.c **** /*******************************************************************************
 223:Generated_Source\PSoC4/cyfitter_cfg.c **** * Function Name: cyfitter_cfg
 224:Generated_Source\PSoC4/cyfitter_cfg.c **** ********************************************************************************
 225:Generated_Source\PSoC4/cyfitter_cfg.c **** * Summary:
 226:Generated_Source\PSoC4/cyfitter_cfg.c **** *  This function is called by the start-up code for the selected device. It
 227:Generated_Source\PSoC4/cyfitter_cfg.c **** *  performs all of the necessary device configuration based on the design
 228:Generated_Source\PSoC4/cyfitter_cfg.c **** *  settings.  This includes settings from the Design Wide Resources (DWR) such
 229:Generated_Source\PSoC4/cyfitter_cfg.c **** *  as Clocks and Pins as well as any component configuration that is necessary.
 230:Generated_Source\PSoC4/cyfitter_cfg.c **** *
 231:Generated_Source\PSoC4/cyfitter_cfg.c **** * Parameters:
 232:Generated_Source\PSoC4/cyfitter_cfg.c **** *   void
 233:Generated_Source\PSoC4/cyfitter_cfg.c **** *
 234:Generated_Source\PSoC4/cyfitter_cfg.c **** * Return:
 235:Generated_Source\PSoC4/cyfitter_cfg.c **** *   void
 236:Generated_Source\PSoC4/cyfitter_cfg.c **** *
 237:Generated_Source\PSoC4/cyfitter_cfg.c **** *******************************************************************************/
 238:Generated_Source\PSoC4/cyfitter_cfg.c **** CY_CFG_SECTION
 239:Generated_Source\PSoC4/cyfitter_cfg.c **** void cyfitter_cfg(void)
 240:Generated_Source\PSoC4/cyfitter_cfg.c **** {
 127              		.loc 1 240 0
 128              		.cfi_startproc
 129              		@ args = 0, pretend = 0, frame = 0
 130              		@ frame_needed = 0, uses_anonymous_args = 0
 131 005c 10B5     		push	{r4, lr}
 132              		.cfi_def_cfa_offset 8
 133              		.cfi_offset 4, -8
 134              		.cfi_offset 14, -4
 241:Generated_Source\PSoC4/cyfitter_cfg.c **** 	/* Disable interrupts by default. Let user enable if/when they want. */
 242:Generated_Source\PSoC4/cyfitter_cfg.c **** 	CyGlobalIntDisable;
 135              		.loc 1 242 0
 136              		.syntax divided
 137              	@ 242 "Generated_Source\PSoC4\cyfitter_cfg.c" 1
 138 005e 72B6     		CPSID   i
 139              	@ 0 "" 2
 140              	.LVL6:
 141              		.thumb
 142              		.syntax unified
 143              	.LBB2:
 243:Generated_Source\PSoC4/cyfitter_cfg.c **** 
 244:Generated_Source\PSoC4/cyfitter_cfg.c **** 	{
 245:Generated_Source\PSoC4/cyfitter_cfg.c **** 
 246:Generated_Source\PSoC4/cyfitter_cfg.c **** 		CYPACKED typedef struct {
 247:Generated_Source\PSoC4/cyfitter_cfg.c **** 			void CYFAR *address;
 248:Generated_Source\PSoC4/cyfitter_cfg.c **** 			uint16 size;
 249:Generated_Source\PSoC4/cyfitter_cfg.c **** 		} CYPACKED_ATTR cfg_memset_t;
 250:Generated_Source\PSoC4/cyfitter_cfg.c **** 
 251:Generated_Source\PSoC4/cyfitter_cfg.c **** 		static const cfg_memset_t CYCODE cfg_memset_list[] = {
 252:Generated_Source\PSoC4/cyfitter_cfg.c **** 			/* address, size */
 253:Generated_Source\PSoC4/cyfitter_cfg.c **** 			{(void CYFAR *)(CYDEV_UDB_P0_U0_BASE), 1024u},
 254:Generated_Source\PSoC4/cyfitter_cfg.c **** 			{(void CYFAR *)(CYDEV_UDB_DSI0_BASE), 1024u},
 255:Generated_Source\PSoC4/cyfitter_cfg.c **** 		};
 256:Generated_Source\PSoC4/cyfitter_cfg.c **** 
ARM GAS  C:\Users\ccheney\AppData\Local\Temp\cc2z3s9j.s 			page 8


 257:Generated_Source\PSoC4/cyfitter_cfg.c **** 		uint8 CYDATA i;
 258:Generated_Source\PSoC4/cyfitter_cfg.c **** 
 259:Generated_Source\PSoC4/cyfitter_cfg.c **** 		/* Zero out critical memory blocks before beginning configuration */
 260:Generated_Source\PSoC4/cyfitter_cfg.c **** 		for (i = 0u; i < (sizeof(cfg_memset_list)/sizeof(cfg_memset_list[0])); i++)
 144              		.loc 1 260 0
 145 0060 0024     		movs	r4, #0
 146 0062 0FE0     		b	.L6
 147              	.LVL7:
 148              	.L7:
 149              	.LBB3:
 261:Generated_Source\PSoC4/cyfitter_cfg.c **** 		{
 262:Generated_Source\PSoC4/cyfitter_cfg.c **** 			const cfg_memset_t CYCODE * CYDATA ms = &cfg_memset_list[i];
 263:Generated_Source\PSoC4/cyfitter_cfg.c **** 			CYMEMZERO(ms->address, (size_t)(uint32)(ms->size));
 150              		.loc 1 263 0 discriminator 3
 151 0064 1348     		ldr	r0, .L8
 152 0066 6200     		lsls	r2, r4, #1
 153 0068 1319     		adds	r3, r2, r4
 154 006a 5900     		lsls	r1, r3, #1
 155 006c 0B00     		movs	r3, r1
 156 006e 4118     		adds	r1, r0, r1
 157 0070 8988     		ldrh	r1, [r1, #4]
 158 0072 1A5A     		ldrh	r2, [r3, r0]
 159 0074 C318     		adds	r3, r0, r3
 160 0076 5888     		ldrh	r0, [r3, #2]
 161 0078 0004     		lsls	r0, r0, #16
 162 007a 1043     		orrs	r0, r2
 163 007c FFF7FEFF 		bl	CYMEMZERO
 164              	.LVL8:
 165              	.LBE3:
 260:Generated_Source\PSoC4/cyfitter_cfg.c **** 		{
 166              		.loc 1 260 0 discriminator 3
 167 0080 0134     		adds	r4, r4, #1
 168              	.LVL9:
 169 0082 E4B2     		uxtb	r4, r4
 170              	.LVL10:
 171              	.L6:
 260:Generated_Source\PSoC4/cyfitter_cfg.c **** 		{
 172              		.loc 1 260 0 is_stmt 0 discriminator 1
 173 0084 012C     		cmp	r4, #1
 174 0086 EDD9     		bls	.L7
 264:Generated_Source\PSoC4/cyfitter_cfg.c **** 		}
 265:Generated_Source\PSoC4/cyfitter_cfg.c **** 
 266:Generated_Source\PSoC4/cyfitter_cfg.c **** 		/* HSIOM Starting address: CYDEV_HSIOM_BASE */
 267:Generated_Source\PSoC4/cyfitter_cfg.c **** 		CY_SET_REG32((void *)(CYREG_HSIOM_PORT_SEL3), 0x0000EE00u);
 175              		.loc 1 267 0 is_stmt 1
 176 0088 EE22     		movs	r2, #238
 177 008a 1202     		lsls	r2, r2, #8
 178 008c 0A4B     		ldr	r3, .L8+4
 179 008e 1A60     		str	r2, [r3]
 268:Generated_Source\PSoC4/cyfitter_cfg.c **** 
 269:Generated_Source\PSoC4/cyfitter_cfg.c **** 		/* UDB_PA_3 Starting address: CYDEV_UDB_PA3_BASE */
 270:Generated_Source\PSoC4/cyfitter_cfg.c **** 		CY_SET_REG32((void *)(CYDEV_UDB_PA3_BASE), 0x00990000u);
 180              		.loc 1 270 0
 181 0090 9922     		movs	r2, #153
 182 0092 1204     		lsls	r2, r2, #16
 183 0094 094B     		ldr	r3, .L8+8
 184 0096 1A60     		str	r2, [r3]
ARM GAS  C:\Users\ccheney\AppData\Local\Temp\cc2z3s9j.s 			page 9


 271:Generated_Source\PSoC4/cyfitter_cfg.c **** 
 272:Generated_Source\PSoC4/cyfitter_cfg.c **** 		/* Enable digital routing */
 273:Generated_Source\PSoC4/cyfitter_cfg.c **** 		CY_SET_XTND_REG8((void *)CYREG_UDB_UDBIF_BANK_CTL, (uint8)(CY_GET_XTND_REG8((void *)CYREG_UDB_UDB
 185              		.loc 1 273 0
 186 0098 094A     		ldr	r2, .L8+12
 187 009a 1178     		ldrb	r1, [r2]
 188 009c 0623     		movs	r3, #6
 189 009e 0B43     		orrs	r3, r1
 190 00a0 DBB2     		uxtb	r3, r3
 191 00a2 1370     		strb	r3, [r2]
 192              	.LBE2:
 274:Generated_Source\PSoC4/cyfitter_cfg.c **** 	}
 275:Generated_Source\PSoC4/cyfitter_cfg.c **** 
 276:Generated_Source\PSoC4/cyfitter_cfg.c **** 	/* Perform second pass device configuration. These items must be configured in specific order afte
 277:Generated_Source\PSoC4/cyfitter_cfg.c **** 	/* IOPINS0_3 Starting address: CYDEV_PRT3_BASE */
 278:Generated_Source\PSoC4/cyfitter_cfg.c **** 	CY_SET_REG32((void *)(CYREG_PRT3_PC), 0x00000D80u);
 193              		.loc 1 278 0
 194 00a4 D822     		movs	r2, #216
 195 00a6 1201     		lsls	r2, r2, #4
 196 00a8 064B     		ldr	r3, .L8+16
 197 00aa 1A60     		str	r2, [r3]
 279:Generated_Source\PSoC4/cyfitter_cfg.c **** 
 280:Generated_Source\PSoC4/cyfitter_cfg.c **** 
 281:Generated_Source\PSoC4/cyfitter_cfg.c **** 	/* Setup clocks based on selections from Clock DWR */
 282:Generated_Source\PSoC4/cyfitter_cfg.c **** 	ClockSetup();
 198              		.loc 1 282 0
 199 00ac FFF7A8FF 		bl	ClockSetup
 200              	.LVL11:
 283:Generated_Source\PSoC4/cyfitter_cfg.c **** 
 284:Generated_Source\PSoC4/cyfitter_cfg.c **** 	/* Perform basic analog initialization to defaults */
 285:Generated_Source\PSoC4/cyfitter_cfg.c **** 	AnalogSetDefault();
 286:Generated_Source\PSoC4/cyfitter_cfg.c **** 
 287:Generated_Source\PSoC4/cyfitter_cfg.c **** }
 201              		.loc 1 287 0
 202              		@ sp needed
 203              	.LVL12:
 204 00b0 10BD     		pop	{r4, pc}
 205              	.L9:
 206 00b2 C046     		.align	2
 207              	.L8:
 208 00b4 00000000 		.word	.LANCHOR0
 209 00b8 0C000140 		.word	1073807372
 210 00bc 30500F40 		.word	1074745392
 211 00c0 00700F40 		.word	1074753536
 212 00c4 08030440 		.word	1074004744
 213              		.cfi_endproc
 214              	.LFE5:
 215              		.size	cyfitter_cfg, .-cyfitter_cfg
 216              		.section	.rodata
 217              		.align	2
 218              		.set	.LANCHOR0,. + 0
 219              		.type	cfg_memset_list.4847, %object
 220              		.size	cfg_memset_list.4847, 12
 221              	cfg_memset_list.4847:
 222 0000 00300F40 		.word	1074737152
 223 0004 0004     		.short	1024
 224 0006 00400F40 		.4byte	1074741248
ARM GAS  C:\Users\ccheney\AppData\Local\Temp\cc2z3s9j.s 			page 10


 225 000a 0004     		.short	1024
 226              		.text
 227              	.Letext0:
 228              		.file 2 "c:\\program files (x86)\\cypress\\psoc creator\\4.2\\psoc creator\\import\\gnu\\arm\\5.4.
 229              		.file 3 "Generated_Source\\PSoC4\\cytypes.h"
 230              		.file 4 "Generated_Source\\PSoC4\\CyLib.h"
 231              		.section	.debug_info,"",%progbits
 232              	.Ldebug_info0:
 233 0000 74020000 		.4byte	0x274
 234 0004 0400     		.2byte	0x4
 235 0006 00000000 		.4byte	.Ldebug_abbrev0
 236 000a 04       		.byte	0x4
 237 000b 01       		.uleb128 0x1
 238 000c 48010000 		.4byte	.LASF29
 239 0010 0C       		.byte	0xc
 240 0011 3F020000 		.4byte	.LASF30
 241 0015 7C000000 		.4byte	.LASF31
 242 0019 00000000 		.4byte	.Ldebug_ranges0+0
 243 001d 00000000 		.4byte	0
 244 0021 00000000 		.4byte	.Ldebug_line0
 245 0025 02       		.uleb128 0x2
 246 0026 04       		.byte	0x4
 247 0027 05       		.byte	0x5
 248 0028 696E7400 		.ascii	"int\000"
 249 002c 03       		.uleb128 0x3
 250 002d 06000000 		.4byte	.LASF12
 251 0031 02       		.byte	0x2
 252 0032 D8       		.byte	0xd8
 253 0033 37000000 		.4byte	0x37
 254 0037 04       		.uleb128 0x4
 255 0038 04       		.byte	0x4
 256 0039 07       		.byte	0x7
 257 003a 0F010000 		.4byte	.LASF0
 258 003e 04       		.uleb128 0x4
 259 003f 08       		.byte	0x8
 260 0040 05       		.byte	0x5
 261 0041 EC010000 		.4byte	.LASF1
 262 0045 04       		.uleb128 0x4
 263 0046 08       		.byte	0x8
 264 0047 04       		.byte	0x4
 265 0048 27020000 		.4byte	.LASF2
 266 004c 04       		.uleb128 0x4
 267 004d 01       		.byte	0x1
 268 004e 06       		.byte	0x6
 269 004f 33020000 		.4byte	.LASF3
 270 0053 04       		.uleb128 0x4
 271 0054 01       		.byte	0x1
 272 0055 08       		.byte	0x8
 273 0056 D9000000 		.4byte	.LASF4
 274 005a 04       		.uleb128 0x4
 275 005b 02       		.byte	0x2
 276 005c 05       		.byte	0x5
 277 005d FF010000 		.4byte	.LASF5
 278 0061 04       		.uleb128 0x4
 279 0062 02       		.byte	0x2
 280 0063 07       		.byte	0x7
 281 0064 37000000 		.4byte	.LASF6
ARM GAS  C:\Users\ccheney\AppData\Local\Temp\cc2z3s9j.s 			page 11


 282 0068 04       		.uleb128 0x4
 283 0069 04       		.byte	0x4
 284 006a 05       		.byte	0x5
 285 006b 1E020000 		.4byte	.LASF7
 286 006f 04       		.uleb128 0x4
 287 0070 04       		.byte	0x4
 288 0071 07       		.byte	0x7
 289 0072 5A000000 		.4byte	.LASF8
 290 0076 04       		.uleb128 0x4
 291 0077 08       		.byte	0x8
 292 0078 07       		.byte	0x7
 293 0079 31010000 		.4byte	.LASF9
 294 007d 04       		.uleb128 0x4
 295 007e 04       		.byte	0x4
 296 007f 07       		.byte	0x7
 297 0080 E3010000 		.4byte	.LASF10
 298 0084 05       		.uleb128 0x5
 299 0085 04       		.byte	0x4
 300 0086 04       		.uleb128 0x4
 301 0087 01       		.byte	0x1
 302 0088 08       		.byte	0x8
 303 0089 FA010000 		.4byte	.LASF11
 304 008d 06       		.uleb128 0x6
 305 008e 6C000000 		.4byte	.LASF13
 306 0092 03       		.byte	0x3
 307 0093 E401     		.2byte	0x1e4
 308 0095 53000000 		.4byte	0x53
 309 0099 06       		.uleb128 0x6
 310 009a 01010000 		.4byte	.LASF14
 311 009e 03       		.byte	0x3
 312 009f E501     		.2byte	0x1e5
 313 00a1 61000000 		.4byte	0x61
 314 00a5 06       		.uleb128 0x6
 315 00a6 08010000 		.4byte	.LASF15
 316 00aa 03       		.byte	0x3
 317 00ab E601     		.2byte	0x1e6
 318 00ad 6F000000 		.4byte	0x6f
 319 00b1 04       		.uleb128 0x4
 320 00b2 04       		.byte	0x4
 321 00b3 04       		.byte	0x4
 322 00b4 4A000000 		.4byte	.LASF16
 323 00b8 04       		.uleb128 0x4
 324 00b9 08       		.byte	0x8
 325 00ba 04       		.byte	0x4
 326 00bb EE000000 		.4byte	.LASF17
 327 00bf 06       		.uleb128 0x6
 328 00c0 55000000 		.4byte	.LASF18
 329 00c4 03       		.byte	0x3
 330 00c5 8E02     		.2byte	0x28e
 331 00c7 CB000000 		.4byte	0xcb
 332 00cb 07       		.uleb128 0x7
 333 00cc 8D000000 		.4byte	0x8d
 334 00d0 06       		.uleb128 0x6
 335 00d1 00000000 		.4byte	.LASF19
 336 00d5 03       		.byte	0x3
 337 00d6 9002     		.2byte	0x290
 338 00d8 DC000000 		.4byte	0xdc
ARM GAS  C:\Users\ccheney\AppData\Local\Temp\cc2z3s9j.s 			page 12


 339 00dc 07       		.uleb128 0x7
 340 00dd A5000000 		.4byte	0xa5
 341 00e1 08       		.uleb128 0x8
 342 00e2 72000000 		.4byte	.LASF20
 343 00e6 01       		.byte	0x1
 344 00e7 4C       		.byte	0x4c
 345 00e8 00000000 		.4byte	.LFB0
 346 00ec 0C000000 		.4byte	.LFE0-.LFB0
 347 00f0 01       		.uleb128 0x1
 348 00f1 9C       		.byte	0x9c
 349 00f2 2E010000 		.4byte	0x12e
 350 00f6 09       		.uleb128 0x9
 351 00f7 7300     		.ascii	"s\000"
 352 00f9 01       		.byte	0x1
 353 00fa 4C       		.byte	0x4c
 354 00fb 84000000 		.4byte	0x84
 355 00ff 00000000 		.4byte	.LLST0
 356 0103 09       		.uleb128 0x9
 357 0104 6E00     		.ascii	"n\000"
 358 0106 01       		.byte	0x1
 359 0107 4C       		.byte	0x4c
 360 0108 2C000000 		.4byte	0x2c
 361 010c 21000000 		.4byte	.LLST1
 362 0110 0A       		.uleb128 0xa
 363 0111 0A000000 		.4byte	.LVL2
 364 0115 4D020000 		.4byte	0x24d
 365 0119 0B       		.uleb128 0xb
 366 011a 01       		.uleb128 0x1
 367 011b 50       		.byte	0x50
 368 011c 03       		.uleb128 0x3
 369 011d F3       		.byte	0xf3
 370 011e 01       		.uleb128 0x1
 371 011f 50       		.byte	0x50
 372 0120 0B       		.uleb128 0xb
 373 0121 01       		.uleb128 0x1
 374 0122 51       		.byte	0x51
 375 0123 01       		.uleb128 0x1
 376 0124 30       		.byte	0x30
 377 0125 0B       		.uleb128 0xb
 378 0126 01       		.uleb128 0x1
 379 0127 52       		.byte	0x52
 380 0128 03       		.uleb128 0x3
 381 0129 F3       		.byte	0xf3
 382 012a 01       		.uleb128 0x1
 383 012b 51       		.byte	0x51
 384 012c 00       		.byte	0
 385 012d 00       		.byte	0
 386 012e 08       		.uleb128 0x8
 387 012f 2C000000 		.4byte	.LASF21
 388 0133 01       		.byte	0x1
 389 0134 AA       		.byte	0xaa
 390 0135 00000000 		.4byte	.LFB3
 391 0139 5C000000 		.4byte	.LFE3-.LFB3
 392 013d 01       		.uleb128 0x1
 393 013e 9C       		.byte	0x9c
 394 013f 79010000 		.4byte	0x179
 395 0143 0C       		.uleb128 0xc
ARM GAS  C:\Users\ccheney\AppData\Local\Temp\cc2z3s9j.s 			page 13


 396 0144 14000000 		.4byte	.LVL3
 397 0148 56020000 		.4byte	0x256
 398 014c 56010000 		.4byte	0x156
 399 0150 0B       		.uleb128 0xb
 400 0151 01       		.uleb128 0x1
 401 0152 50       		.byte	0x50
 402 0153 01       		.uleb128 0x1
 403 0154 48       		.byte	0x48
 404 0155 00       		.byte	0
 405 0156 0C       		.uleb128 0xc
 406 0157 34000000 		.4byte	.LVL4
 407 015b 61020000 		.4byte	0x261
 408 015f 69010000 		.4byte	0x169
 409 0163 0B       		.uleb128 0xb
 410 0164 01       		.uleb128 0x1
 411 0165 50       		.byte	0x50
 412 0166 01       		.uleb128 0x1
 413 0167 39       		.byte	0x39
 414 0168 00       		.byte	0
 415 0169 0A       		.uleb128 0xa
 416 016a 3A000000 		.4byte	.LVL5
 417 016e 6C020000 		.4byte	0x26c
 418 0172 0B       		.uleb128 0xb
 419 0173 01       		.uleb128 0x1
 420 0174 50       		.byte	0x50
 421 0175 01       		.uleb128 0x1
 422 0176 39       		.byte	0x39
 423 0177 00       		.byte	0
 424 0178 00       		.byte	0
 425 0179 0D       		.uleb128 0xd
 426 017a 1C010000 		.4byte	.LASF32
 427 017e 01       		.byte	0x1
 428 017f EF       		.byte	0xef
 429 0180 5C000000 		.4byte	.LFB5
 430 0184 6C000000 		.4byte	.LFE5-.LFB5
 431 0188 01       		.uleb128 0x1
 432 0189 9C       		.byte	0x9c
 433 018a 4D020000 		.4byte	0x24d
 434 018e 0E       		.uleb128 0xe
 435 018f 60000000 		.4byte	.LBB2
 436 0193 44000000 		.4byte	.LBE2-.LBB2
 437 0197 43020000 		.4byte	0x243
 438 019b 0F       		.uleb128 0xf
 439 019c 06       		.byte	0x6
 440 019d 01       		.byte	0x1
 441 019e F6       		.byte	0xf6
 442 019f BC010000 		.4byte	0x1bc
 443 01a3 10       		.uleb128 0x10
 444 01a4 29010000 		.4byte	.LASF22
 445 01a8 01       		.byte	0x1
 446 01a9 F7       		.byte	0xf7
 447 01aa 84000000 		.4byte	0x84
 448 01ae 00       		.byte	0
 449 01af 10       		.uleb128 0x10
 450 01b0 50000000 		.4byte	.LASF23
 451 01b4 01       		.byte	0x1
 452 01b5 F8       		.byte	0xf8
ARM GAS  C:\Users\ccheney\AppData\Local\Temp\cc2z3s9j.s 			page 14


 453 01b6 99000000 		.4byte	0x99
 454 01ba 04       		.byte	0x4
 455 01bb 00       		.byte	0
 456 01bc 03       		.uleb128 0x3
 457 01bd D6010000 		.4byte	.LASF24
 458 01c1 01       		.byte	0x1
 459 01c2 F9       		.byte	0xf9
 460 01c3 9B010000 		.4byte	0x19b
 461 01c7 11       		.uleb128 0x11
 462 01c8 D7010000 		.4byte	0x1d7
 463 01cc D7010000 		.4byte	0x1d7
 464 01d0 12       		.uleb128 0x12
 465 01d1 7D000000 		.4byte	0x7d
 466 01d5 01       		.byte	0x1
 467 01d6 00       		.byte	0
 468 01d7 13       		.uleb128 0x13
 469 01d8 BC010000 		.4byte	0x1bc
 470 01dc 14       		.uleb128 0x14
 471 01dd 1C000000 		.4byte	.LASF25
 472 01e1 01       		.byte	0x1
 473 01e2 FB       		.byte	0xfb
 474 01e3 ED010000 		.4byte	0x1ed
 475 01e7 05       		.uleb128 0x5
 476 01e8 03       		.byte	0x3
 477 01e9 00000000 		.4byte	cfg_memset_list.4847
 478 01ed 13       		.uleb128 0x13
 479 01ee C7010000 		.4byte	0x1c7
 480 01f2 15       		.uleb128 0x15
 481 01f3 6900     		.ascii	"i\000"
 482 01f5 01       		.byte	0x1
 483 01f6 0101     		.2byte	0x101
 484 01f8 8D000000 		.4byte	0x8d
 485 01fc 4D000000 		.4byte	.LLST2
 486 0200 16       		.uleb128 0x16
 487 0201 64000000 		.4byte	.LBB3
 488 0205 1C000000 		.4byte	.LBE3-.LBB3
 489 0209 15       		.uleb128 0x15
 490 020a 6D7300   		.ascii	"ms\000"
 491 020d 01       		.byte	0x1
 492 020e 0601     		.2byte	0x106
 493 0210 18020000 		.4byte	0x218
 494 0214 77000000 		.4byte	.LLST3
 495 0218 17       		.uleb128 0x17
 496 0219 04       		.byte	0x4
 497 021a D7010000 		.4byte	0x1d7
 498 021e 0A       		.uleb128 0xa
 499 021f 80000000 		.4byte	.LVL8
 500 0223 E1000000 		.4byte	0xe1
 501 0227 0B       		.uleb128 0xb
 502 0228 01       		.uleb128 0x1
 503 0229 51       		.byte	0x51
 504 022a 15       		.uleb128 0x15
 505 022b 74       		.byte	0x74
 506 022c 00       		.sleb128 0
 507 022d 31       		.byte	0x31
 508 022e 24       		.byte	0x24
 509 022f 74       		.byte	0x74
ARM GAS  C:\Users\ccheney\AppData\Local\Temp\cc2z3s9j.s 			page 15


 510 0230 00       		.sleb128 0
 511 0231 22       		.byte	0x22
 512 0232 31       		.byte	0x31
 513 0233 24       		.byte	0x24
 514 0234 03       		.byte	0x3
 515 0235 04000000 		.4byte	.LANCHOR0+4
 516 0239 22       		.byte	0x22
 517 023a 94       		.byte	0x94
 518 023b 02       		.byte	0x2
 519 023c 0A       		.byte	0xa
 520 023d FFFF     		.2byte	0xffff
 521 023f 1A       		.byte	0x1a
 522 0240 00       		.byte	0
 523 0241 00       		.byte	0
 524 0242 00       		.byte	0
 525 0243 18       		.uleb128 0x18
 526 0244 B0000000 		.4byte	.LVL11
 527 0248 2E010000 		.4byte	0x12e
 528 024c 00       		.byte	0
 529 024d 19       		.uleb128 0x19
 530 024e E7000000 		.4byte	.LASF33
 531 0252 E7000000 		.4byte	.LASF33
 532 0256 1A       		.uleb128 0x1a
 533 0257 09020000 		.4byte	.LASF26
 534 025b 09020000 		.4byte	.LASF26
 535 025f 04       		.byte	0x4
 536 0260 6C       		.byte	0x6c
 537 0261 1A       		.uleb128 0x1a
 538 0262 0D000000 		.4byte	.LASF27
 539 0266 0D000000 		.4byte	.LASF27
 540 026a 04       		.byte	0x4
 541 026b BD       		.byte	0xbd
 542 026c 1A       		.uleb128 0x1a
 543 026d F5000000 		.4byte	.LASF28
 544 0271 F5000000 		.4byte	.LASF28
 545 0275 04       		.byte	0x4
 546 0276 C3       		.byte	0xc3
 547 0277 00       		.byte	0
 548              		.section	.debug_abbrev,"",%progbits
 549              	.Ldebug_abbrev0:
 550 0000 01       		.uleb128 0x1
 551 0001 11       		.uleb128 0x11
 552 0002 01       		.byte	0x1
 553 0003 25       		.uleb128 0x25
 554 0004 0E       		.uleb128 0xe
 555 0005 13       		.uleb128 0x13
 556 0006 0B       		.uleb128 0xb
 557 0007 03       		.uleb128 0x3
 558 0008 0E       		.uleb128 0xe
 559 0009 1B       		.uleb128 0x1b
 560 000a 0E       		.uleb128 0xe
 561 000b 55       		.uleb128 0x55
 562 000c 17       		.uleb128 0x17
 563 000d 11       		.uleb128 0x11
 564 000e 01       		.uleb128 0x1
 565 000f 10       		.uleb128 0x10
 566 0010 17       		.uleb128 0x17
ARM GAS  C:\Users\ccheney\AppData\Local\Temp\cc2z3s9j.s 			page 16


 567 0011 00       		.byte	0
 568 0012 00       		.byte	0
 569 0013 02       		.uleb128 0x2
 570 0014 24       		.uleb128 0x24
 571 0015 00       		.byte	0
 572 0016 0B       		.uleb128 0xb
 573 0017 0B       		.uleb128 0xb
 574 0018 3E       		.uleb128 0x3e
 575 0019 0B       		.uleb128 0xb
 576 001a 03       		.uleb128 0x3
 577 001b 08       		.uleb128 0x8
 578 001c 00       		.byte	0
 579 001d 00       		.byte	0
 580 001e 03       		.uleb128 0x3
 581 001f 16       		.uleb128 0x16
 582 0020 00       		.byte	0
 583 0021 03       		.uleb128 0x3
 584 0022 0E       		.uleb128 0xe
 585 0023 3A       		.uleb128 0x3a
 586 0024 0B       		.uleb128 0xb
 587 0025 3B       		.uleb128 0x3b
 588 0026 0B       		.uleb128 0xb
 589 0027 49       		.uleb128 0x49
 590 0028 13       		.uleb128 0x13
 591 0029 00       		.byte	0
 592 002a 00       		.byte	0
 593 002b 04       		.uleb128 0x4
 594 002c 24       		.uleb128 0x24
 595 002d 00       		.byte	0
 596 002e 0B       		.uleb128 0xb
 597 002f 0B       		.uleb128 0xb
 598 0030 3E       		.uleb128 0x3e
 599 0031 0B       		.uleb128 0xb
 600 0032 03       		.uleb128 0x3
 601 0033 0E       		.uleb128 0xe
 602 0034 00       		.byte	0
 603 0035 00       		.byte	0
 604 0036 05       		.uleb128 0x5
 605 0037 0F       		.uleb128 0xf
 606 0038 00       		.byte	0
 607 0039 0B       		.uleb128 0xb
 608 003a 0B       		.uleb128 0xb
 609 003b 00       		.byte	0
 610 003c 00       		.byte	0
 611 003d 06       		.uleb128 0x6
 612 003e 16       		.uleb128 0x16
 613 003f 00       		.byte	0
 614 0040 03       		.uleb128 0x3
 615 0041 0E       		.uleb128 0xe
 616 0042 3A       		.uleb128 0x3a
 617 0043 0B       		.uleb128 0xb
 618 0044 3B       		.uleb128 0x3b
 619 0045 05       		.uleb128 0x5
 620 0046 49       		.uleb128 0x49
 621 0047 13       		.uleb128 0x13
 622 0048 00       		.byte	0
 623 0049 00       		.byte	0
ARM GAS  C:\Users\ccheney\AppData\Local\Temp\cc2z3s9j.s 			page 17


 624 004a 07       		.uleb128 0x7
 625 004b 35       		.uleb128 0x35
 626 004c 00       		.byte	0
 627 004d 49       		.uleb128 0x49
 628 004e 13       		.uleb128 0x13
 629 004f 00       		.byte	0
 630 0050 00       		.byte	0
 631 0051 08       		.uleb128 0x8
 632 0052 2E       		.uleb128 0x2e
 633 0053 01       		.byte	0x1
 634 0054 03       		.uleb128 0x3
 635 0055 0E       		.uleb128 0xe
 636 0056 3A       		.uleb128 0x3a
 637 0057 0B       		.uleb128 0xb
 638 0058 3B       		.uleb128 0x3b
 639 0059 0B       		.uleb128 0xb
 640 005a 27       		.uleb128 0x27
 641 005b 19       		.uleb128 0x19
 642 005c 11       		.uleb128 0x11
 643 005d 01       		.uleb128 0x1
 644 005e 12       		.uleb128 0x12
 645 005f 06       		.uleb128 0x6
 646 0060 40       		.uleb128 0x40
 647 0061 18       		.uleb128 0x18
 648 0062 9742     		.uleb128 0x2117
 649 0064 19       		.uleb128 0x19
 650 0065 01       		.uleb128 0x1
 651 0066 13       		.uleb128 0x13
 652 0067 00       		.byte	0
 653 0068 00       		.byte	0
 654 0069 09       		.uleb128 0x9
 655 006a 05       		.uleb128 0x5
 656 006b 00       		.byte	0
 657 006c 03       		.uleb128 0x3
 658 006d 08       		.uleb128 0x8
 659 006e 3A       		.uleb128 0x3a
 660 006f 0B       		.uleb128 0xb
 661 0070 3B       		.uleb128 0x3b
 662 0071 0B       		.uleb128 0xb
 663 0072 49       		.uleb128 0x49
 664 0073 13       		.uleb128 0x13
 665 0074 02       		.uleb128 0x2
 666 0075 17       		.uleb128 0x17
 667 0076 00       		.byte	0
 668 0077 00       		.byte	0
 669 0078 0A       		.uleb128 0xa
 670 0079 898201   		.uleb128 0x4109
 671 007c 01       		.byte	0x1
 672 007d 11       		.uleb128 0x11
 673 007e 01       		.uleb128 0x1
 674 007f 31       		.uleb128 0x31
 675 0080 13       		.uleb128 0x13
 676 0081 00       		.byte	0
 677 0082 00       		.byte	0
 678 0083 0B       		.uleb128 0xb
 679 0084 8A8201   		.uleb128 0x410a
 680 0087 00       		.byte	0
ARM GAS  C:\Users\ccheney\AppData\Local\Temp\cc2z3s9j.s 			page 18


 681 0088 02       		.uleb128 0x2
 682 0089 18       		.uleb128 0x18
 683 008a 9142     		.uleb128 0x2111
 684 008c 18       		.uleb128 0x18
 685 008d 00       		.byte	0
 686 008e 00       		.byte	0
 687 008f 0C       		.uleb128 0xc
 688 0090 898201   		.uleb128 0x4109
 689 0093 01       		.byte	0x1
 690 0094 11       		.uleb128 0x11
 691 0095 01       		.uleb128 0x1
 692 0096 31       		.uleb128 0x31
 693 0097 13       		.uleb128 0x13
 694 0098 01       		.uleb128 0x1
 695 0099 13       		.uleb128 0x13
 696 009a 00       		.byte	0
 697 009b 00       		.byte	0
 698 009c 0D       		.uleb128 0xd
 699 009d 2E       		.uleb128 0x2e
 700 009e 01       		.byte	0x1
 701 009f 3F       		.uleb128 0x3f
 702 00a0 19       		.uleb128 0x19
 703 00a1 03       		.uleb128 0x3
 704 00a2 0E       		.uleb128 0xe
 705 00a3 3A       		.uleb128 0x3a
 706 00a4 0B       		.uleb128 0xb
 707 00a5 3B       		.uleb128 0x3b
 708 00a6 0B       		.uleb128 0xb
 709 00a7 27       		.uleb128 0x27
 710 00a8 19       		.uleb128 0x19
 711 00a9 11       		.uleb128 0x11
 712 00aa 01       		.uleb128 0x1
 713 00ab 12       		.uleb128 0x12
 714 00ac 06       		.uleb128 0x6
 715 00ad 40       		.uleb128 0x40
 716 00ae 18       		.uleb128 0x18
 717 00af 9742     		.uleb128 0x2117
 718 00b1 19       		.uleb128 0x19
 719 00b2 01       		.uleb128 0x1
 720 00b3 13       		.uleb128 0x13
 721 00b4 00       		.byte	0
 722 00b5 00       		.byte	0
 723 00b6 0E       		.uleb128 0xe
 724 00b7 0B       		.uleb128 0xb
 725 00b8 01       		.byte	0x1
 726 00b9 11       		.uleb128 0x11
 727 00ba 01       		.uleb128 0x1
 728 00bb 12       		.uleb128 0x12
 729 00bc 06       		.uleb128 0x6
 730 00bd 01       		.uleb128 0x1
 731 00be 13       		.uleb128 0x13
 732 00bf 00       		.byte	0
 733 00c0 00       		.byte	0
 734 00c1 0F       		.uleb128 0xf
 735 00c2 13       		.uleb128 0x13
 736 00c3 01       		.byte	0x1
 737 00c4 0B       		.uleb128 0xb
ARM GAS  C:\Users\ccheney\AppData\Local\Temp\cc2z3s9j.s 			page 19


 738 00c5 0B       		.uleb128 0xb
 739 00c6 3A       		.uleb128 0x3a
 740 00c7 0B       		.uleb128 0xb
 741 00c8 3B       		.uleb128 0x3b
 742 00c9 0B       		.uleb128 0xb
 743 00ca 01       		.uleb128 0x1
 744 00cb 13       		.uleb128 0x13
 745 00cc 00       		.byte	0
 746 00cd 00       		.byte	0
 747 00ce 10       		.uleb128 0x10
 748 00cf 0D       		.uleb128 0xd
 749 00d0 00       		.byte	0
 750 00d1 03       		.uleb128 0x3
 751 00d2 0E       		.uleb128 0xe
 752 00d3 3A       		.uleb128 0x3a
 753 00d4 0B       		.uleb128 0xb
 754 00d5 3B       		.uleb128 0x3b
 755 00d6 0B       		.uleb128 0xb
 756 00d7 49       		.uleb128 0x49
 757 00d8 13       		.uleb128 0x13
 758 00d9 38       		.uleb128 0x38
 759 00da 0B       		.uleb128 0xb
 760 00db 00       		.byte	0
 761 00dc 00       		.byte	0
 762 00dd 11       		.uleb128 0x11
 763 00de 01       		.uleb128 0x1
 764 00df 01       		.byte	0x1
 765 00e0 49       		.uleb128 0x49
 766 00e1 13       		.uleb128 0x13
 767 00e2 01       		.uleb128 0x1
 768 00e3 13       		.uleb128 0x13
 769 00e4 00       		.byte	0
 770 00e5 00       		.byte	0
 771 00e6 12       		.uleb128 0x12
 772 00e7 21       		.uleb128 0x21
 773 00e8 00       		.byte	0
 774 00e9 49       		.uleb128 0x49
 775 00ea 13       		.uleb128 0x13
 776 00eb 2F       		.uleb128 0x2f
 777 00ec 0B       		.uleb128 0xb
 778 00ed 00       		.byte	0
 779 00ee 00       		.byte	0
 780 00ef 13       		.uleb128 0x13
 781 00f0 26       		.uleb128 0x26
 782 00f1 00       		.byte	0
 783 00f2 49       		.uleb128 0x49
 784 00f3 13       		.uleb128 0x13
 785 00f4 00       		.byte	0
 786 00f5 00       		.byte	0
 787 00f6 14       		.uleb128 0x14
 788 00f7 34       		.uleb128 0x34
 789 00f8 00       		.byte	0
 790 00f9 03       		.uleb128 0x3
 791 00fa 0E       		.uleb128 0xe
 792 00fb 3A       		.uleb128 0x3a
 793 00fc 0B       		.uleb128 0xb
 794 00fd 3B       		.uleb128 0x3b
ARM GAS  C:\Users\ccheney\AppData\Local\Temp\cc2z3s9j.s 			page 20


 795 00fe 0B       		.uleb128 0xb
 796 00ff 49       		.uleb128 0x49
 797 0100 13       		.uleb128 0x13
 798 0101 02       		.uleb128 0x2
 799 0102 18       		.uleb128 0x18
 800 0103 00       		.byte	0
 801 0104 00       		.byte	0
 802 0105 15       		.uleb128 0x15
 803 0106 34       		.uleb128 0x34
 804 0107 00       		.byte	0
 805 0108 03       		.uleb128 0x3
 806 0109 08       		.uleb128 0x8
 807 010a 3A       		.uleb128 0x3a
 808 010b 0B       		.uleb128 0xb
 809 010c 3B       		.uleb128 0x3b
 810 010d 05       		.uleb128 0x5
 811 010e 49       		.uleb128 0x49
 812 010f 13       		.uleb128 0x13
 813 0110 02       		.uleb128 0x2
 814 0111 17       		.uleb128 0x17
 815 0112 00       		.byte	0
 816 0113 00       		.byte	0
 817 0114 16       		.uleb128 0x16
 818 0115 0B       		.uleb128 0xb
 819 0116 01       		.byte	0x1
 820 0117 11       		.uleb128 0x11
 821 0118 01       		.uleb128 0x1
 822 0119 12       		.uleb128 0x12
 823 011a 06       		.uleb128 0x6
 824 011b 00       		.byte	0
 825 011c 00       		.byte	0
 826 011d 17       		.uleb128 0x17
 827 011e 0F       		.uleb128 0xf
 828 011f 00       		.byte	0
 829 0120 0B       		.uleb128 0xb
 830 0121 0B       		.uleb128 0xb
 831 0122 49       		.uleb128 0x49
 832 0123 13       		.uleb128 0x13
 833 0124 00       		.byte	0
 834 0125 00       		.byte	0
 835 0126 18       		.uleb128 0x18
 836 0127 898201   		.uleb128 0x4109
 837 012a 00       		.byte	0
 838 012b 11       		.uleb128 0x11
 839 012c 01       		.uleb128 0x1
 840 012d 31       		.uleb128 0x31
 841 012e 13       		.uleb128 0x13
 842 012f 00       		.byte	0
 843 0130 00       		.byte	0
 844 0131 19       		.uleb128 0x19
 845 0132 2E       		.uleb128 0x2e
 846 0133 00       		.byte	0
 847 0134 3F       		.uleb128 0x3f
 848 0135 19       		.uleb128 0x19
 849 0136 3C       		.uleb128 0x3c
 850 0137 19       		.uleb128 0x19
 851 0138 6E       		.uleb128 0x6e
ARM GAS  C:\Users\ccheney\AppData\Local\Temp\cc2z3s9j.s 			page 21


 852 0139 0E       		.uleb128 0xe
 853 013a 03       		.uleb128 0x3
 854 013b 0E       		.uleb128 0xe
 855 013c 00       		.byte	0
 856 013d 00       		.byte	0
 857 013e 1A       		.uleb128 0x1a
 858 013f 2E       		.uleb128 0x2e
 859 0140 00       		.byte	0
 860 0141 3F       		.uleb128 0x3f
 861 0142 19       		.uleb128 0x19
 862 0143 3C       		.uleb128 0x3c
 863 0144 19       		.uleb128 0x19
 864 0145 6E       		.uleb128 0x6e
 865 0146 0E       		.uleb128 0xe
 866 0147 03       		.uleb128 0x3
 867 0148 0E       		.uleb128 0xe
 868 0149 3A       		.uleb128 0x3a
 869 014a 0B       		.uleb128 0xb
 870 014b 3B       		.uleb128 0x3b
 871 014c 0B       		.uleb128 0xb
 872 014d 00       		.byte	0
 873 014e 00       		.byte	0
 874 014f 00       		.byte	0
 875              		.section	.debug_loc,"",%progbits
 876              	.Ldebug_loc0:
 877              	.LLST0:
 878 0000 00000000 		.4byte	.LVL0
 879 0004 09000000 		.4byte	.LVL2-1
 880 0008 0100     		.2byte	0x1
 881 000a 50       		.byte	0x50
 882 000b 09000000 		.4byte	.LVL2-1
 883 000f 0C000000 		.4byte	.LFE0
 884 0013 0400     		.2byte	0x4
 885 0015 F3       		.byte	0xf3
 886 0016 01       		.uleb128 0x1
 887 0017 50       		.byte	0x50
 888 0018 9F       		.byte	0x9f
 889 0019 00000000 		.4byte	0
 890 001d 00000000 		.4byte	0
 891              	.LLST1:
 892 0021 00000000 		.4byte	.LVL0
 893 0025 06000000 		.4byte	.LVL1
 894 0029 0100     		.2byte	0x1
 895 002b 51       		.byte	0x51
 896 002c 06000000 		.4byte	.LVL1
 897 0030 09000000 		.4byte	.LVL2-1
 898 0034 0100     		.2byte	0x1
 899 0036 52       		.byte	0x52
 900 0037 09000000 		.4byte	.LVL2-1
 901 003b 0C000000 		.4byte	.LFE0
 902 003f 0400     		.2byte	0x4
 903 0041 F3       		.byte	0xf3
 904 0042 01       		.uleb128 0x1
 905 0043 51       		.byte	0x51
 906 0044 9F       		.byte	0x9f
 907 0045 00000000 		.4byte	0
 908 0049 00000000 		.4byte	0
ARM GAS  C:\Users\ccheney\AppData\Local\Temp\cc2z3s9j.s 			page 22


 909              	.LLST2:
 910 004d 60000000 		.4byte	.LVL6
 911 0051 64000000 		.4byte	.LVL7
 912 0055 0200     		.2byte	0x2
 913 0057 30       		.byte	0x30
 914 0058 9F       		.byte	0x9f
 915 0059 64000000 		.4byte	.LVL7
 916 005d 82000000 		.4byte	.LVL9
 917 0061 0100     		.2byte	0x1
 918 0063 54       		.byte	0x54
 919 0064 84000000 		.4byte	.LVL10
 920 0068 B0000000 		.4byte	.LVL12
 921 006c 0100     		.2byte	0x1
 922 006e 54       		.byte	0x54
 923 006f 00000000 		.4byte	0
 924 0073 00000000 		.4byte	0
 925              	.LLST3:
 926 0077 64000000 		.4byte	.LVL7
 927 007b 82000000 		.4byte	.LVL9
 928 007f 0B00     		.2byte	0xb
 929 0081 74       		.byte	0x74
 930 0082 00       		.sleb128 0
 931 0083 36       		.byte	0x36
 932 0084 1E       		.byte	0x1e
 933 0085 03       		.byte	0x3
 934 0086 00000000 		.4byte	cfg_memset_list.4847
 935 008a 22       		.byte	0x22
 936 008b 9F       		.byte	0x9f
 937 008c 82000000 		.4byte	.LVL9
 938 0090 84000000 		.4byte	.LVL10
 939 0094 0B00     		.2byte	0xb
 940 0096 74       		.byte	0x74
 941 0097 7F       		.sleb128 -1
 942 0098 36       		.byte	0x36
 943 0099 1E       		.byte	0x1e
 944 009a 03       		.byte	0x3
 945 009b 00000000 		.4byte	cfg_memset_list.4847
 946 009f 22       		.byte	0x22
 947 00a0 9F       		.byte	0x9f
 948 00a1 00000000 		.4byte	0
 949 00a5 00000000 		.4byte	0
 950              		.section	.debug_aranges,"",%progbits
 951 0000 2C000000 		.4byte	0x2c
 952 0004 0200     		.2byte	0x2
 953 0006 00000000 		.4byte	.Ldebug_info0
 954 000a 04       		.byte	0x4
 955 000b 00       		.byte	0
 956 000c 0000     		.2byte	0
 957 000e 0000     		.2byte	0
 958 0010 00000000 		.4byte	.LFB0
 959 0014 0C000000 		.4byte	.LFE0-.LFB0
 960 0018 00000000 		.4byte	.LFB3
 961 001c 5C000000 		.4byte	.LFE3-.LFB3
 962 0020 5C000000 		.4byte	.LFB5
 963 0024 6C000000 		.4byte	.LFE5-.LFB5
 964 0028 00000000 		.4byte	0
 965 002c 00000000 		.4byte	0
ARM GAS  C:\Users\ccheney\AppData\Local\Temp\cc2z3s9j.s 			page 23


 966              		.section	.debug_ranges,"",%progbits
 967              	.Ldebug_ranges0:
 968 0000 00000000 		.4byte	.LFB0
 969 0004 0C000000 		.4byte	.LFE0
 970 0008 00000000 		.4byte	.LFB3
 971 000c 5C000000 		.4byte	.LFE3
 972 0010 5C000000 		.4byte	.LFB5
 973 0014 C8000000 		.4byte	.LFE5
 974 0018 00000000 		.4byte	0
 975 001c 00000000 		.4byte	0
 976              		.section	.debug_line,"",%progbits
 977              	.Ldebug_line0:
 978 0000 26010000 		.section	.debug_str,"MS",%progbits,1
 978      0200D600 
 978      00000201 
 978      FB0E0D00 
 978      01010101 
 979              	.LASF19:
 980 0000 72656733 		.ascii	"reg32\000"
 980      3200
 981              	.LASF12:
 982 0006 73697A65 		.ascii	"size_t\000"
 982      5F7400
 983              	.LASF27:
 984 000d 4379496E 		.ascii	"CyIntSetVector\000"
 984      74536574 
 984      56656374 
 984      6F7200
 985              	.LASF25:
 986 001c 6366675F 		.ascii	"cfg_memset_list\000"
 986      6D656D73 
 986      65745F6C 
 986      69737400 
 987              	.LASF21:
 988 002c 436C6F63 		.ascii	"ClockSetup\000"
 988      6B536574 
 988      757000
 989              	.LASF6:
 990 0037 73686F72 		.ascii	"short unsigned int\000"
 990      7420756E 
 990      7369676E 
 990      65642069 
 990      6E7400
 991              	.LASF16:
 992 004a 666C6F61 		.ascii	"float\000"
 992      7400
 993              	.LASF23:
 994 0050 73697A65 		.ascii	"size\000"
 994      00
 995              	.LASF18:
 996 0055 72656738 		.ascii	"reg8\000"
 996      00
 997              	.LASF8:
 998 005a 6C6F6E67 		.ascii	"long unsigned int\000"
 998      20756E73 
 998      69676E65 
 998      6420696E 
ARM GAS  C:\Users\ccheney\AppData\Local\Temp\cc2z3s9j.s 			page 24


 998      7400
 999              	.LASF13:
 1000 006c 75696E74 		.ascii	"uint8\000"
 1000      3800
 1001              	.LASF20:
 1002 0072 43594D45 		.ascii	"CYMEMZERO\000"
 1002      4D5A4552 
 1002      4F00
 1003              	.LASF31:
 1004 007c 433A5C55 		.ascii	"C:\\Users\\ccheney\\Dropbox (MIT)\\MICA\\Creator\\l"
 1004      73657273 
 1004      5C636368 
 1004      656E6579 
 1004      5C44726F 
 1005 00a9 69627261 		.ascii	"ibraries\\micaComponents_testing\\main_v1_0.cydsn\000"
 1005      72696573 
 1005      5C6D6963 
 1005      61436F6D 
 1005      706F6E65 
 1006              	.LASF4:
 1007 00d9 756E7369 		.ascii	"unsigned char\000"
 1007      676E6564 
 1007      20636861 
 1007      7200
 1008              	.LASF33:
 1009 00e7 6D656D73 		.ascii	"memset\000"
 1009      657400
 1010              	.LASF17:
 1011 00ee 646F7562 		.ascii	"double\000"
 1011      6C6500
 1012              	.LASF28:
 1013 00f5 4379496E 		.ascii	"CyIntEnable\000"
 1013      74456E61 
 1013      626C6500 
 1014              	.LASF14:
 1015 0101 75696E74 		.ascii	"uint16\000"
 1015      313600
 1016              	.LASF15:
 1017 0108 75696E74 		.ascii	"uint32\000"
 1017      333200
 1018              	.LASF0:
 1019 010f 756E7369 		.ascii	"unsigned int\000"
 1019      676E6564 
 1019      20696E74 
 1019      00
 1020              	.LASF32:
 1021 011c 63796669 		.ascii	"cyfitter_cfg\000"
 1021      74746572 
 1021      5F636667 
 1021      00
 1022              	.LASF22:
 1023 0129 61646472 		.ascii	"address\000"
 1023      65737300 
 1024              	.LASF9:
 1025 0131 6C6F6E67 		.ascii	"long long unsigned int\000"
 1025      206C6F6E 
 1025      6720756E 
ARM GAS  C:\Users\ccheney\AppData\Local\Temp\cc2z3s9j.s 			page 25


 1025      7369676E 
 1025      65642069 
 1026              	.LASF29:
 1027 0148 474E5520 		.ascii	"GNU C11 5.4.1 20160609 (release) [ARM/embedded-5-br"
 1027      43313120 
 1027      352E342E 
 1027      31203230 
 1027      31363036 
 1028 017b 616E6368 		.ascii	"anch revision 237715] -mcpu=cortex-m0 -mthumb -g -O"
 1028      20726576 
 1028      6973696F 
 1028      6E203233 
 1028      37373135 
 1029 01ae 67202D66 		.ascii	"g -ffunction-sections -ffat-lto-objects\000"
 1029      66756E63 
 1029      74696F6E 
 1029      2D736563 
 1029      74696F6E 
 1030              	.LASF24:
 1031 01d6 6366675F 		.ascii	"cfg_memset_t\000"
 1031      6D656D73 
 1031      65745F74 
 1031      00
 1032              	.LASF10:
 1033 01e3 73697A65 		.ascii	"sizetype\000"
 1033      74797065 
 1033      00
 1034              	.LASF1:
 1035 01ec 6C6F6E67 		.ascii	"long long int\000"
 1035      206C6F6E 
 1035      6720696E 
 1035      7400
 1036              	.LASF11:
 1037 01fa 63686172 		.ascii	"char\000"
 1037      00
 1038              	.LASF5:
 1039 01ff 73686F72 		.ascii	"short int\000"
 1039      7420696E 
 1039      7400
 1040              	.LASF26:
 1041 0209 43795379 		.ascii	"CySysClkWriteImoFreq\000"
 1041      73436C6B 
 1041      57726974 
 1041      65496D6F 
 1041      46726571 
 1042              	.LASF7:
 1043 021e 6C6F6E67 		.ascii	"long int\000"
 1043      20696E74 
 1043      00
 1044              	.LASF2:
 1045 0227 6C6F6E67 		.ascii	"long double\000"
 1045      20646F75 
 1045      626C6500 
 1046              	.LASF3:
 1047 0233 7369676E 		.ascii	"signed char\000"
 1047      65642063 
 1047      68617200 
ARM GAS  C:\Users\ccheney\AppData\Local\Temp\cc2z3s9j.s 			page 26


 1048              	.LASF30:
 1049 023f 47656E65 		.ascii	"Generated_Source\\PSoC4\\cyfitter_cfg.c\000"
 1049      72617465 
 1049      645F536F 
 1049      75726365 
 1049      5C50536F 
 1050              		.ident	"GCC: (GNU Tools for ARM Embedded Processors) 5.4.1 20160609 (release) [ARM/embedded-5-bran
