Loading plugins phase: Elapsed time ==> 0s.228ms
<CYPRESSTAG name="CyDsfit arguments...">
cydsfit arguments: -.fdsnotice -.fdswarpdepfile=warp_dependencies.txt -.fdselabdepfile=elab_dependencies.txt -.fdsbldfile=generated_files.txt -.fdsreffile=referenced_files.txt -p C:\Users\ccheney\Dropbox (MIT)\MICA\Creator\libraries\micaComponents_testing\packetTesting_v1_4.cydsn\packetTesting_v1_4.cyprj -d CYBLE-214015-01 -s C:\Users\ccheney\Dropbox (MIT)\MICA\Creator\libraries\micaComponents_testing\packetTesting_v1_4.cydsn\Generated_Source\PSoC4 -- -yv2 -q10 -ygs -o2 -v3 -.fftcfgtype=LE
</CYPRESSTAG>
<CYPRESSTAG name="Design elaboration results...">
</CYPRESSTAG>
Elaboration phase: Elapsed time ==> 1s.545ms
<CYPRESSTAG name="HDL generation results...">
</CYPRESSTAG>
HDL generation phase: Elapsed time ==> 0s.046ms
<CYPRESSTAG name="Synthesis results...">

     | | | | | | |
   _________________
  -|               |-
  -|               |-
  -|               |-
  -|    CYPRESS    |-
  -|               |-
  -|               |-   Warp Verilog Synthesis Compiler: Version 6.3 IR 41
  -|               |-   Copyright (C) 1991-2001 Cypress Semiconductor
   |_______________|
     | | | | | | |

======================================================================
Compiling:  packetTesting_v1_4.v
Program  :   C:\Program Files (x86)\Cypress\PSoC Creator\4.2\PSoC Creator\warp\bin\warp.exe
Options  :    -yv2 -q10 -ygs -o2 -v3 -.fftcfgtype=LE -ya -.fftprj=C:\Users\ccheney\Dropbox (MIT)\MICA\Creator\libraries\micaComponents_testing\packetTesting_v1_4.cydsn\packetTesting_v1_4.cyprj -dcpsoc3 packetTesting_v1_4.v -verilog
======================================================================

======================================================================
Compiling:  packetTesting_v1_4.v
Program  :   C:\Program Files (x86)\Cypress\PSoC Creator\4.2\PSoC Creator\warp\bin\warp.exe
Options  :    -yv2 -q10 -ygs -o2 -v3 -.fftcfgtype=LE -ya -.fftprj=C:\Users\ccheney\Dropbox (MIT)\MICA\Creator\libraries\micaComponents_testing\packetTesting_v1_4.cydsn\packetTesting_v1_4.cyprj -dcpsoc3 packetTesting_v1_4.v -verilog
======================================================================

======================================================================
Compiling:  packetTesting_v1_4.v
Program  :   vlogfe
Options  :    -yv2 -q10 -ygs -o2 -v3 -.fftcfgtype=LE -ya -.fftprj=C:\Users\ccheney\Dropbox (MIT)\MICA\Creator\libraries\micaComponents_testing\packetTesting_v1_4.cydsn\packetTesting_v1_4.cyprj -dcpsoc3 -verilog packetTesting_v1_4.v
======================================================================

vlogfe V6.3 IR 41:  Verilog parser
Thu Oct 04 00:33:40 2018


======================================================================
Compiling:  packetTesting_v1_4.v
Program  :   vpp
Options  :    -yv2 -q10 packetTesting_v1_4.v
======================================================================

vpp V6.3 IR 41:  Verilog Pre-Processor
Thu Oct 04 00:33:40 2018

Flattening file 'C:\Program Files (x86)\Cypress\PSoC Creator\4.2\PSoC Creator\psoc\content\CyPrimitives\cyprimitives.cylib\cy_virtualmux_v1_0\cy_virtualmux_v1_0.v'
Flattening file 'C:\Program Files (x86)\Cypress\PSoC Creator\4.2\PSoC Creator\psoc\content\CyPrimitives\cyprimitives.cylib\ZeroTerminal\ZeroTerminal.v'
Flattening file 'C:\Program Files (x86)\Cypress\PSoC Creator\4.2\PSoC Creator\psoc\content\CyPrimitives\cyprimitives.cylib\or_v1_0\or_v1_0.v'
Flattening file 'C:\Program Files (x86)\Cypress\PSoC Creator\4.2\PSoC Creator\psoc\content\CyPrimitives\cyprimitives.cylib\CyControlReg_v1_80\CyControlReg_v1_80.v'
Flattening file 'C:\Program Files (x86)\Cypress\PSoC Creator\4.2\PSoC Creator\warp\lib\common\cypress.v'
Flattening file 'C:\Program Files (x86)\Cypress\PSoC Creator\4.2\PSoC Creator\warp\lib\common\cy_psoc3_inc.v'

vpp:  No errors.

Library 'work' => directory 'lcpsoc3'
General_symbol_table
General_symbol_table
Linking 'C:\Program Files (x86)\Cypress\PSoC Creator\4.2\PSoC Creator\warp\lib\common\std.vhd'.
Linking 'C:\Program Files (x86)\Cypress\PSoC Creator\4.2\PSoC Creator\warp\lib\common\cypress.vhd'.
Linking 'C:\Program Files (x86)\Cypress\PSoC Creator\4.2\PSoC Creator\warp\lib\common\work\cypress.vif'.
Linking 'C:\Program Files (x86)\Cypress\PSoC Creator\4.2\PSoC Creator\warp\lib\ieee\work\stdlogic.vif'.
Linking 'C:\Program Files (x86)\Cypress\PSoC Creator\4.2\PSoC Creator\warp\lib\common\stdlogic\lpmpkg.vif'.
Linking 'C:\Program Files (x86)\Cypress\PSoC Creator\4.2\PSoC Creator\warp\lib\common\stdlogic\rtlpkg.vif'.
Linking 'C:\Program Files (x86)\Cypress\PSoC Creator\4.2\PSoC Creator\warp\lib\common\stdlogic\mod_cnst.vif'.
Linking 'C:\Program Files (x86)\Cypress\PSoC Creator\4.2\PSoC Creator\warp\lib\common\stdlogic\mod_mthv.vif'.
Linking 'C:\Program Files (x86)\Cypress\PSoC Creator\4.2\PSoC Creator\warp\lib\common\stdlogic\mod_genv.vif'.
Using control file 'packetTesting_v1_4.ctl'.

vlogfe:  No errors.


======================================================================
Compiling:  packetTesting_v1_4.v
Program  :   tovif
Options  :    -yv2 -q10 -ygs -o2 -v3 -.fftcfgtype=LE -ya -.fftprj=C:\Users\ccheney\Dropbox (MIT)\MICA\Creator\libraries\micaComponents_testing\packetTesting_v1_4.cydsn\packetTesting_v1_4.cyprj -dcpsoc3 -verilog packetTesting_v1_4.v
======================================================================

tovif V6.3 IR 41:  High-level synthesis
Thu Oct 04 00:33:41 2018

Linking 'C:\Program Files (x86)\Cypress\PSoC Creator\4.2\PSoC Creator\warp\lib\common\std.vhd'.
Linking 'C:\Program Files (x86)\Cypress\PSoC Creator\4.2\PSoC Creator\warp\lib\common\cypress.vhd'.
Linking 'C:\Program Files (x86)\Cypress\PSoC Creator\4.2\PSoC Creator\warp\lib\common\work\cypress.vif'.
Linking 'C:\Program Files (x86)\Cypress\PSoC Creator\4.2\PSoC Creator\warp\lib\ieee\work\stdlogic.vif'.
Linking 'C:\Program Files (x86)\Cypress\PSoC Creator\4.2\PSoC Creator\warp\lib\common\stdlogic\lpmpkg.vif'.
Linking 'C:\Program Files (x86)\Cypress\PSoC Creator\4.2\PSoC Creator\warp\lib\common\stdlogic\rtlpkg.vif'.
Linking 'C:\Program Files (x86)\Cypress\PSoC Creator\4.2\PSoC Creator\warp\lib\common\stdlogic\mod_cnst.vif'.
Linking 'C:\Program Files (x86)\Cypress\PSoC Creator\4.2\PSoC Creator\warp\lib\common\stdlogic\mod_mthv.vif'.
Linking 'C:\Program Files (x86)\Cypress\PSoC Creator\4.2\PSoC Creator\warp\lib\common\stdlogic\mod_genv.vif'.
Linking 'C:\Users\ccheney\Dropbox (MIT)\MICA\Creator\libraries\micaComponents_testing\packetTesting_v1_4.cydsn\codegentemp\packetTesting_v1_4.ctl'.
Linking 'C:\Program Files (x86)\Cypress\PSoC Creator\4.2\PSoC Creator\psoc\content\CyPrimitives\cyprimitives.cylib\cy_virtualmux_v1_0\cy_virtualmux_v1_0.v'.
Linking 'C:\Users\ccheney\Dropbox (MIT)\MICA\Creator\libraries\micaComponents_testing\packetTesting_v1_4.cydsn\codegentemp\packetTesting_v1_4.v'.
Linking 'C:\Program Files (x86)\Cypress\PSoC Creator\4.2\PSoC Creator\psoc\content\CyPrimitives\cyprimitives.cylib\ZeroTerminal\ZeroTerminal.v'.
Linking 'C:\Program Files (x86)\Cypress\PSoC Creator\4.2\PSoC Creator\psoc\content\CyPrimitives\cyprimitives.cylib\or_v1_0\or_v1_0.v'.
Linking 'C:\Program Files (x86)\Cypress\PSoC Creator\4.2\PSoC Creator\psoc\content\CyPrimitives\cyprimitives.cylib\CyControlReg_v1_80\CyControlReg_v1_80.v'.
Linking 'C:\Program Files (x86)\Cypress\PSoC Creator\4.2\PSoC Creator\warp\lib\common\cypress.v'.
Linking 'C:\Program Files (x86)\Cypress\PSoC Creator\4.2\PSoC Creator\warp\lib\common\cy_psoc3_inc.v'.

tovif:  No errors.


======================================================================
Compiling:  packetTesting_v1_4.v
Program  :   topld
Options  :    -yv2 -q10 -ygs -o2 -v3 -.fftcfgtype=LE -ya -.fftprj=C:\Users\ccheney\Dropbox (MIT)\MICA\Creator\libraries\micaComponents_testing\packetTesting_v1_4.cydsn\packetTesting_v1_4.cyprj -dcpsoc3 -verilog packetTesting_v1_4.v
======================================================================

topld V6.3 IR 41:  Synthesis and optimization
Thu Oct 04 00:33:41 2018

Linking 'C:\Program Files (x86)\Cypress\PSoC Creator\4.2\PSoC Creator\warp\lib\common\std.vhd'.
Linking 'C:\Program Files (x86)\Cypress\PSoC Creator\4.2\PSoC Creator\warp\lib\common\cypress.vhd'.
Linking 'C:\Program Files (x86)\Cypress\PSoC Creator\4.2\PSoC Creator\warp\lib\common\work\cypress.vif'.
Linking 'C:\Program Files (x86)\Cypress\PSoC Creator\4.2\PSoC Creator\warp\lib\ieee\work\stdlogic.vif'.
Linking 'C:\Program Files (x86)\Cypress\PSoC Creator\4.2\PSoC Creator\warp\lib\common\stdlogic\lpmpkg.vif'.
Linking 'C:\Program Files (x86)\Cypress\PSoC Creator\4.2\PSoC Creator\warp\lib\common\stdlogic\rtlpkg.vif'.
Linking 'C:\Program Files (x86)\Cypress\PSoC Creator\4.2\PSoC Creator\warp\lib\common\stdlogic\mod_cnst.vif'.
Linking 'C:\Program Files (x86)\Cypress\PSoC Creator\4.2\PSoC Creator\warp\lib\common\stdlogic\mod_mthv.vif'.
Linking 'C:\Program Files (x86)\Cypress\PSoC Creator\4.2\PSoC Creator\warp\lib\common\stdlogic\mod_genv.vif'.
Linking 'C:\Users\ccheney\Dropbox (MIT)\MICA\Creator\libraries\micaComponents_testing\packetTesting_v1_4.cydsn\codegentemp\packetTesting_v1_4.ctl'.
Linking 'C:\Program Files (x86)\Cypress\PSoC Creator\4.2\PSoC Creator\psoc\content\CyPrimitives\cyprimitives.cylib\cy_virtualmux_v1_0\cy_virtualmux_v1_0.v'.
Linking 'C:\Users\ccheney\Dropbox (MIT)\MICA\Creator\libraries\micaComponents_testing\packetTesting_v1_4.cydsn\codegentemp\packetTesting_v1_4.v'.
Linking 'C:\Program Files (x86)\Cypress\PSoC Creator\4.2\PSoC Creator\psoc\content\CyPrimitives\cyprimitives.cylib\ZeroTerminal\ZeroTerminal.v'.
Linking 'C:\Program Files (x86)\Cypress\PSoC Creator\4.2\PSoC Creator\psoc\content\CyPrimitives\cyprimitives.cylib\or_v1_0\or_v1_0.v'.
Linking 'C:\Program Files (x86)\Cypress\PSoC Creator\4.2\PSoC Creator\psoc\content\CyPrimitives\cyprimitives.cylib\CyControlReg_v1_80\CyControlReg_v1_80.v'.
Linking 'C:\Program Files (x86)\Cypress\PSoC Creator\4.2\PSoC Creator\warp\lib\common\cypress.v'.
Linking 'C:\Program Files (x86)\Cypress\PSoC Creator\4.2\PSoC Creator\warp\lib\common\cy_psoc3_inc.v'.
Linking 'C:\Program Files (x86)\Cypress\PSoC Creator\4.2\PSoC Creator\warp\lib\lcpsoc3\stdlogic\cpsoc3.vif'.

----------------------------------------------------------
Detecting unused logic.
----------------------------------------------------------
    User names
	\UART_USB:Net_1257\
	\UART_USB:uncfg_rx_irq\
	\UART_USB:Net_1099\
	\UART_USB:Net_1258\
	Net_24
	Net_33
	Net_34
	Net_35
	Net_36
	Net_37
	Net_38
	Net_39
	Net_41
	Net_44
	\LEDS:Net_1\
	\LEDS:Net_2\
	\LEDS:Net_3\
	\LEDS:Net_4\
	\LEDS:Net_5\
	\UART_IMU:Net_1257\
	\UART_IMU:uncfg_rx_irq\
	\UART_IMU:Net_1099\
	\UART_IMU:Net_1258\
	Net_49
	Net_58
	Net_59
	Net_60
	Net_61
	Net_62
	Net_63
	Net_64
	Net_66
	Net_69


Deleted 33 User equations/components.
Deleted 0 Synthesized equations/components.

------------------------------------------------------
Alias Detection
------------------------------------------------------
Aliasing \UART_USB:sclk_s_wire\ to \UART_USB:select_s_wire\
Aliasing \UART_USB:mosi_s_wire\ to \UART_USB:select_s_wire\
Aliasing \UART_USB:miso_m_wire\ to \UART_USB:select_s_wire\
Aliasing zero to \UART_USB:select_s_wire\
Aliasing one to \UART_USB:tmpOE__tx_net_0\
Aliasing \UART_USB:tmpOE__rx_net_0\ to \UART_USB:tmpOE__tx_net_0\
Aliasing \UART_USB:cts_wire\ to \UART_USB:select_s_wire\
Aliasing \LEDS:Control_reg:clk\ to \UART_USB:select_s_wire\
Aliasing \LEDS:Control_reg:rst\ to \UART_USB:select_s_wire\
Aliasing tmpOE__led_R_pin_net_0 to \UART_USB:tmpOE__tx_net_0\
Aliasing tmpOE__led_G_pin_net_0 to \UART_USB:tmpOE__tx_net_0\
Aliasing tmpOE__led_B_pin_net_0 to \UART_USB:tmpOE__tx_net_0\
Aliasing \UART_IMU:select_s_wire\ to \UART_USB:select_s_wire\
Aliasing \UART_IMU:sclk_s_wire\ to \UART_USB:select_s_wire\
Aliasing \UART_IMU:mosi_s_wire\ to \UART_USB:select_s_wire\
Aliasing \UART_IMU:miso_m_wire\ to \UART_USB:select_s_wire\
Aliasing \UART_IMU:tmpOE__tx_net_0\ to \UART_USB:tmpOE__tx_net_0\
Aliasing \UART_IMU:tmpOE__rx_net_0\ to \UART_USB:tmpOE__tx_net_0\
Aliasing \UART_IMU:cts_wire\ to \UART_USB:select_s_wire\
Removing Rhs of wire \UART_USB:rx_wire\[3] = \UART_USB:Net_1268\[4]
Removing Lhs of wire \UART_USB:Net_1170\[7] = \UART_USB:Net_847\[1]
Removing Lhs of wire \UART_USB:sclk_s_wire\[8] = \UART_USB:select_s_wire\[2]
Removing Lhs of wire \UART_USB:mosi_s_wire\[9] = \UART_USB:select_s_wire\[2]
Removing Lhs of wire \UART_USB:miso_m_wire\[10] = \UART_USB:select_s_wire\[2]
Removing Rhs of wire zero[17] = \UART_USB:select_s_wire\[2]
Removing Rhs of wire one[18] = \UART_USB:tmpOE__tx_net_0\[12]
Removing Lhs of wire \UART_USB:tmpOE__rx_net_0\[25] = one[18]
Removing Lhs of wire \UART_USB:cts_wire\[29] = zero[17]
Removing Lhs of wire \LEDS:Control_reg:clk\[54] = zero[17]
Removing Lhs of wire \LEDS:Control_reg:rst\[55] = zero[17]
Removing Rhs of wire Net_45[56] = \LEDS:Control_reg:control_out_0\[57]
Removing Rhs of wire Net_45[56] = \LEDS:Control_reg:control_0\[80]
Removing Rhs of wire Net_46[58] = \LEDS:Control_reg:control_out_1\[59]
Removing Rhs of wire Net_46[58] = \LEDS:Control_reg:control_1\[79]
Removing Rhs of wire Net_47[60] = \LEDS:Control_reg:control_out_2\[61]
Removing Rhs of wire Net_47[60] = \LEDS:Control_reg:control_2\[78]
Removing Lhs of wire tmpOE__led_R_pin_net_0[100] = one[18]
Removing Lhs of wire tmpOE__led_G_pin_net_0[106] = one[18]
Removing Lhs of wire tmpOE__led_B_pin_net_0[112] = one[18]
Removing Lhs of wire \UART_IMU:select_s_wire\[119] = zero[17]
Removing Rhs of wire \UART_IMU:rx_wire\[120] = \UART_IMU:Net_1268\[121]
Removing Lhs of wire \UART_IMU:Net_1170\[124] = \UART_IMU:Net_847\[118]
Removing Lhs of wire \UART_IMU:sclk_s_wire\[125] = zero[17]
Removing Lhs of wire \UART_IMU:mosi_s_wire\[126] = zero[17]
Removing Lhs of wire \UART_IMU:miso_m_wire\[127] = zero[17]
Removing Lhs of wire \UART_IMU:tmpOE__tx_net_0\[129] = one[18]
Removing Lhs of wire \UART_IMU:tmpOE__rx_net_0\[140] = one[18]
Removing Lhs of wire \UART_IMU:cts_wire\[144] = zero[17]

------------------------------------------------------
Aliased 0 equations, 29 wires.
------------------------------------------------------

----------------------------------------------------------
Circuit simplification
----------------------------------------------------------

Substituting virtuals - pass 1:


----------------------------------------------------------
Circuit simplification results:

	Expanded 0 signals.
	Turned 0 signals into soft nodes.
	Maximum default expansion cost was set at 3.
----------------------------------------------------------

topld:  No errors.

CYPRESS_DIR    : C:\Program Files (x86)\Cypress\PSoC Creator\4.2\PSoC Creator\warp
Warp Program   : C:\Program Files (x86)\Cypress\PSoC Creator\4.2\PSoC Creator\warp\bin\warp.exe
Warp Arguments : -yv2 -q10 -ygs -o2 -v3 -.fftcfgtype=LE -ya "-.fftprj=C:\Users\ccheney\Dropbox (MIT)\MICA\Creator\libraries\micaComponents_testing\packetTesting_v1_4.cydsn\packetTesting_v1_4.cyprj" -dcpsoc3 packetTesting_v1_4.v -verilog
</CYPRESSTAG>
Warp synthesis phase: Elapsed time ==> 0s.402ms
<CYPRESSTAG name="Fitter results...">
<CYPRESSTAG name="Fitter startup details...">
cyp3fit: V4.2.0.641, Family: PSoC3, Started at: Thursday, 04 October 2018 00:33:41
Options: -yv2 -q10 -ygs -o2 -v3 -.fftcfgtype=LE -ya -.fftprj=C:\Users\ccheney\Dropbox (MIT)\MICA\Creator\libraries\micaComponents_testing\packetTesting_v1_4.cydsn\packetTesting_v1_4.cyprj -d CYBLE-214015-01 packetTesting_v1_4.v -verilog
</CYPRESSTAG>
<CYPRESSTAG name="Design parsing">
Design parsing phase: Elapsed time ==> 0s.008ms
</CYPRESSTAG>
<CYPRESSTAG name="Tech Mapping">
<CYPRESSTAG name="Initial Mapping" icon="FILE_RPT_TECHM">
<CYPRESSTAG name="Global Clock Selection" icon="FILE_RPT_TECHM">
    Fixed Function Clock 1: Automatic-assigning  clock 'UART_USB_SCBCLK'. Signal=\UART_USB:Net_847_ff1\
    Fixed Function Clock 2: Automatic-assigning  clock 'UART_IMU_SCBCLK'. Signal=\UART_IMU:Net_847_ff2\
<CYPRESSTAG name="UDB Clock/Enable Remapping Results">
</CYPRESSTAG>
</CYPRESSTAG>

Removing unused cells resulting from optimization
Done removing unused cells.
<CYPRESSTAG name="Duplicate Macrocell detection">
</CYPRESSTAG>
</CYPRESSTAG>
<CYPRESSTAG name="Duplicate Macrocell detection">
</CYPRESSTAG>
<CYPRESSTAG name="Design Equations" icon="FILE_RPT_EQUATION">

------------------------------------------------------------
Design Equations
------------------------------------------------------------
    <CYPRESSTAG name="Pin listing">

    ------------------------------------------------------------
    Pin listing
    ------------------------------------------------------------

    Pin : Name = \UART_USB:tx(0)\
        Attributes:
            In Group/Port: True
            In Sync Option: NOSYNC
            Out Sync Option: NOSYNC
            Interrupt generated: False
            Interrupt mode: NONE
            Drive mode: CMOS_OUT
            VTrip: CMOS
            Slew: FAST
            Input Sync needed: False
            Output Sync needed: False
            SC shield enabled: False
            POR State: ANY
            LCD Mode: COMMON
            Register Mode: RegComb
            CaSense Mode: NEITHER
            Treat as pin: True
            Is OE Registered: False
            Uses Analog: False
            Can contain Digital: True
            Is SIO: False
            SIO Output Buf: NONREGULATED
            SIO Input Buf: SINGLE_ENDED
            SIO HiFreq: LOW
            SIO Hyst: DISABLED
            SIO Vtrip: MULTIPLIER_0_5
            SIO Multiplier Index: 0
            SIO RefSel: VCC_IO
            Required Capabilities: DIGITAL
            Initial Value: 1
            IO Voltage: 0
        PORT MAP (
            pa_out => \UART_USB:tx(0)\__PA ,
            pin_input => \UART_USB:tx_wire\ ,
            pad => \UART_USB:tx(0)_PAD\ );
        Properties:
        {
        }

    Pin : Name = \UART_USB:rx(0)\
        Attributes:
            In Group/Port: True
            In Sync Option: NOSYNC
            Out Sync Option: AUTO
            Interrupt generated: False
            Interrupt mode: NONE
            Drive mode: HI_Z_DIGITAL
            VTrip: CMOS
            Slew: FAST
            Input Sync needed: False
            Output Sync needed: False
            SC shield enabled: False
            POR State: ANY
            LCD Mode: COMMON
            Register Mode: RegComb
            CaSense Mode: NEITHER
            Treat as pin: True
            Is OE Registered: False
            Uses Analog: False
            Can contain Digital: True
            Is SIO: False
            SIO Output Buf: NONREGULATED
            SIO Input Buf: SINGLE_ENDED
            SIO HiFreq: LOW
            SIO Hyst: DISABLED
            SIO Vtrip: MULTIPLIER_0_5
            SIO Multiplier Index: 0
            SIO RefSel: VCC_IO
            Required Capabilities: DIGITAL
            Initial Value: 0
            IO Voltage: 0
        PORT MAP (
            pa_out => \UART_USB:rx(0)\__PA ,
            fb => \UART_USB:rx_wire\ ,
            pad => \UART_USB:rx(0)_PAD\ );
        Properties:
        {
        }

    Pin : Name = led_R_pin(0)
        Attributes:
            In Group/Port: True
            In Sync Option: AUTO
            Out Sync Option: NOSYNC
            Interrupt generated: False
            Interrupt mode: NONE
            Drive mode: OPEN_DRAIN_LO
            VTrip: EITHER
            Slew: FAST
            Input Sync needed: False
            Output Sync needed: False
            SC shield enabled: False
            POR State: ANY
            LCD Mode: COMMON
            Register Mode: RegComb
            CaSense Mode: NEITHER
            Treat as pin: True
            Is OE Registered: False
            Uses Analog: False
            Can contain Digital: True
            Is SIO: False
            SIO Output Buf: NONREGULATED
            SIO Input Buf: SINGLE_ENDED
            SIO HiFreq: LOW
            SIO Hyst: DISABLED
            SIO Vtrip: MULTIPLIER_0_5
            SIO Multiplier Index: 0
            SIO RefSel: VCC_IO
            Required Capabilities: DIGITAL, ROUTABLE
            Initial Value: 1
            IO Voltage: 0
        PORT MAP (
            pa_out => led_R_pin(0)__PA ,
            pin_input => Net_45 ,
            annotation => Net_1664 ,
            pad => led_R_pin(0)_PAD );
        Properties:
        {
        }

    Pin : Name = led_G_pin(0)
        Attributes:
            In Group/Port: True
            In Sync Option: AUTO
            Out Sync Option: NOSYNC
            Interrupt generated: False
            Interrupt mode: NONE
            Drive mode: OPEN_DRAIN_LO
            VTrip: EITHER
            Slew: FAST
            Input Sync needed: False
            Output Sync needed: False
            SC shield enabled: False
            POR State: ANY
            LCD Mode: COMMON
            Register Mode: RegComb
            CaSense Mode: NEITHER
            Treat as pin: True
            Is OE Registered: False
            Uses Analog: False
            Can contain Digital: True
            Is SIO: False
            SIO Output Buf: NONREGULATED
            SIO Input Buf: SINGLE_ENDED
            SIO HiFreq: LOW
            SIO Hyst: DISABLED
            SIO Vtrip: MULTIPLIER_0_5
            SIO Multiplier Index: 0
            SIO RefSel: VCC_IO
            Required Capabilities: DIGITAL, ROUTABLE
            Initial Value: 1
            IO Voltage: 0
        PORT MAP (
            pa_out => led_G_pin(0)__PA ,
            pin_input => Net_46 ,
            annotation => Net_1659 ,
            pad => led_G_pin(0)_PAD );
        Properties:
        {
        }

    Pin : Name = led_B_pin(0)
        Attributes:
            In Group/Port: True
            In Sync Option: AUTO
            Out Sync Option: NOSYNC
            Interrupt generated: False
            Interrupt mode: NONE
            Drive mode: OPEN_DRAIN_LO
            VTrip: EITHER
            Slew: FAST
            Input Sync needed: False
            Output Sync needed: False
            SC shield enabled: False
            POR State: ANY
            LCD Mode: COMMON
            Register Mode: RegComb
            CaSense Mode: NEITHER
            Treat as pin: True
            Is OE Registered: False
            Uses Analog: False
            Can contain Digital: True
            Is SIO: False
            SIO Output Buf: NONREGULATED
            SIO Input Buf: SINGLE_ENDED
            SIO HiFreq: LOW
            SIO Hyst: DISABLED
            SIO Vtrip: MULTIPLIER_0_5
            SIO Multiplier Index: 0
            SIO RefSel: VCC_IO
            Required Capabilities: DIGITAL, ROUTABLE
            Initial Value: 1
            IO Voltage: 0
        PORT MAP (
            pa_out => led_B_pin(0)__PA ,
            pin_input => Net_47 ,
            annotation => Net_1661 ,
            pad => led_B_pin(0)_PAD );
        Properties:
        {
        }

    Pin : Name = \UART_IMU:tx(0)\
        Attributes:
            In Group/Port: True
            In Sync Option: NOSYNC
            Out Sync Option: NOSYNC
            Interrupt generated: False
            Interrupt mode: NONE
            Drive mode: CMOS_OUT
            VTrip: CMOS
            Slew: FAST
            Input Sync needed: False
            Output Sync needed: False
            SC shield enabled: False
            POR State: ANY
            LCD Mode: COMMON
            Register Mode: RegComb
            CaSense Mode: NEITHER
            Treat as pin: True
            Is OE Registered: False
            Uses Analog: False
            Can contain Digital: True
            Is SIO: False
            SIO Output Buf: NONREGULATED
            SIO Input Buf: SINGLE_ENDED
            SIO HiFreq: LOW
            SIO Hyst: DISABLED
            SIO Vtrip: MULTIPLIER_0_5
            SIO Multiplier Index: 0
            SIO RefSel: VCC_IO
            Required Capabilities: DIGITAL
            Initial Value: 1
            IO Voltage: 0
        PORT MAP (
            pa_out => \UART_IMU:tx(0)\__PA ,
            pin_input => \UART_IMU:tx_wire\ ,
            pad => \UART_IMU:tx(0)_PAD\ );
        Properties:
        {
        }

    Pin : Name = \UART_IMU:rx(0)\
        Attributes:
            In Group/Port: True
            In Sync Option: NOSYNC
            Out Sync Option: AUTO
            Interrupt generated: False
            Interrupt mode: NONE
            Drive mode: HI_Z_DIGITAL
            VTrip: CMOS
            Slew: FAST
            Input Sync needed: False
            Output Sync needed: False
            SC shield enabled: False
            POR State: ANY
            LCD Mode: COMMON
            Register Mode: RegComb
            CaSense Mode: NEITHER
            Treat as pin: True
            Is OE Registered: False
            Uses Analog: False
            Can contain Digital: True
            Is SIO: False
            SIO Output Buf: NONREGULATED
            SIO Input Buf: SINGLE_ENDED
            SIO HiFreq: LOW
            SIO Hyst: DISABLED
            SIO Vtrip: MULTIPLIER_0_5
            SIO Multiplier Index: 0
            SIO RefSel: VCC_IO
            Required Capabilities: DIGITAL
            Initial Value: 0
            IO Voltage: 0
        PORT MAP (
            pa_out => \UART_IMU:rx(0)\__PA ,
            fb => \UART_IMU:rx_wire\ ,
            pad => \UART_IMU:rx(0)_PAD\ );
        Properties:
        {
        }
    </CYPRESSTAG>
    <CYPRESSTAG name="Macrocell listing" icon="FILE_RPT_EQUATION">
    </CYPRESSTAG>
    <CYPRESSTAG name="Datapath listing">
    </CYPRESSTAG>
    <CYPRESSTAG name="Status register listing">
    </CYPRESSTAG>
    <CYPRESSTAG name="StatusI register listing">
    </CYPRESSTAG>
    <CYPRESSTAG name="Sync listing">
    </CYPRESSTAG>
    <CYPRESSTAG name="Control register listing">

    ------------------------------------------------------------
    Control register listing
    ------------------------------------------------------------

    controlcell: Name =\LEDS:Control_reg:Sync:ctrl_reg\
        PORT MAP (
            control_7 => \LEDS:Control_reg:control_7\ ,
            control_6 => \LEDS:Control_reg:control_6\ ,
            control_5 => \LEDS:Control_reg:control_5\ ,
            control_4 => \LEDS:Control_reg:control_4\ ,
            control_3 => \LEDS:Control_reg:control_3\ ,
            control_2 => Net_47 ,
            control_1 => Net_46 ,
            control_0 => Net_45 );
        Properties:
        {
            cy_ctrl_mode_0 = "00000000"
            cy_ctrl_mode_1 = "00000000"
            cy_ext_reset = 0
            cy_force_order = 1
            cy_init_value = "00000111"
        }
        Clock Enable: True
    </CYPRESSTAG>
    <CYPRESSTAG name="Count7 listing">
    </CYPRESSTAG>
    <CYPRESSTAG name="DRQ listing">
    </CYPRESSTAG>
    <CYPRESSTAG name="Interrupt listing">

    ------------------------------------------------------------
    Interrupt listing
    ------------------------------------------------------------

    interrupt: Name =\UART_USB:SCB_IRQ\
        PORT MAP (
            interrupt => Net_25 );
        Properties:
        {
            int_type = "10"
            is_nmi = 0
        }

    interrupt: Name =\UART_IMU:SCB_IRQ\
        PORT MAP (
            interrupt => Net_50 );
        Properties:
        {
            int_type = "10"
            is_nmi = 0
        }
    </CYPRESSTAG>
</CYPRESSTAG>
<CYPRESSTAG name="Technology mapping summary" expanded>

------------------------------------------------------------
Technology mapping summary
------------------------------------------------------------

Resource Type                 : Used : Free :  Max :  % Used
============================================================
Digital Clocks                :    0 :    4 :    4 :  0.00 %
Interrupts                    :    2 :   30 :   32 :  6.25 %
IO                            :    9 :   18 :   27 : 33.33 %
Segment LCD                   :    0 :    1 :    1 :  0.00 %
CapSense                      :    0 :    1 :    1 :  0.00 %
Die Temp                      :    0 :    1 :    1 :  0.00 %
Serial Communication (SCB)    :    2 :    0 :    2 : 100.00 %
BLE                           :    0 :    1 :    1 :  0.00 %
DMA Channels                  :    0 :    8 :    8 :  0.00 %
Timer/Counter/PWM             :    0 :    4 :    4 :  0.00 %
UDB                           :      :      :      :        
  Macrocells                  :    0 :   32 :   32 :  0.00 %
  Unique P-terms              :    0 :   64 :   64 :  0.00 %
  Total P-terms               :    0 :      :      :        
  Datapath Cells              :    0 :    4 :    4 :  0.00 %
  Status Cells                :    0 :    4 :    4 :  0.00 %
  Control Cells               :    1 :    3 :    4 : 25.00 %
    Control Registers         :    1 :      :      :        
Comparator/Opamp              :    0 :    4 :    4 :  0.00 %
LP Comparator                 :    0 :    1 :    1 :  0.00 %
SAR ADC                       :    0 :    1 :    1 :  0.00 %
DAC                           :      :      :      :        
  7-bit IDAC                  :    0 :    1 :    1 :  0.00 %
  8-bit IDAC                  :    0 :    1 :    1 :  0.00 %
</CYPRESSTAG>
Technology Mapping: Elapsed time ==> 0s.022ms
Tech Mapping phase: Elapsed time ==> 0s.045ms
</CYPRESSTAG>
<CYPRESSTAG name="Analog Placement">
<CYPRESSTAG name="FFB & IO Pre Placement">
<CYPRESSTAG name="Placement" icon="FILE_RPT_PLACEMENT">

Cell                                : Block                              
=========================================================================
\UART_USB:tx(0)\                    : [IOP=(3)][IoId=(5)]                
\UART_USB:rx(0)\                    : [IOP=(3)][IoId=(4)]                
led_R_pin(0)                        : [IOP=(3)][IoId=(7)]                
led_G_pin(0)                        : [IOP=(1)][IoId=(3)]                
led_B_pin(0)                        : [IOP=(3)][IoId=(1)]                
\UART_IMU:tx(0)\                    : [IOP=(1)][IoId=(5)]                
\UART_IMU:rx(0)\                    : [IOP=(3)][IoId=(0)]                
ClockGenBlock                       : CLK_GEN_[FFB(CLK_GEN,0)]           
\UART_USB:SCB\                      : SCB_[FFB(SCB,1)]                   
\UART_IMU:SCB\                      : SCB_[FFB(SCB,0)]                   

</CYPRESSTAG>
</CYPRESSTAG>
<CYPRESSTAG name="Real Analog Placement">
Elapsed time ==> 0.0990365s
</CYPRESSTAG>
Analog Placement phase: Elapsed time ==> 0s.264ms
</CYPRESSTAG>
<CYPRESSTAG name="Analog Routing">
<CYPRESSTAG name="Analog Routing">
Route success=True, Iterations=1 Elapsed=0.0009287 secs
</CYPRESSTAG>
Analog Routing phase: Elapsed time ==> 0s.002ms
</CYPRESSTAG>
<CYPRESSTAG name="Analog Code Generation">
============ Analog Final Answer Routes ============
Dump of CyAnalogRoutingResultsDB
Map of net to items {
}
Map of item to net {
}
Mux Info {
}
Analog Code Generation phase: Elapsed time ==> 0s.013ms
</CYPRESSTAG>
<CYPRESSTAG name="Digital Placement">
<CYPRESSTAG name="Detailed placement messages">
I2659: No Constrained paths were found. The placer will run in non-timing driven mode.
I2076: Total run-time: 0.2 sec.

</CYPRESSTAG>
<CYPRESSTAG name="PLD Packing">
<CYPRESSTAG name="PLD Packing Summary">
No PLDs were packed.
</CYPRESSTAG>
PLD Packing: Elapsed time ==> 0s.000ms
</CYPRESSTAG>
<CYPRESSTAG name="Partitioning">
<CYPRESSTAG name="Initial Partitioning Summary">
Initial Partitioning Summary not displayed at this verbose level.</CYPRESSTAG>
<CYPRESSTAG name="Final Partitioning Summary">
Final Partitioning Summary not displayed at this verbose level.</CYPRESSTAG>
Partitioning: Elapsed time ==> 0s.009ms
</CYPRESSTAG>
<CYPRESSTAG name="Final Placement Summary">

------------------------------------------------------------
Final Placement Summary
------------------------------------------------------------

       Resource Type :      Count : Avg Inputs : Avg Outputs
    ========================================================
                 UDB :          1 :       0.00 :       0.00
<CYPRESSTAG name="Final Placement Details">
<CYPRESSTAG name="Component Details">

------------------------------------------------------------
Component Placement Details
------------------------------------------------------------
UDB [UDB=(0,0)] contents:
controlcell: Name =\LEDS:Control_reg:Sync:ctrl_reg\
    PORT MAP (
        control_7 => \LEDS:Control_reg:control_7\ ,
        control_6 => \LEDS:Control_reg:control_6\ ,
        control_5 => \LEDS:Control_reg:control_5\ ,
        control_4 => \LEDS:Control_reg:control_4\ ,
        control_3 => \LEDS:Control_reg:control_3\ ,
        control_2 => Net_47 ,
        control_1 => Net_46 ,
        control_0 => Net_45 );
    Properties:
    {
        cy_ctrl_mode_0 = "00000000"
        cy_ctrl_mode_1 = "00000000"
        cy_ext_reset = 0
        cy_force_order = 1
        cy_init_value = "00000111"
    }
    Clock Enable: True

UDB [UDB=(0,1)] is empty.
UDB [UDB=(1,0)] is empty.
UDB [UDB=(1,1)] is empty.
Intr container @ [IntrContainer=(0)]: 
  Intr@ [IntrContainer=(0)][IntrId=(9)] 
    interrupt: Name =\UART_IMU:SCB_IRQ\
        PORT MAP (
            interrupt => Net_50 );
        Properties:
        {
            int_type = "10"
            is_nmi = 0
        }
  Intr@ [IntrContainer=(0)][IntrId=(10)] 
    interrupt: Name =\UART_USB:SCB_IRQ\
        PORT MAP (
            interrupt => Net_25 );
        Properties:
        {
            int_type = "10"
            is_nmi = 0
        }
Drq container @ [DrqContainer=(0)]: empty
Port 0 contains the following IO cells:
Port 1 contains the following IO cells:
[IoId=3]: 
Pin : Name = led_G_pin(0)
    Attributes:
        In Group/Port: True
        In Sync Option: AUTO
        Out Sync Option: NOSYNC
        Interrupt generated: False
        Interrupt mode: NONE
        Drive mode: OPEN_DRAIN_LO
        VTrip: EITHER
        Slew: FAST
        Input Sync needed: False
        Output Sync needed: False
        SC shield enabled: False
        POR State: ANY
        LCD Mode: COMMON
        Register Mode: RegComb
        CaSense Mode: NEITHER
        Treat as pin: True
        Is OE Registered: False
        Uses Analog: False
        Can contain Digital: True
        Is SIO: False
        SIO Output Buf: NONREGULATED
        SIO Input Buf: SINGLE_ENDED
        SIO HiFreq: LOW
        SIO Hyst: DISABLED
        SIO Vtrip: MULTIPLIER_0_5
        SIO Multiplier Index: 0
        SIO RefSel: VCC_IO
        Required Capabilities: DIGITAL, ROUTABLE
        Initial Value: 1
        IO Voltage: 0
    PORT MAP (
        pa_out => led_G_pin(0)__PA ,
        pin_input => Net_46 ,
        annotation => Net_1659 ,
        pad => led_G_pin(0)_PAD );
    Properties:
    {
    }

[IoId=5]: 
Pin : Name = \UART_IMU:tx(0)\
    Attributes:
        In Group/Port: True
        In Sync Option: NOSYNC
        Out Sync Option: NOSYNC
        Interrupt generated: False
        Interrupt mode: NONE
        Drive mode: CMOS_OUT
        VTrip: CMOS
        Slew: FAST
        Input Sync needed: False
        Output Sync needed: False
        SC shield enabled: False
        POR State: ANY
        LCD Mode: COMMON
        Register Mode: RegComb
        CaSense Mode: NEITHER
        Treat as pin: True
        Is OE Registered: False
        Uses Analog: False
        Can contain Digital: True
        Is SIO: False
        SIO Output Buf: NONREGULATED
        SIO Input Buf: SINGLE_ENDED
        SIO HiFreq: LOW
        SIO Hyst: DISABLED
        SIO Vtrip: MULTIPLIER_0_5
        SIO Multiplier Index: 0
        SIO RefSel: VCC_IO
        Required Capabilities: DIGITAL
        Initial Value: 1
        IO Voltage: 0
    PORT MAP (
        pa_out => \UART_IMU:tx(0)\__PA ,
        pin_input => \UART_IMU:tx_wire\ ,
        pad => \UART_IMU:tx(0)_PAD\ );
    Properties:
    {
    }

Port 2 contains the following IO cells:
Port 3 contains the following IO cells:
[IoId=0]: 
Pin : Name = \UART_IMU:rx(0)\
    Attributes:
        In Group/Port: True
        In Sync Option: NOSYNC
        Out Sync Option: AUTO
        Interrupt generated: False
        Interrupt mode: NONE
        Drive mode: HI_Z_DIGITAL
        VTrip: CMOS
        Slew: FAST
        Input Sync needed: False
        Output Sync needed: False
        SC shield enabled: False
        POR State: ANY
        LCD Mode: COMMON
        Register Mode: RegComb
        CaSense Mode: NEITHER
        Treat as pin: True
        Is OE Registered: False
        Uses Analog: False
        Can contain Digital: True
        Is SIO: False
        SIO Output Buf: NONREGULATED
        SIO Input Buf: SINGLE_ENDED
        SIO HiFreq: LOW
        SIO Hyst: DISABLED
        SIO Vtrip: MULTIPLIER_0_5
        SIO Multiplier Index: 0
        SIO RefSel: VCC_IO
        Required Capabilities: DIGITAL
        Initial Value: 0
        IO Voltage: 0
    PORT MAP (
        pa_out => \UART_IMU:rx(0)\__PA ,
        fb => \UART_IMU:rx_wire\ ,
        pad => \UART_IMU:rx(0)_PAD\ );
    Properties:
    {
    }

[IoId=1]: 
Pin : Name = led_B_pin(0)
    Attributes:
        In Group/Port: True
        In Sync Option: AUTO
        Out Sync Option: NOSYNC
        Interrupt generated: False
        Interrupt mode: NONE
        Drive mode: OPEN_DRAIN_LO
        VTrip: EITHER
        Slew: FAST
        Input Sync needed: False
        Output Sync needed: False
        SC shield enabled: False
        POR State: ANY
        LCD Mode: COMMON
        Register Mode: RegComb
        CaSense Mode: NEITHER
        Treat as pin: True
        Is OE Registered: False
        Uses Analog: False
        Can contain Digital: True
        Is SIO: False
        SIO Output Buf: NONREGULATED
        SIO Input Buf: SINGLE_ENDED
        SIO HiFreq: LOW
        SIO Hyst: DISABLED
        SIO Vtrip: MULTIPLIER_0_5
        SIO Multiplier Index: 0
        SIO RefSel: VCC_IO
        Required Capabilities: DIGITAL, ROUTABLE
        Initial Value: 1
        IO Voltage: 0
    PORT MAP (
        pa_out => led_B_pin(0)__PA ,
        pin_input => Net_47 ,
        annotation => Net_1661 ,
        pad => led_B_pin(0)_PAD );
    Properties:
    {
    }

[IoId=4]: 
Pin : Name = \UART_USB:rx(0)\
    Attributes:
        In Group/Port: True
        In Sync Option: NOSYNC
        Out Sync Option: AUTO
        Interrupt generated: False
        Interrupt mode: NONE
        Drive mode: HI_Z_DIGITAL
        VTrip: CMOS
        Slew: FAST
        Input Sync needed: False
        Output Sync needed: False
        SC shield enabled: False
        POR State: ANY
        LCD Mode: COMMON
        Register Mode: RegComb
        CaSense Mode: NEITHER
        Treat as pin: True
        Is OE Registered: False
        Uses Analog: False
        Can contain Digital: True
        Is SIO: False
        SIO Output Buf: NONREGULATED
        SIO Input Buf: SINGLE_ENDED
        SIO HiFreq: LOW
        SIO Hyst: DISABLED
        SIO Vtrip: MULTIPLIER_0_5
        SIO Multiplier Index: 0
        SIO RefSel: VCC_IO
        Required Capabilities: DIGITAL
        Initial Value: 0
        IO Voltage: 0
    PORT MAP (
        pa_out => \UART_USB:rx(0)\__PA ,
        fb => \UART_USB:rx_wire\ ,
        pad => \UART_USB:rx(0)_PAD\ );
    Properties:
    {
    }

[IoId=5]: 
Pin : Name = \UART_USB:tx(0)\
    Attributes:
        In Group/Port: True
        In Sync Option: NOSYNC
        Out Sync Option: NOSYNC
        Interrupt generated: False
        Interrupt mode: NONE
        Drive mode: CMOS_OUT
        VTrip: CMOS
        Slew: FAST
        Input Sync needed: False
        Output Sync needed: False
        SC shield enabled: False
        POR State: ANY
        LCD Mode: COMMON
        Register Mode: RegComb
        CaSense Mode: NEITHER
        Treat as pin: True
        Is OE Registered: False
        Uses Analog: False
        Can contain Digital: True
        Is SIO: False
        SIO Output Buf: NONREGULATED
        SIO Input Buf: SINGLE_ENDED
        SIO HiFreq: LOW
        SIO Hyst: DISABLED
        SIO Vtrip: MULTIPLIER_0_5
        SIO Multiplier Index: 0
        SIO RefSel: VCC_IO
        Required Capabilities: DIGITAL
        Initial Value: 1
        IO Voltage: 0
    PORT MAP (
        pa_out => \UART_USB:tx(0)\__PA ,
        pin_input => \UART_USB:tx_wire\ ,
        pad => \UART_USB:tx(0)_PAD\ );
    Properties:
    {
    }

[IoId=7]: 
Pin : Name = led_R_pin(0)
    Attributes:
        In Group/Port: True
        In Sync Option: AUTO
        Out Sync Option: NOSYNC
        Interrupt generated: False
        Interrupt mode: NONE
        Drive mode: OPEN_DRAIN_LO
        VTrip: EITHER
        Slew: FAST
        Input Sync needed: False
        Output Sync needed: False
        SC shield enabled: False
        POR State: ANY
        LCD Mode: COMMON
        Register Mode: RegComb
        CaSense Mode: NEITHER
        Treat as pin: True
        Is OE Registered: False
        Uses Analog: False
        Can contain Digital: True
        Is SIO: False
        SIO Output Buf: NONREGULATED
        SIO Input Buf: SINGLE_ENDED
        SIO HiFreq: LOW
        SIO Hyst: DISABLED
        SIO Vtrip: MULTIPLIER_0_5
        SIO Multiplier Index: 0
        SIO RefSel: VCC_IO
        Required Capabilities: DIGITAL, ROUTABLE
        Initial Value: 1
        IO Voltage: 0
    PORT MAP (
        pa_out => led_R_pin(0)__PA ,
        pin_input => Net_45 ,
        annotation => Net_1664 ,
        pad => led_R_pin(0)_PAD );
    Properties:
    {
    }

Port 4 contains the following IO cells:
ARM group 0: empty
Clock group 0: 
    Clock Block @ F(Clock,0): 
    m0s8clockblockcell: Name =ClockBlock
        PORT MAP (
            hfclk => ClockBlock_HFClk ,
            imo => ClockBlock_IMO ,
            ext => ClockBlock_ExtClk ,
            sysclk => ClockBlock_SysClk ,
            eco => ClockBlock_ECO ,
            ilo => ClockBlock_ILO ,
            lfclk => ClockBlock_LFClk ,
            wco => ClockBlock_WCO ,
            dsi_in_0 => ClockBlock_Routed1 ,
            ff_div_1 => \UART_USB:Net_847_ff1\ ,
            ff_div_2 => \UART_IMU:Net_847_ff2\ );
        Properties:
        {
        }
LCD group 0: empty
PICU group 0: empty
LPCOMP group 0: empty
SCB group 0: 
    SCB Block @ F(SCB,0): 
    m0s8scbcell: Name =\UART_IMU:SCB\
        PORT MAP (
            clock => \UART_IMU:Net_847_ff2\ ,
            interrupt => Net_50 ,
            uart_rx => \UART_IMU:rx_wire\ ,
            uart_tx => \UART_IMU:tx_wire\ ,
            uart_rts => \UART_IMU:rts_wire\ ,
            mosi_m => \UART_IMU:mosi_m_wire\ ,
            select_m_3 => \UART_IMU:select_m_wire_3\ ,
            select_m_2 => \UART_IMU:select_m_wire_2\ ,
            select_m_1 => \UART_IMU:select_m_wire_1\ ,
            select_m_0 => \UART_IMU:select_m_wire_0\ ,
            sclk_m => \UART_IMU:sclk_m_wire\ ,
            miso_s => \UART_IMU:miso_s_wire\ ,
            tr_tx_req => Net_53 ,
            tr_rx_req => Net_52 );
        Properties:
        {
            cy_registers = ""
            scb_mode = 2
        }
    SCB Block @ F(SCB,1): 
    m0s8scbcell: Name =\UART_USB:SCB\
        PORT MAP (
            clock => \UART_USB:Net_847_ff1\ ,
            interrupt => Net_25 ,
            uart_rx => \UART_USB:rx_wire\ ,
            uart_tx => \UART_USB:tx_wire\ ,
            uart_rts => \UART_USB:rts_wire\ ,
            mosi_m => \UART_USB:mosi_m_wire\ ,
            select_m_3 => \UART_USB:select_m_wire_3\ ,
            select_m_2 => \UART_USB:select_m_wire_2\ ,
            select_m_1 => \UART_USB:select_m_wire_1\ ,
            select_m_0 => \UART_USB:select_m_wire_0\ ,
            sclk_m => \UART_USB:sclk_m_wire\ ,
            miso_s => \UART_USB:miso_s_wire\ ,
            tr_tx_req => Net_28 ,
            tr_rx_req => Net_27 );
        Properties:
        {
            cy_registers = ""
            scb_mode = 2
        }
CSD group 0: empty
CSIDAC8 group 0: empty
CSIDAC7 group 0: empty
TCPWM group 0: empty
OA group 0: empty
TEMP group 0: empty
SARADC group 0: empty
CLK_GEN group 0: 
    M0S8 Clock Gen Block @ F(CLK_GEN,0): 
    m0s8clockgenblockcell: Name =ClockGenBlock
        PORT MAP (
             );
        Properties:
        {
        }
LPCOMPBLOCK group 0: empty
PASSBLOCK group 0: empty
BLE group 0: empty
WCO group 0: empty
SRSS group 0: empty
CPUSS group 0: empty
IOSS group 0: empty
EXCO group 0: empty
</CYPRESSTAG>
<CYPRESSTAG name="Port Configuration Details">

------------------------------------------------------------
Port Configuration report
------------------------------------------------------------
     |     |       | Interrupt |                  |                  | 
Port | Pin | Fixed |      Type |       Drive Mode |             Name | Connections
-----+-----+-------+-----------+------------------+------------------+-----------------------
   1 |   3 |     * |      NONE |    OPEN_DRAIN_LO |     led_G_pin(0) | In(Net_46)
     |   5 |     * |      NONE |         CMOS_OUT | \UART_IMU:tx(0)\ | In(\UART_IMU:tx_wire\)
-----+-----+-------+-----------+------------------+------------------+-----------------------
   3 |   0 |     * |      NONE |     HI_Z_DIGITAL | \UART_IMU:rx(0)\ | FB(\UART_IMU:rx_wire\)
     |   1 |     * |      NONE |    OPEN_DRAIN_LO |     led_B_pin(0) | In(Net_47)
     |   4 |     * |      NONE |     HI_Z_DIGITAL | \UART_USB:rx(0)\ | FB(\UART_USB:rx_wire\)
     |   5 |     * |      NONE |         CMOS_OUT | \UART_USB:tx(0)\ | In(\UART_USB:tx_wire\)
     |   7 |     * |      NONE |    OPEN_DRAIN_LO |     led_R_pin(0) | In(Net_45)
---------------------------------------------------------------------------------------------
</CYPRESSTAG>
</CYPRESSTAG>
</CYPRESSTAG>
Digital component placer commit/Report: Elapsed time ==> 0s.014ms
Digital Placement phase: Elapsed time ==> 0s.407ms
</CYPRESSTAG>
<CYPRESSTAG name="Digital Routing">
"C:\Program Files (x86)\Cypress\PSoC Creator\4.2\PSoC Creator\bin/sjrouter.exe" --xml-path "C:\Program Files (x86)\Cypress\PSoC Creator\4.2\PSoC Creator\dev\psoc4/3/256dma/route_arch-rrg.cydata" --vh2-path "packetTesting_v1_4_r.vh2" --pcf-path "packetTesting_v1_4.pco" --des-name "packetTesting_v1_4" --dsf-path "packetTesting_v1_4.dsf" --sdc-path "packetTesting_v1_4.sdc" --lib-path "packetTesting_v1_4_r.lib"
Routing successful.
Digital Routing phase: Elapsed time ==> 0s.509ms
</CYPRESSTAG>
<CYPRESSTAG name="Bitstream Generation">
Bitstream Generation phase: Elapsed time ==> 0s.193ms
</CYPRESSTAG>
<CYPRESSTAG name="Bitstream Verification">
Bitstream Verification phase: Elapsed time ==> 0s.025ms
</CYPRESSTAG>
<CYPRESSTAG name="Static timing analysis">
Timing report is in packetTesting_v1_4_timing.html.
Static timing analysis phase: Elapsed time ==> 0s.142ms
</CYPRESSTAG>
<CYPRESSTAG name="Data reporting">
Data reporting phase: Elapsed time ==> 0s.000ms
</CYPRESSTAG>
<CYPRESSTAG name="Database update...">
Design database save phase: Elapsed time ==> 0s.157ms
</CYPRESSTAG>
cydsfit: Elapsed time ==> 1s.786ms
</CYPRESSTAG>
Fitter phase: Elapsed time ==> 1s.787ms
API generation phase: Elapsed time ==> 1s.646ms
Dependency generation phase: Elapsed time ==> 0s.016ms
Cleanup phase: Elapsed time ==> 0s.001ms
